.next/types/app/login/layout.ts(34,31): error TS2344: Type 'Readonly<{ children: ReactNode; }>' does not satisfy the constraint 'LayoutProps'.
  Types of property 'children' are incompatible.
    Type 'import("C:/Users/KISHORE S/OneDrive/Desktop/csc/Climate-Smart-Cafeteria/node_modules/@types/react/index").ReactNode' is not assignable to type 'React.ReactNode'.
      Type 'ReactElement<unknown, string | JSXElementConstructor<any>>' is not assignable to type 'ReactNode'.
        Property 'children' is missing in type 'ReactElement<unknown, string | JSXElementConstructor<any>>' but required in type 'ReactPortal'.
app/api/auth/signup/route.ts(61,35): error TS2339: Property 'PrismaClientKnownRequestError' does not exist on type 'typeof Prisma'.
app/api/auth/signup/route.ts(63,13): error TS18046: 'error' is of type 'unknown'.
app/dashboard/page.tsx(25,10): error TS2786: 'Tabs' cannot be used as a JSX component.
  Its type 'ForwardRefExoticComponent<TabsProps & RefAttributes<HTMLDivElement>>' is not a valid JSX element type.
    Type 'ForwardRefExoticComponent<TabsProps & RefAttributes<HTMLDivElement>>' is not assignable to type '(props: any) => ReactNode | Promise<ReactNode>'.
      Type 'ReactNode' is not assignable to type 'ReactNode | Promise<ReactNode>'.
        Type 'ReactElement<unknown, string | JSXElementConstructor<any>>' is not assignable to type 'ReactNode | Promise<ReactNode>'.
          Property 'children' is missing in type 'ReactElement<unknown, string | JSXElementConstructor<any>>' but required in type 'ReactPortal'.
app/dashboard/page.tsx(26,12): error TS2786: 'TabsList' cannot be used as a JSX component.
  Its type 'ForwardRefExoticComponent<Omit<TabsListProps & RefAttributes<HTMLDivElement>, "ref"> & RefAttributes<HTMLDivElement>>' is not a valid JSX element type.
    Type 'ForwardRefExoticComponent<Omit<TabsListProps & RefAttributes<HTMLDivElement>, "ref"> & RefAttributes<HTMLDivElement>>' is not assignable to type '(props: any) => ReactNode | Promise<ReactNode>'.
      Type 'ReactNode' is not assignable to type 'ReactNode | Promise<ReactNode>'.
        Type 'ReactElement<unknown, string | JSXElementConstructor<any>>' is not assignable to type 'ReactNode | Promise<ReactNode>'.
          Property 'children' is missing in type 'ReactElement<unknown, string | JSXElementConstructor<any>>' but required in type 'ReactPortal'.
app/dashboard/page.tsx(27,14): error TS2786: 'TabsTrigger' cannot be used as a JSX component.
  Its type 'ForwardRefExoticComponent<Omit<TabsTriggerProps & RefAttributes<HTMLButtonElement>, "ref"> & RefAttributes<HTMLButtonElement>>' is not a valid JSX element type.
    Type 'ForwardRefExoticComponent<Omit<TabsTriggerProps & RefAttributes<HTMLButtonElement>, "ref"> & RefAttributes<HTMLButtonElement>>' is not assignable to type '(props: any) => ReactNode | Promise<ReactNode>'.
      Type 'ReactNode' is not assignable to type 'ReactNode | Promise<ReactNode>'.
        Type 'ReactElement<unknown, string | JSXElementConstructor<any>>' is not assignable to type 'ReactNode | Promise<ReactNode>'.
          Property 'children' is missing in type 'ReactElement<unknown, string | JSXElementConstructor<any>>' but required in type 'ReactPortal'.
app/dashboard/page.tsx(28,14): error TS2786: 'TabsTrigger' cannot be used as a JSX component.
  Its type 'ForwardRefExoticComponent<Omit<TabsTriggerProps & RefAttributes<HTMLButtonElement>, "ref"> & RefAttributes<HTMLButtonElement>>' is not a valid JSX element type.
    Type 'ForwardRefExoticComponent<Omit<TabsTriggerProps & RefAttributes<HTMLButtonElement>, "ref"> & RefAttributes<HTMLButtonElement>>' is not assignable to type '(props: any) => ReactNode | Promise<ReactNode>'.
      Type 'ReactNode' is not assignable to type 'ReactNode | Promise<ReactNode>'.
        Type 'ReactElement<unknown, string | JSXElementConstructor<any>>' is not assignable to type 'ReactNode | Promise<ReactNode>'.
          Property 'children' is missing in type 'ReactElement<unknown, string | JSXElementConstructor<any>>' but required in type 'ReactPortal'.
app/dashboard/page.tsx(31,12): error TS2786: 'TabsContent' cannot be used as a JSX component.
  Its type 'ForwardRefExoticComponent<Omit<TabsContentProps & RefAttributes<HTMLDivElement>, "ref"> & RefAttributes<HTMLDivElement>>' is not a valid JSX element type.
    Type 'ForwardRefExoticComponent<Omit<TabsContentProps & RefAttributes<HTMLDivElement>, "ref"> & RefAttributes<HTMLDivElement>>' is not assignable to type '(props: any) => ReactNode | Promise<ReactNode>'.
      Type 'ReactNode' is not assignable to type 'ReactNode | Promise<ReactNode>'.
        Type 'ReactElement<unknown, string | JSXElementConstructor<any>>' is not assignable to type 'ReactNode | Promise<ReactNode>'.
          Property 'children' is missing in type 'ReactElement<unknown, string | JSXElementConstructor<any>>' but required in type 'ReactPortal'.
app/dashboard/page.tsx(34,16): error TS2786: 'Card' cannot be used as a JSX component.
  Its type 'ForwardRefExoticComponent<HTMLAttributes<HTMLDivElement> & RefAttributes<HTMLDivElement>>' is not a valid JSX element type.
    Type 'ForwardRefExoticComponent<HTMLAttributes<HTMLDivElement> & RefAttributes<HTMLDivElement>>' is not assignable to type '(props: any) => ReactNode | Promise<ReactNode>'.
      Type 'ReactNode' is not assignable to type 'ReactNode | Promise<ReactNode>'.
        Type 'ReactElement<unknown, string | JSXElementConstructor<any>>' is not assignable to type 'ReactNode | Promise<ReactNode>'.
          Property 'children' is missing in type 'ReactElement<unknown, string | JSXElementConstructor<any>>' but required in type 'ReactPortal'.
app/dashboard/page.tsx(35,18): error TS2786: 'CardHeader' cannot be used as a JSX component.
  Its type 'ForwardRefExoticComponent<HTMLAttributes<HTMLDivElement> & RefAttributes<HTMLDivElement>>' is not a valid JSX element type.
    Type 'ForwardRefExoticComponent<HTMLAttributes<HTMLDivElement> & RefAttributes<HTMLDivElement>>' is not assignable to type '(props: any) => ReactNode | Promise<ReactNode>'.
      Type 'ReactNode' is not assignable to type 'ReactNode | Promise<ReactNode>'.
        Type 'ReactElement<unknown, string | JSXElementConstructor<any>>' is not assignable to type 'ReactNode | Promise<ReactNode>'.
          Property 'children' is missing in type 'ReactElement<unknown, string | JSXElementConstructor<any>>' but required in type 'ReactPortal'.
app/dashboard/page.tsx(36,20): error TS2786: 'CardTitle' cannot be used as a JSX component.
  Its type 'ForwardRefExoticComponent<HTMLAttributes<HTMLDivElement> & RefAttributes<HTMLDivElement>>' is not a valid JSX element type.
    Type 'ForwardRefExoticComponent<HTMLAttributes<HTMLDivElement> & RefAttributes<HTMLDivElement>>' is not assignable to type '(props: any) => ReactNode | Promise<ReactNode>'.
      Type 'ReactNode' is not assignable to type 'ReactNode | Promise<ReactNode>'.
        Type 'ReactElement<unknown, string | JSXElementConstructor<any>>' is not assignable to type 'ReactNode | Promise<ReactNode>'.
          Property 'children' is missing in type 'ReactElement<unknown, string | JSXElementConstructor<any>>' but required in type 'ReactPortal'.
app/dashboard/page.tsx(38,18): error TS2786: 'CardContent' cannot be used as a JSX component.
  Its type 'ForwardRefExoticComponent<HTMLAttributes<HTMLDivElement> & RefAttributes<HTMLDivElement>>' is not a valid JSX element type.
    Type 'ForwardRefExoticComponent<HTMLAttributes<HTMLDivElement> & RefAttributes<HTMLDivElement>>' is not assignable to type '(props: any) => ReactNode | Promise<ReactNode>'.
      Type 'ReactNode' is not assignable to type 'ReactNode | Promise<ReactNode>'.
        Type 'ReactElement<unknown, string | JSXElementConstructor<any>>' is not assignable to type 'ReactNode | Promise<ReactNode>'.
          Property 'children' is missing in type 'ReactElement<unknown, string | JSXElementConstructor<any>>' but required in type 'ReactPortal'.
app/dashboard/page.tsx(43,22): error TS2786: 'TrendingUp' cannot be used as a JSX component.
  Its type 'ForwardRefExoticComponent<Omit<LucideProps, "ref"> & RefAttributes<SVGSVGElement>>' is not a valid JSX element type.
    Type 'ForwardRefExoticComponent<Omit<LucideProps, "ref"> & RefAttributes<SVGSVGElement>>' is not assignable to type '(props: any) => ReactNode | Promise<ReactNode>'.
      Type 'ReactNode' is not assignable to type 'ReactNode | Promise<ReactNode>'.
        Type 'ReactElement<unknown, string | JSXElementConstructor<any>>' is not assignable to type 'ReactNode | Promise<ReactNode>'.
          Property 'children' is missing in type 'ReactElement<unknown, string | JSXElementConstructor<any>>' but required in type 'ReactPortal'.
app/dashboard/page.tsx(50,16): error TS2786: 'Card' cannot be used as a JSX component.
  Its type 'ForwardRefExoticComponent<HTMLAttributes<HTMLDivElement> & RefAttributes<HTMLDivElement>>' is not a valid JSX element type.
    Type 'ForwardRefExoticComponent<HTMLAttributes<HTMLDivElement> & RefAttributes<HTMLDivElement>>' is not assignable to type '(props: any) => ReactNode | Promise<ReactNode>'.
      Type 'ReactNode' is not assignable to type 'ReactNode | Promise<ReactNode>'.
        Type 'ReactElement<unknown, string | JSXElementConstructor<any>>' is not assignable to type 'ReactNode | Promise<ReactNode>'.
          Property 'children' is missing in type 'ReactElement<unknown, string | JSXElementConstructor<any>>' but required in type 'ReactPortal'.
app/dashboard/page.tsx(51,18): error TS2786: 'CardHeader' cannot be used as a JSX component.
  Its type 'ForwardRefExoticComponent<HTMLAttributes<HTMLDivElement> & RefAttributes<HTMLDivElement>>' is not a valid JSX element type.
    Type 'ForwardRefExoticComponent<HTMLAttributes<HTMLDivElement> & RefAttributes<HTMLDivElement>>' is not assignable to type '(props: any) => ReactNode | Promise<ReactNode>'.
      Type 'ReactNode' is not assignable to type 'ReactNode | Promise<ReactNode>'.
        Type 'ReactElement<unknown, string | JSXElementConstructor<any>>' is not assignable to type 'ReactNode | Promise<ReactNode>'.
          Property 'children' is missing in type 'ReactElement<unknown, string | JSXElementConstructor<any>>' but required in type 'ReactPortal'.
app/dashboard/page.tsx(52,20): error TS2786: 'CardTitle' cannot be used as a JSX component.
  Its type 'ForwardRefExoticComponent<HTMLAttributes<HTMLDivElement> & RefAttributes<HTMLDivElement>>' is not a valid JSX element type.
    Type 'ForwardRefExoticComponent<HTMLAttributes<HTMLDivElement> & RefAttributes<HTMLDivElement>>' is not assignable to type '(props: any) => ReactNode | Promise<ReactNode>'.
      Type 'ReactNode' is not assignable to type 'ReactNode | Promise<ReactNode>'.
        Type 'ReactElement<unknown, string | JSXElementConstructor<any>>' is not assignable to type 'ReactNode | Promise<ReactNode>'.
          Property 'children' is missing in type 'ReactElement<unknown, string | JSXElementConstructor<any>>' but required in type 'ReactPortal'.
app/dashboard/page.tsx(54,18): error TS2786: 'CardContent' cannot be used as a JSX component.
  Its type 'ForwardRefExoticComponent<HTMLAttributes<HTMLDivElement> & RefAttributes<HTMLDivElement>>' is not a valid JSX element type.
    Type 'ForwardRefExoticComponent<HTMLAttributes<HTMLDivElement> & RefAttributes<HTMLDivElement>>' is not assignable to type '(props: any) => ReactNode | Promise<ReactNode>'.
      Type 'ReactNode' is not assignable to type 'ReactNode | Promise<ReactNode>'.
        Type 'ReactElement<unknown, string | JSXElementConstructor<any>>' is not assignable to type 'ReactNode | Promise<ReactNode>'.
          Property 'children' is missing in type 'ReactElement<unknown, string | JSXElementConstructor<any>>' but required in type 'ReactPortal'.
app/dashboard/page.tsx(59,22): error TS2786: 'TrendingUp' cannot be used as a JSX component.
  Its type 'ForwardRefExoticComponent<Omit<LucideProps, "ref"> & RefAttributes<SVGSVGElement>>' is not a valid JSX element type.
    Type 'ForwardRefExoticComponent<Omit<LucideProps, "ref"> & RefAttributes<SVGSVGElement>>' is not assignable to type '(props: any) => ReactNode | Promise<ReactNode>'.
      Type 'ReactNode' is not assignable to type 'ReactNode | Promise<ReactNode>'.
        Type 'ReactElement<unknown, string | JSXElementConstructor<any>>' is not assignable to type 'ReactNode | Promise<ReactNode>'.
          Property 'children' is missing in type 'ReactElement<unknown, string | JSXElementConstructor<any>>' but required in type 'ReactPortal'.
app/dashboard/page.tsx(66,16): error TS2786: 'Card' cannot be used as a JSX component.
  Its type 'ForwardRefExoticComponent<HTMLAttributes<HTMLDivElement> & RefAttributes<HTMLDivElement>>' is not a valid JSX element type.
    Type 'ForwardRefExoticComponent<HTMLAttributes<HTMLDivElement> & RefAttributes<HTMLDivElement>>' is not assignable to type '(props: any) => ReactNode | Promise<ReactNode>'.
      Type 'ReactNode' is not assignable to type 'ReactNode | Promise<ReactNode>'.
        Type 'ReactElement<unknown, string | JSXElementConstructor<any>>' is not assignable to type 'ReactNode | Promise<ReactNode>'.
          Property 'children' is missing in type 'ReactElement<unknown, string | JSXElementConstructor<any>>' but required in type 'ReactPortal'.
app/dashboard/page.tsx(67,18): error TS2786: 'CardHeader' cannot be used as a JSX component.
  Its type 'ForwardRefExoticComponent<HTMLAttributes<HTMLDivElement> & RefAttributes<HTMLDivElement>>' is not a valid JSX element type.
    Type 'ForwardRefExoticComponent<HTMLAttributes<HTMLDivElement> & RefAttributes<HTMLDivElement>>' is not assignable to type '(props: any) => ReactNode | Promise<ReactNode>'.
      Type 'ReactNode' is not assignable to type 'ReactNode | Promise<ReactNode>'.
        Type 'ReactElement<unknown, string | JSXElementConstructor<any>>' is not assignable to type 'ReactNode | Promise<ReactNode>'.
          Property 'children' is missing in type 'ReactElement<unknown, string | JSXElementConstructor<any>>' but required in type 'ReactPortal'.
app/dashboard/page.tsx(68,20): error TS2786: 'CardTitle' cannot be used as a JSX component.
  Its type 'ForwardRefExoticComponent<HTMLAttributes<HTMLDivElement> & RefAttributes<HTMLDivElement>>' is not a valid JSX element type.
    Type 'ForwardRefExoticComponent<HTMLAttributes<HTMLDivElement> & RefAttributes<HTMLDivElement>>' is not assignable to type '(props: any) => ReactNode | Promise<ReactNode>'.
      Type 'ReactNode' is not assignable to type 'ReactNode | Promise<ReactNode>'.
        Type 'ReactElement<unknown, string | JSXElementConstructor<any>>' is not assignable to type 'ReactNode | Promise<ReactNode>'.
          Property 'children' is missing in type 'ReactElement<unknown, string | JSXElementConstructor<any>>' but required in type 'ReactPortal'.
app/dashboard/page.tsx(70,18): error TS2786: 'CardContent' cannot be used as a JSX component.
  Its type 'ForwardRefExoticComponent<HTMLAttributes<HTMLDivElement> & RefAttributes<HTMLDivElement>>' is not a valid JSX element type.
    Type 'ForwardRefExoticComponent<HTMLAttributes<HTMLDivElement> & RefAttributes<HTMLDivElement>>' is not assignable to type '(props: any) => ReactNode | Promise<ReactNode>'.
      Type 'ReactNode' is not assignable to type 'ReactNode | Promise<ReactNode>'.
        Type 'ReactElement<unknown, string | JSXElementConstructor<any>>' is not assignable to type 'ReactNode | Promise<ReactNode>'.
          Property 'children' is missing in type 'ReactElement<unknown, string | JSXElementConstructor<any>>' but required in type 'ReactPortal'.
app/dashboard/page.tsx(73,22): error TS2786: 'Award' cannot be used as a JSX component.
  Its type 'ForwardRefExoticComponent<Omit<LucideProps, "ref"> & RefAttributes<SVGSVGElement>>' is not a valid JSX element type.
    Type 'ForwardRefExoticComponent<Omit<LucideProps, "ref"> & RefAttributes<SVGSVGElement>>' is not assignable to type '(props: any) => ReactNode | Promise<ReactNode>'.
      Type 'ReactNode' is not assignable to type 'ReactNode | Promise<ReactNode>'.
        Type 'ReactElement<unknown, string | JSXElementConstructor<any>>' is not assignable to type 'ReactNode | Promise<ReactNode>'.
          Property 'children' is missing in type 'ReactElement<unknown, string | JSXElementConstructor<any>>' but required in type 'ReactPortal'.
app/dashboard/page.tsx(81,14): error TS2786: 'Card' cannot be used as a JSX component.
  Its type 'ForwardRefExoticComponent<HTMLAttributes<HTMLDivElement> & RefAttributes<HTMLDivElement>>' is not a valid JSX element type.
    Type 'ForwardRefExoticComponent<HTMLAttributes<HTMLDivElement> & RefAttributes<HTMLDivElement>>' is not assignable to type '(props: any) => ReactNode | Promise<ReactNode>'.
      Type 'ReactNode' is not assignable to type 'ReactNode | Promise<ReactNode>'.
        Type 'ReactElement<unknown, string | JSXElementConstructor<any>>' is not assignable to type 'ReactNode | Promise<ReactNode>'.
          Property 'children' is missing in type 'ReactElement<unknown, string | JSXElementConstructor<any>>' but required in type 'ReactPortal'.
app/dashboard/page.tsx(82,16): error TS2786: 'CardHeader' cannot be used as a JSX component.
  Its type 'ForwardRefExoticComponent<HTMLAttributes<HTMLDivElement> & RefAttributes<HTMLDivElement>>' is not a valid JSX element type.
    Type 'ForwardRefExoticComponent<HTMLAttributes<HTMLDivElement> & RefAttributes<HTMLDivElement>>' is not assignable to type '(props: any) => ReactNode | Promise<ReactNode>'.
      Type 'ReactNode' is not assignable to type 'ReactNode | Promise<ReactNode>'.
        Type 'ReactElement<unknown, string | JSXElementConstructor<any>>' is not assignable to type 'ReactNode | Promise<ReactNode>'.
          Property 'children' is missing in type 'ReactElement<unknown, string | JSXElementConstructor<any>>' but required in type 'ReactPortal'.
app/dashboard/page.tsx(83,18): error TS2786: 'CardTitle' cannot be used as a JSX component.
  Its type 'ForwardRefExoticComponent<HTMLAttributes<HTMLDivElement> & RefAttributes<HTMLDivElement>>' is not a valid JSX element type.
    Type 'ForwardRefExoticComponent<HTMLAttributes<HTMLDivElement> & RefAttributes<HTMLDivElement>>' is not assignable to type '(props: any) => ReactNode | Promise<ReactNode>'.
      Type 'ReactNode' is not assignable to type 'ReactNode | Promise<ReactNode>'.
        Type 'ReactElement<unknown, string | JSXElementConstructor<any>>' is not assignable to type 'ReactNode | Promise<ReactNode>'.
          Property 'children' is missing in type 'ReactElement<unknown, string | JSXElementConstructor<any>>' but required in type 'ReactPortal'.
app/dashboard/page.tsx(84,18): error TS2786: 'CardDescription' cannot be used as a JSX component.
  Its type 'ForwardRefExoticComponent<HTMLAttributes<HTMLDivElement> & RefAttributes<HTMLDivElement>>' is not a valid JSX element type.
    Type 'ForwardRefExoticComponent<HTMLAttributes<HTMLDivElement> & RefAttributes<HTMLDivElement>>' is not assignable to type '(props: any) => ReactNode | Promise<ReactNode>'.
      Type 'ReactNode' is not assignable to type 'ReactNode | Promise<ReactNode>'.
        Type 'ReactElement<unknown, string | JSXElementConstructor<any>>' is not assignable to type 'ReactNode | Promise<ReactNode>'.
          Property 'children' is missing in type 'ReactElement<unknown, string | JSXElementConstructor<any>>' but required in type 'ReactPortal'.
app/dashboard/page.tsx(86,16): error TS2786: 'CardContent' cannot be used as a JSX component.
  Its type 'ForwardRefExoticComponent<HTMLAttributes<HTMLDivElement> & RefAttributes<HTMLDivElement>>' is not a valid JSX element type.
    Type 'ForwardRefExoticComponent<HTMLAttributes<HTMLDivElement> & RefAttributes<HTMLDivElement>>' is not assignable to type '(props: any) => ReactNode | Promise<ReactNode>'.
      Type 'ReactNode' is not assignable to type 'ReactNode | Promise<ReactNode>'.
        Type 'ReactElement<unknown, string | JSXElementConstructor<any>>' is not assignable to type 'ReactNode | Promise<ReactNode>'.
          Property 'children' is missing in type 'ReactElement<unknown, string | JSXElementConstructor<any>>' but required in type 'ReactPortal'.
app/dashboard/page.tsx(118,12): error TS2786: 'TabsContent' cannot be used as a JSX component.
  Its type 'ForwardRefExoticComponent<Omit<TabsContentProps & RefAttributes<HTMLDivElement>, "ref"> & RefAttributes<HTMLDivElement>>' is not a valid JSX element type.
    Type 'ForwardRefExoticComponent<Omit<TabsContentProps & RefAttributes<HTMLDivElement>, "ref"> & RefAttributes<HTMLDivElement>>' is not assignable to type '(props: any) => ReactNode | Promise<ReactNode>'.
      Type 'ReactNode' is not assignable to type 'ReactNode | Promise<ReactNode>'.
        Type 'ReactElement<unknown, string | JSXElementConstructor<any>>' is not assignable to type 'ReactNode | Promise<ReactNode>'.
          Property 'children' is missing in type 'ReactElement<unknown, string | JSXElementConstructor<any>>' but required in type 'ReactPortal'.
app/dashboard/page.tsx(120,16): error TS2786: 'Card' cannot be used as a JSX component.
  Its type 'ForwardRefExoticComponent<HTMLAttributes<HTMLDivElement> & RefAttributes<HTMLDivElement>>' is not a valid JSX element type.
    Type 'ForwardRefExoticComponent<HTMLAttributes<HTMLDivElement> & RefAttributes<HTMLDivElement>>' is not assignable to type '(props: any) => ReactNode | Promise<ReactNode>'.
      Type 'ReactNode' is not assignable to type 'ReactNode | Promise<ReactNode>'.
        Type 'ReactElement<unknown, string | JSXElementConstructor<any>>' is not assignable to type 'ReactNode | Promise<ReactNode>'.
          Property 'children' is missing in type 'ReactElement<unknown, string | JSXElementConstructor<any>>' but required in type 'ReactPortal'.
app/dashboard/page.tsx(121,18): error TS2786: 'CardHeader' cannot be used as a JSX component.
  Its type 'ForwardRefExoticComponent<HTMLAttributes<HTMLDivElement> & RefAttributes<HTMLDivElement>>' is not a valid JSX element type.
    Type 'ForwardRefExoticComponent<HTMLAttributes<HTMLDivElement> & RefAttributes<HTMLDivElement>>' is not assignable to type '(props: any) => ReactNode | Promise<ReactNode>'.
      Type 'ReactNode' is not assignable to type 'ReactNode | Promise<ReactNode>'.
        Type 'ReactElement<unknown, string | JSXElementConstructor<any>>' is not assignable to type 'ReactNode | Promise<ReactNode>'.
          Property 'children' is missing in type 'ReactElement<unknown, string | JSXElementConstructor<any>>' but required in type 'ReactPortal'.
app/dashboard/page.tsx(122,20): error TS2786: 'CardTitle' cannot be used as a JSX component.
  Its type 'ForwardRefExoticComponent<HTMLAttributes<HTMLDivElement> & RefAttributes<HTMLDivElement>>' is not a valid JSX element type.
    Type 'ForwardRefExoticComponent<HTMLAttributes<HTMLDivElement> & RefAttributes<HTMLDivElement>>' is not assignable to type '(props: any) => ReactNode | Promise<ReactNode>'.
      Type 'ReactNode' is not assignable to type 'ReactNode | Promise<ReactNode>'.
        Type 'ReactElement<unknown, string | JSXElementConstructor<any>>' is not assignable to type 'ReactNode | Promise<ReactNode>'.
          Property 'children' is missing in type 'ReactElement<unknown, string | JSXElementConstructor<any>>' but required in type 'ReactPortal'.
app/dashboard/page.tsx(124,18): error TS2786: 'CardContent' cannot be used as a JSX component.
  Its type 'ForwardRefExoticComponent<HTMLAttributes<HTMLDivElement> & RefAttributes<HTMLDivElement>>' is not a valid JSX element type.
    Type 'ForwardRefExoticComponent<HTMLAttributes<HTMLDivElement> & RefAttributes<HTMLDivElement>>' is not assignable to type '(props: any) => ReactNode | Promise<ReactNode>'.
      Type 'ReactNode' is not assignable to type 'ReactNode | Promise<ReactNode>'.
        Type 'ReactElement<unknown, string | JSXElementConstructor<any>>' is not assignable to type 'ReactNode | Promise<ReactNode>'.
          Property 'children' is missing in type 'ReactElement<unknown, string | JSXElementConstructor<any>>' but required in type 'ReactPortal'.
app/dashboard/page.tsx(127,22): error TS2786: 'TrendingUp' cannot be used as a JSX component.
  Its type 'ForwardRefExoticComponent<Omit<LucideProps, "ref"> & RefAttributes<SVGSVGElement>>' is not a valid JSX element type.
    Type 'ForwardRefExoticComponent<Omit<LucideProps, "ref"> & RefAttributes<SVGSVGElement>>' is not assignable to type '(props: any) => ReactNode | Promise<ReactNode>'.
      Type 'ReactNode' is not assignable to type 'ReactNode | Promise<ReactNode>'.
        Type 'ReactElement<unknown, string | JSXElementConstructor<any>>' is not assignable to type 'ReactNode | Promise<ReactNode>'.
          Property 'children' is missing in type 'ReactElement<unknown, string | JSXElementConstructor<any>>' but required in type 'ReactPortal'.
app/dashboard/page.tsx(134,16): error TS2786: 'Card' cannot be used as a JSX component.
  Its type 'ForwardRefExoticComponent<HTMLAttributes<HTMLDivElement> & RefAttributes<HTMLDivElement>>' is not a valid JSX element type.
    Type 'ForwardRefExoticComponent<HTMLAttributes<HTMLDivElement> & RefAttributes<HTMLDivElement>>' is not assignable to type '(props: any) => ReactNode | Promise<ReactNode>'.
      Type 'ReactNode' is not assignable to type 'ReactNode | Promise<ReactNode>'.
        Type 'ReactElement<unknown, string | JSXElementConstructor<any>>' is not assignable to type 'ReactNode | Promise<ReactNode>'.
          Property 'children' is missing in type 'ReactElement<unknown, string | JSXElementConstructor<any>>' but required in type 'ReactPortal'.
app/dashboard/page.tsx(135,18): error TS2786: 'CardHeader' cannot be used as a JSX component.
  Its type 'ForwardRefExoticComponent<HTMLAttributes<HTMLDivElement> & RefAttributes<HTMLDivElement>>' is not a valid JSX element type.
    Type 'ForwardRefExoticComponent<HTMLAttributes<HTMLDivElement> & RefAttributes<HTMLDivElement>>' is not assignable to type '(props: any) => ReactNode | Promise<ReactNode>'.
      Type 'ReactNode' is not assignable to type 'ReactNode | Promise<ReactNode>'.
        Type 'ReactElement<unknown, string | JSXElementConstructor<any>>' is not assignable to type 'ReactNode | Promise<ReactNode>'.
          Property 'children' is missing in type 'ReactElement<unknown, string | JSXElementConstructor<any>>' but required in type 'ReactPortal'.
app/dashboard/page.tsx(136,20): error TS2786: 'CardTitle' cannot be used as a JSX component.
  Its type 'ForwardRefExoticComponent<HTMLAttributes<HTMLDivElement> & RefAttributes<HTMLDivElement>>' is not a valid JSX element type.
    Type 'ForwardRefExoticComponent<HTMLAttributes<HTMLDivElement> & RefAttributes<HTMLDivElement>>' is not assignable to type '(props: any) => ReactNode | Promise<ReactNode>'.
      Type 'ReactNode' is not assignable to type 'ReactNode | Promise<ReactNode>'.
        Type 'ReactElement<unknown, string | JSXElementConstructor<any>>' is not assignable to type 'ReactNode | Promise<ReactNode>'.
          Property 'children' is missing in type 'ReactElement<unknown, string | JSXElementConstructor<any>>' but required in type 'ReactPortal'.
app/dashboard/page.tsx(138,18): error TS2786: 'CardContent' cannot be used as a JSX component.
  Its type 'ForwardRefExoticComponent<HTMLAttributes<HTMLDivElement> & RefAttributes<HTMLDivElement>>' is not a valid JSX element type.
    Type 'ForwardRefExoticComponent<HTMLAttributes<HTMLDivElement> & RefAttributes<HTMLDivElement>>' is not assignable to type '(props: any) => ReactNode | Promise<ReactNode>'.
      Type 'ReactNode' is not assignable to type 'ReactNode | Promise<ReactNode>'.
        Type 'ReactElement<unknown, string | JSXElementConstructor<any>>' is not assignable to type 'ReactNode | Promise<ReactNode>'.
          Property 'children' is missing in type 'ReactElement<unknown, string | JSXElementConstructor<any>>' but required in type 'ReactPortal'.
app/dashboard/page.tsx(143,22): error TS2786: 'MapPin' cannot be used as a JSX component.
  Its type 'ForwardRefExoticComponent<Omit<LucideProps, "ref"> & RefAttributes<SVGSVGElement>>' is not a valid JSX element type.
    Type 'ForwardRefExoticComponent<Omit<LucideProps, "ref"> & RefAttributes<SVGSVGElement>>' is not assignable to type '(props: any) => ReactNode | Promise<ReactNode>'.
      Type 'ReactNode' is not assignable to type 'ReactNode | Promise<ReactNode>'.
        Type 'ReactElement<unknown, string | JSXElementConstructor<any>>' is not assignable to type 'ReactNode | Promise<ReactNode>'.
          Property 'children' is missing in type 'ReactElement<unknown, string | JSXElementConstructor<any>>' but required in type 'ReactPortal'.
app/dashboard/page.tsx(149,16): error TS2786: 'Card' cannot be used as a JSX component.
  Its type 'ForwardRefExoticComponent<HTMLAttributes<HTMLDivElement> & RefAttributes<HTMLDivElement>>' is not a valid JSX element type.
    Type 'ForwardRefExoticComponent<HTMLAttributes<HTMLDivElement> & RefAttributes<HTMLDivElement>>' is not assignable to type '(props: any) => ReactNode | Promise<ReactNode>'.
      Type 'ReactNode' is not assignable to type 'ReactNode | Promise<ReactNode>'.
        Type 'ReactElement<unknown, string | JSXElementConstructor<any>>' is not assignable to type 'ReactNode | Promise<ReactNode>'.
          Property 'children' is missing in type 'ReactElement<unknown, string | JSXElementConstructor<any>>' but required in type 'ReactPortal'.
app/dashboard/page.tsx(150,18): error TS2786: 'CardHeader' cannot be used as a JSX component.
  Its type 'ForwardRefExoticComponent<HTMLAttributes<HTMLDivElement> & RefAttributes<HTMLDivElement>>' is not a valid JSX element type.
    Type 'ForwardRefExoticComponent<HTMLAttributes<HTMLDivElement> & RefAttributes<HTMLDivElement>>' is not assignable to type '(props: any) => ReactNode | Promise<ReactNode>'.
      Type 'ReactNode' is not assignable to type 'ReactNode | Promise<ReactNode>'.
        Type 'ReactElement<unknown, string | JSXElementConstructor<any>>' is not assignable to type 'ReactNode | Promise<ReactNode>'.
          Property 'children' is missing in type 'ReactElement<unknown, string | JSXElementConstructor<any>>' but required in type 'ReactPortal'.
app/dashboard/page.tsx(151,20): error TS2786: 'CardTitle' cannot be used as a JSX component.
  Its type 'ForwardRefExoticComponent<HTMLAttributes<HTMLDivElement> & RefAttributes<HTMLDivElement>>' is not a valid JSX element type.
    Type 'ForwardRefExoticComponent<HTMLAttributes<HTMLDivElement> & RefAttributes<HTMLDivElement>>' is not assignable to type '(props: any) => ReactNode | Promise<ReactNode>'.
      Type 'ReactNode' is not assignable to type 'ReactNode | Promise<ReactNode>'.
        Type 'ReactElement<unknown, string | JSXElementConstructor<any>>' is not assignable to type 'ReactNode | Promise<ReactNode>'.
          Property 'children' is missing in type 'ReactElement<unknown, string | JSXElementConstructor<any>>' but required in type 'ReactPortal'.
app/dashboard/page.tsx(153,18): error TS2786: 'CardContent' cannot be used as a JSX component.
  Its type 'ForwardRefExoticComponent<HTMLAttributes<HTMLDivElement> & RefAttributes<HTMLDivElement>>' is not a valid JSX element type.
    Type 'ForwardRefExoticComponent<HTMLAttributes<HTMLDivElement> & RefAttributes<HTMLDivElement>>' is not assignable to type '(props: any) => ReactNode | Promise<ReactNode>'.
      Type 'ReactNode' is not assignable to type 'ReactNode | Promise<ReactNode>'.
        Type 'ReactElement<unknown, string | JSXElementConstructor<any>>' is not assignable to type 'ReactNode | Promise<ReactNode>'.
          Property 'children' is missing in type 'ReactElement<unknown, string | JSXElementConstructor<any>>' but required in type 'ReactPortal'.
app/dashboard/page.tsx(158,22): error TS2786: 'Leaf' cannot be used as a JSX component.
  Its type 'ForwardRefExoticComponent<Omit<LucideProps, "ref"> & RefAttributes<SVGSVGElement>>' is not a valid JSX element type.
    Type 'ForwardRefExoticComponent<Omit<LucideProps, "ref"> & RefAttributes<SVGSVGElement>>' is not assignable to type '(props: any) => ReactNode | Promise<ReactNode>'.
      Type 'ReactNode' is not assignable to type 'ReactNode | Promise<ReactNode>'.
        Type 'ReactElement<unknown, string | JSXElementConstructor<any>>' is not assignable to type 'ReactNode | Promise<ReactNode>'.
          Property 'children' is missing in type 'ReactElement<unknown, string | JSXElementConstructor<any>>' but required in type 'ReactPortal'.
app/dashboard/page.tsx(165,14): error TS2786: 'Card' cannot be used as a JSX component.
  Its type 'ForwardRefExoticComponent<HTMLAttributes<HTMLDivElement> & RefAttributes<HTMLDivElement>>' is not a valid JSX element type.
    Type 'ForwardRefExoticComponent<HTMLAttributes<HTMLDivElement> & RefAttributes<HTMLDivElement>>' is not assignable to type '(props: any) => ReactNode | Promise<ReactNode>'.
      Type 'ReactNode' is not assignable to type 'ReactNode | Promise<ReactNode>'.
        Type 'ReactElement<unknown, string | JSXElementConstructor<any>>' is not assignable to type 'ReactNode | Promise<ReactNode>'.
          Property 'children' is missing in type 'ReactElement<unknown, string | JSXElementConstructor<any>>' but required in type 'ReactPortal'.
app/dashboard/page.tsx(166,16): error TS2786: 'CardHeader' cannot be used as a JSX component.
  Its type 'ForwardRefExoticComponent<HTMLAttributes<HTMLDivElement> & RefAttributes<HTMLDivElement>>' is not a valid JSX element type.
    Type 'ForwardRefExoticComponent<HTMLAttributes<HTMLDivElement> & RefAttributes<HTMLDivElement>>' is not assignable to type '(props: any) => ReactNode | Promise<ReactNode>'.
      Type 'ReactNode' is not assignable to type 'ReactNode | Promise<ReactNode>'.
        Type 'ReactElement<unknown, string | JSXElementConstructor<any>>' is not assignable to type 'ReactNode | Promise<ReactNode>'.
          Property 'children' is missing in type 'ReactElement<unknown, string | JSXElementConstructor<any>>' but required in type 'ReactPortal'.
app/dashboard/page.tsx(167,18): error TS2786: 'CardTitle' cannot be used as a JSX component.
  Its type 'ForwardRefExoticComponent<HTMLAttributes<HTMLDivElement> & RefAttributes<HTMLDivElement>>' is not a valid JSX element type.
    Type 'ForwardRefExoticComponent<HTMLAttributes<HTMLDivElement> & RefAttributes<HTMLDivElement>>' is not assignable to type '(props: any) => ReactNode | Promise<ReactNode>'.
      Type 'ReactNode' is not assignable to type 'ReactNode | Promise<ReactNode>'.
        Type 'ReactElement<unknown, string | JSXElementConstructor<any>>' is not assignable to type 'ReactNode | Promise<ReactNode>'.
          Property 'children' is missing in type 'ReactElement<unknown, string | JSXElementConstructor<any>>' but required in type 'ReactPortal'.
app/dashboard/page.tsx(168,18): error TS2786: 'CardDescription' cannot be used as a JSX component.
  Its type 'ForwardRefExoticComponent<HTMLAttributes<HTMLDivElement> & RefAttributes<HTMLDivElement>>' is not a valid JSX element type.
    Type 'ForwardRefExoticComponent<HTMLAttributes<HTMLDivElement> & RefAttributes<HTMLDivElement>>' is not assignable to type '(props: any) => ReactNode | Promise<ReactNode>'.
      Type 'ReactNode' is not assignable to type 'ReactNode | Promise<ReactNode>'.
        Type 'ReactElement<unknown, string | JSXElementConstructor<any>>' is not assignable to type 'ReactNode | Promise<ReactNode>'.
          Property 'children' is missing in type 'ReactElement<unknown, string | JSXElementConstructor<any>>' but required in type 'ReactPortal'.
app/dashboard/page.tsx(172,16): error TS2786: 'CardContent' cannot be used as a JSX component.
  Its type 'ForwardRefExoticComponent<HTMLAttributes<HTMLDivElement> & RefAttributes<HTMLDivElement>>' is not a valid JSX element type.
    Type 'ForwardRefExoticComponent<HTMLAttributes<HTMLDivElement> & RefAttributes<HTMLDivElement>>' is not assignable to type '(props: any) => ReactNode | Promise<ReactNode>'.
      Type 'ReactNode' is not assignable to type 'ReactNode | Promise<ReactNode>'.
        Type 'ReactElement<unknown, string | JSXElementConstructor<any>>' is not assignable to type 'ReactNode | Promise<ReactNode>'.
          Property 'children' is missing in type 'ReactElement<unknown, string | JSXElementConstructor<any>>' but required in type 'ReactPortal'.
app/dashboard/page.tsx(181,26): error TS2786: 'Leaf' cannot be used as a JSX component.
  Its type 'ForwardRefExoticComponent<Omit<LucideProps, "ref"> & RefAttributes<SVGSVGElement>>' is not a valid JSX element type.
    Type 'ForwardRefExoticComponent<Omit<LucideProps, "ref"> & RefAttributes<SVGSVGElement>>' is not assignable to type '(props: any) => ReactNode | Promise<ReactNode>'.
      Type 'ReactNode' is not assignable to type 'ReactNode | Promise<ReactNode>'.
        Type 'ReactElement<unknown, string | JSXElementConstructor<any>>' is not assignable to type 'ReactNode | Promise<ReactNode>'.
          Property 'children' is missing in type 'ReactElement<unknown, string | JSXElementConstructor<any>>' but required in type 'ReactPortal'.
app/dashboard/page.tsx(212,14): error TS2786: 'Card' cannot be used as a JSX component.
  Its type 'ForwardRefExoticComponent<HTMLAttributes<HTMLDivElement> & RefAttributes<HTMLDivElement>>' is not a valid JSX element type.
    Type 'ForwardRefExoticComponent<HTMLAttributes<HTMLDivElement> & RefAttributes<HTMLDivElement>>' is not assignable to type '(props: any) => ReactNode | Promise<ReactNode>'.
      Type 'ReactNode' is not assignable to type 'ReactNode | Promise<ReactNode>'.
        Type 'ReactElement<unknown, string | JSXElementConstructor<any>>' is not assignable to type 'ReactNode | Promise<ReactNode>'.
          Property 'children' is missing in type 'ReactElement<unknown, string | JSXElementConstructor<any>>' but required in type 'ReactPortal'.
app/dashboard/page.tsx(213,16): error TS2786: 'CardHeader' cannot be used as a JSX component.
  Its type 'ForwardRefExoticComponent<HTMLAttributes<HTMLDivElement> & RefAttributes<HTMLDivElement>>' is not a valid JSX element type.
    Type 'ForwardRefExoticComponent<HTMLAttributes<HTMLDivElement> & RefAttributes<HTMLDivElement>>' is not assignable to type '(props: any) => ReactNode | Promise<ReactNode>'.
      Type 'ReactNode' is not assignable to type 'ReactNode | Promise<ReactNode>'.
        Type 'ReactElement<unknown, string | JSXElementConstructor<any>>' is not assignable to type 'ReactNode | Promise<ReactNode>'.
          Property 'children' is missing in type 'ReactElement<unknown, string | JSXElementConstructor<any>>' but required in type 'ReactPortal'.
app/dashboard/page.tsx(214,18): error TS2786: 'CardTitle' cannot be used as a JSX component.
  Its type 'ForwardRefExoticComponent<HTMLAttributes<HTMLDivElement> & RefAttributes<HTMLDivElement>>' is not a valid JSX element type.
    Type 'ForwardRefExoticComponent<HTMLAttributes<HTMLDivElement> & RefAttributes<HTMLDivElement>>' is not assignable to type '(props: any) => ReactNode | Promise<ReactNode>'.
      Type 'ReactNode' is not assignable to type 'ReactNode | Promise<ReactNode>'.
        Type 'ReactElement<unknown, string | JSXElementConstructor<any>>' is not assignable to type 'ReactNode | Promise<ReactNode>'.
          Property 'children' is missing in type 'ReactElement<unknown, string | JSXElementConstructor<any>>' but required in type 'ReactPortal'.
app/dashboard/page.tsx(215,18): error TS2786: 'CardDescription' cannot be used as a JSX component.
  Its type 'ForwardRefExoticComponent<HTMLAttributes<HTMLDivElement> & RefAttributes<HTMLDivElement>>' is not a valid JSX element type.
    Type 'ForwardRefExoticComponent<HTMLAttributes<HTMLDivElement> & RefAttributes<HTMLDivElement>>' is not assignable to type '(props: any) => ReactNode | Promise<ReactNode>'.
      Type 'ReactNode' is not assignable to type 'ReactNode | Promise<ReactNode>'.
        Type 'ReactElement<unknown, string | JSXElementConstructor<any>>' is not assignable to type 'ReactNode | Promise<ReactNode>'.
          Property 'children' is missing in type 'ReactElement<unknown, string | JSXElementConstructor<any>>' but required in type 'ReactPortal'.
app/dashboard/page.tsx(217,16): error TS2786: 'CardContent' cannot be used as a JSX component.
  Its type 'ForwardRefExoticComponent<HTMLAttributes<HTMLDivElement> & RefAttributes<HTMLDivElement>>' is not a valid JSX element type.
    Type 'ForwardRefExoticComponent<HTMLAttributes<HTMLDivElement> & RefAttributes<HTMLDivElement>>' is not assignable to type '(props: any) => ReactNode | Promise<ReactNode>'.
      Type 'ReactNode' is not assignable to type 'ReactNode | Promise<ReactNode>'.
        Type 'ReactElement<unknown, string | JSXElementConstructor<any>>' is not assignable to type 'ReactNode | Promise<ReactNode>'.
          Property 'children' is missing in type 'ReactElement<unknown, string | JSXElementConstructor<any>>' but required in type 'ReactPortal'.
app/dashboard/page.tsx(220,22): error TS2786: 'Card' cannot be used as a JSX component.
  Its type 'ForwardRefExoticComponent<HTMLAttributes<HTMLDivElement> & RefAttributes<HTMLDivElement>>' is not a valid JSX element type.
    Type 'ForwardRefExoticComponent<HTMLAttributes<HTMLDivElement> & RefAttributes<HTMLDivElement>>' is not assignable to type '(props: any) => ReactNode | Promise<ReactNode>'.
      Type 'ReactNode' is not assignable to type 'ReactNode | Promise<ReactNode>'.
        Type 'ReactElement<unknown, string | JSXElementConstructor<any>>' is not assignable to type 'ReactNode | Promise<ReactNode>'.
          Property 'children' is missing in type 'ReactElement<unknown, string | JSXElementConstructor<any>>' but required in type 'ReactPortal'.
app/dashboard/page.tsx(221,24): error TS2786: 'CardHeader' cannot be used as a JSX component.
  Its type 'ForwardRefExoticComponent<HTMLAttributes<HTMLDivElement> & RefAttributes<HTMLDivElement>>' is not a valid JSX element type.
    Type 'ForwardRefExoticComponent<HTMLAttributes<HTMLDivElement> & RefAttributes<HTMLDivElement>>' is not assignable to type '(props: any) => ReactNode | Promise<ReactNode>'.
      Type 'ReactNode' is not assignable to type 'ReactNode | Promise<ReactNode>'.
        Type 'ReactElement<unknown, string | JSXElementConstructor<any>>' is not assignable to type 'ReactNode | Promise<ReactNode>'.
          Property 'children' is missing in type 'ReactElement<unknown, string | JSXElementConstructor<any>>' but required in type 'ReactPortal'.
app/dashboard/page.tsx(223,28): error TS2786: 'Calendar' cannot be used as a JSX component.
  Its type 'ForwardRefExoticComponent<Omit<LucideProps, "ref"> & RefAttributes<SVGSVGElement>>' is not a valid JSX element type.
    Type 'ForwardRefExoticComponent<Omit<LucideProps, "ref"> & RefAttributes<SVGSVGElement>>' is not assignable to type '(props: any) => ReactNode | Promise<ReactNode>'.
      Type 'ReactNode' is not assignable to type 'ReactNode | Promise<ReactNode>'.
        Type 'ReactElement<unknown, string | JSXElementConstructor<any>>' is not assignable to type 'ReactNode | Promise<ReactNode>'.
          Property 'children' is missing in type 'ReactElement<unknown, string | JSXElementConstructor<any>>' but required in type 'ReactPortal'.
app/dashboard/page.tsx(224,28): error TS2786: 'CardTitle' cannot be used as a JSX component.
  Its type 'ForwardRefExoticComponent<HTMLAttributes<HTMLDivElement> & RefAttributes<HTMLDivElement>>' is not a valid JSX element type.
    Type 'ForwardRefExoticComponent<HTMLAttributes<HTMLDivElement> & RefAttributes<HTMLDivElement>>' is not assignable to type '(props: any) => ReactNode | Promise<ReactNode>'.
      Type 'ReactNode' is not assignable to type 'ReactNode | Promise<ReactNode>'.
        Type 'ReactElement<unknown, string | JSXElementConstructor<any>>' is not assignable to type 'ReactNode | Promise<ReactNode>'.
          Property 'children' is missing in type 'ReactElement<unknown, string | JSXElementConstructor<any>>' but required in type 'ReactPortal'.
app/dashboard/page.tsx(227,24): error TS2786: 'CardContent' cannot be used as a JSX component.
  Its type 'ForwardRefExoticComponent<HTMLAttributes<HTMLDivElement> & RefAttributes<HTMLDivElement>>' is not a valid JSX element type.
    Type 'ForwardRefExoticComponent<HTMLAttributes<HTMLDivElement> & RefAttributes<HTMLDivElement>>' is not assignable to type '(props: any) => ReactNode | Promise<ReactNode>'.
      Type 'ReactNode' is not assignable to type 'ReactNode | Promise<ReactNode>'.
        Type 'ReactElement<unknown, string | JSXElementConstructor<any>>' is not assignable to type 'ReactNode | Promise<ReactNode>'.
          Property 'children' is missing in type 'ReactElement<unknown, string | JSXElementConstructor<any>>' but required in type 'ReactPortal'.
app/login/page.tsx(95,10): error TS2786: 'Card' cannot be used as a JSX component.
  Its type 'ForwardRefExoticComponent<HTMLAttributes<HTMLDivElement> & RefAttributes<HTMLDivElement>>' is not a valid JSX element type.
    Type 'ForwardRefExoticComponent<HTMLAttributes<HTMLDivElement> & RefAttributes<HTMLDivElement>>' is not assignable to type '(props: any) => ReactNode | Promise<ReactNode>'.
      Type 'ReactNode' is not assignable to type 'ReactNode | Promise<ReactNode>'.
        Type 'ReactElement<unknown, string | JSXElementConstructor<any>>' is not assignable to type 'ReactNode | Promise<ReactNode>'.
          Property 'children' is missing in type 'ReactElement<unknown, string | JSXElementConstructor<any>>' but required in type 'ReactPortal'.
app/login/page.tsx(96,12): error TS2786: 'CardHeader' cannot be used as a JSX component.
  Its type 'ForwardRefExoticComponent<HTMLAttributes<HTMLDivElement> & RefAttributes<HTMLDivElement>>' is not a valid JSX element type.
    Type 'ForwardRefExoticComponent<HTMLAttributes<HTMLDivElement> & RefAttributes<HTMLDivElement>>' is not assignable to type '(props: any) => ReactNode | Promise<ReactNode>'.
      Type 'ReactNode' is not assignable to type 'ReactNode | Promise<ReactNode>'.
        Type 'ReactElement<unknown, string | JSXElementConstructor<any>>' is not assignable to type 'ReactNode | Promise<ReactNode>'.
          Property 'children' is missing in type 'ReactElement<unknown, string | JSXElementConstructor<any>>' but required in type 'ReactPortal'.
app/login/page.tsx(99,18): error TS2786: 'Leaf' cannot be used as a JSX component.
  Its type 'ForwardRefExoticComponent<Omit<LucideProps, "ref"> & RefAttributes<SVGSVGElement>>' is not a valid JSX element type.
    Type 'ForwardRefExoticComponent<Omit<LucideProps, "ref"> & RefAttributes<SVGSVGElement>>' is not assignable to type '(props: any) => ReactNode | Promise<ReactNode>'.
      Type 'ReactNode' is not assignable to type 'ReactNode | Promise<ReactNode>'.
        Type 'ReactElement<unknown, string | JSXElementConstructor<any>>' is not assignable to type 'ReactNode | Promise<ReactNode>'.
          Property 'children' is missing in type 'ReactElement<unknown, string | JSXElementConstructor<any>>' but required in type 'ReactPortal'.
app/login/page.tsx(102,14): error TS2786: 'CardTitle' cannot be used as a JSX component.
  Its type 'ForwardRefExoticComponent<HTMLAttributes<HTMLDivElement> & RefAttributes<HTMLDivElement>>' is not a valid JSX element type.
    Type 'ForwardRefExoticComponent<HTMLAttributes<HTMLDivElement> & RefAttributes<HTMLDivElement>>' is not assignable to type '(props: any) => ReactNode | Promise<ReactNode>'.
      Type 'ReactNode' is not assignable to type 'ReactNode | Promise<ReactNode>'.
        Type 'ReactElement<unknown, string | JSXElementConstructor<any>>' is not assignable to type 'ReactNode | Promise<ReactNode>'.
          Property 'children' is missing in type 'ReactElement<unknown, string | JSXElementConstructor<any>>' but required in type 'ReactPortal'.
app/login/page.tsx(103,14): error TS2786: 'CardDescription' cannot be used as a JSX component.
  Its type 'ForwardRefExoticComponent<HTMLAttributes<HTMLDivElement> & RefAttributes<HTMLDivElement>>' is not a valid JSX element type.
    Type 'ForwardRefExoticComponent<HTMLAttributes<HTMLDivElement> & RefAttributes<HTMLDivElement>>' is not assignable to type '(props: any) => ReactNode | Promise<ReactNode>'.
      Type 'ReactNode' is not assignable to type 'ReactNode | Promise<ReactNode>'.
        Type 'ReactElement<unknown, string | JSXElementConstructor<any>>' is not assignable to type 'ReactNode | Promise<ReactNode>'.
          Property 'children' is missing in type 'ReactElement<unknown, string | JSXElementConstructor<any>>' but required in type 'ReactPortal'.
app/login/page.tsx(107,12): error TS2786: 'CardContent' cannot be used as a JSX component.
  Its type 'ForwardRefExoticComponent<HTMLAttributes<HTMLDivElement> & RefAttributes<HTMLDivElement>>' is not a valid JSX element type.
    Type 'ForwardRefExoticComponent<HTMLAttributes<HTMLDivElement> & RefAttributes<HTMLDivElement>>' is not assignable to type '(props: any) => ReactNode | Promise<ReactNode>'.
      Type 'ReactNode' is not assignable to type 'ReactNode | Promise<ReactNode>'.
        Type 'ReactElement<unknown, string | JSXElementConstructor<any>>' is not assignable to type 'ReactNode | Promise<ReactNode>'.
          Property 'children' is missing in type 'ReactElement<unknown, string | JSXElementConstructor<any>>' but required in type 'ReactPortal'.
app/login/page.tsx(110,18): error TS2786: 'Label' cannot be used as a JSX component.
  Its type 'ForwardRefExoticComponent<Omit<LabelProps & RefAttributes<HTMLLabelElement>, "ref"> & VariantProps<(props?: ClassProp | undefined) => string> & RefAttributes<...>>' is not a valid JSX element type.
    Type 'ForwardRefExoticComponent<Omit<LabelProps & RefAttributes<HTMLLabelElement>, "ref"> & VariantProps<(props?: ClassProp | undefined) => string> & RefAttributes<...>>' is not assignable to type '(props: any) => ReactNode | Promise<ReactNode>'.
      Type 'ReactNode' is not assignable to type 'ReactNode | Promise<ReactNode>'.
        Type 'ReactElement<unknown, string | JSXElementConstructor<any>>' is not assignable to type 'ReactNode | Promise<ReactNode>'.
          Property 'children' is missing in type 'ReactElement<unknown, string | JSXElementConstructor<any>>' but required in type 'ReactPortal'.
app/login/page.tsx(112,20): error TS2786: 'Mail' cannot be used as a JSX component.
  Its type 'ForwardRefExoticComponent<Omit<LucideProps, "ref"> & RefAttributes<SVGSVGElement>>' is not a valid JSX element type.
    Type 'ForwardRefExoticComponent<Omit<LucideProps, "ref"> & RefAttributes<SVGSVGElement>>' is not assignable to type '(props: any) => ReactNode | Promise<ReactNode>'.
      Type 'ReactNode' is not assignable to type 'ReactNode | Promise<ReactNode>'.
        Type 'ReactElement<unknown, string | JSXElementConstructor<any>>' is not assignable to type 'ReactNode | Promise<ReactNode>'.
          Property 'children' is missing in type 'ReactElement<unknown, string | JSXElementConstructor<any>>' but required in type 'ReactPortal'.
app/login/page.tsx(113,20): error TS2786: 'Input' cannot be used as a JSX component.
  Its type 'ForwardRefExoticComponent<Omit<DetailedHTMLProps<InputHTMLAttributes<HTMLInputElement>, HTMLInputElement>, "ref"> & RefAttributes<...>>' is not a valid JSX element type.
    Type 'ForwardRefExoticComponent<Omit<DetailedHTMLProps<InputHTMLAttributes<HTMLInputElement>, HTMLInputElement>, "ref"> & RefAttributes<...>>' is not assignable to type '(props: any) => ReactNode | Promise<ReactNode>'.
      Type 'ReactNode' is not assignable to type 'ReactNode | Promise<ReactNode>'.
        Type 'ReactElement<unknown, string | JSXElementConstructor<any>>' is not assignable to type 'ReactNode | Promise<ReactNode>'.
          Property 'children' is missing in type 'ReactElement<unknown, string | JSXElementConstructor<any>>' but required in type 'ReactPortal'.
app/login/page.tsx(134,20): error TS2786: 'Label' cannot be used as a JSX component.
  Its type 'ForwardRefExoticComponent<Omit<LabelProps & RefAttributes<HTMLLabelElement>, "ref"> & VariantProps<(props?: ClassProp | undefined) => string> & RefAttributes<...>>' is not a valid JSX element type.
    Type 'ForwardRefExoticComponent<Omit<LabelProps & RefAttributes<HTMLLabelElement>, "ref"> & VariantProps<(props?: ClassProp | undefined) => string> & RefAttributes<...>>' is not assignable to type '(props: any) => ReactNode | Promise<ReactNode>'.
      Type 'ReactNode' is not assignable to type 'ReactNode | Promise<ReactNode>'.
        Type 'ReactElement<unknown, string | JSXElementConstructor<any>>' is not assignable to type 'ReactNode | Promise<ReactNode>'.
          Property 'children' is missing in type 'ReactElement<unknown, string | JSXElementConstructor<any>>' but required in type 'ReactPortal'.
app/login/page.tsx(135,20): error TS2786: 'Link' cannot be used as a JSX component.
  Its type 'ForwardRefExoticComponent<Omit<AnchorHTMLAttributes<HTMLAnchorElement>, keyof InternalLinkProps> & InternalLinkProps & { ...; } & RefAttributes<...>>' is not a valid JSX element type.
    Type 'ForwardRefExoticComponent<Omit<AnchorHTMLAttributes<HTMLAnchorElement>, keyof InternalLinkProps> & InternalLinkProps & { ...; } & RefAttributes<...>>' is not assignable to type '(props: any) => ReactNode | Promise<ReactNode>'.
      Type 'ReactNode' is not assignable to type 'ReactNode | Promise<ReactNode>'.
        Type 'ReactElement<unknown, string | JSXElementConstructor<any>>' is not assignable to type 'ReactNode | Promise<ReactNode>'.
          Property 'children' is missing in type 'ReactElement<unknown, string | JSXElementConstructor<any>>' but required in type 'ReactPortal'.
app/login/page.tsx(143,20): error TS2786: 'Lock' cannot be used as a JSX component.
  Its type 'ForwardRefExoticComponent<Omit<LucideProps, "ref"> & RefAttributes<SVGSVGElement>>' is not a valid JSX element type.
    Type 'ForwardRefExoticComponent<Omit<LucideProps, "ref"> & RefAttributes<SVGSVGElement>>' is not assignable to type '(props: any) => ReactNode | Promise<ReactNode>'.
      Type 'ReactNode' is not assignable to type 'ReactNode | Promise<ReactNode>'.
        Type 'ReactElement<unknown, string | JSXElementConstructor<any>>' is not assignable to type 'ReactNode | Promise<ReactNode>'.
          Property 'children' is missing in type 'ReactElement<unknown, string | JSXElementConstructor<any>>' but required in type 'ReactPortal'.
app/login/page.tsx(144,20): error TS2786: 'Input' cannot be used as a JSX component.
  Its type 'ForwardRefExoticComponent<Omit<DetailedHTMLProps<InputHTMLAttributes<HTMLInputElement>, HTMLInputElement>, "ref"> & RefAttributes<...>>' is not a valid JSX element type.
    Type 'ForwardRefExoticComponent<Omit<DetailedHTMLProps<InputHTMLAttributes<HTMLInputElement>, HTMLInputElement>, "ref"> & RefAttributes<...>>' is not assignable to type '(props: any) => ReactNode | Promise<ReactNode>'.
      Type 'ReactNode' is not assignable to type 'ReactNode | Promise<ReactNode>'.
        Type 'ReactElement<unknown, string | JSXElementConstructor<any>>' is not assignable to type 'ReactNode | Promise<ReactNode>'.
          Property 'children' is missing in type 'ReactElement<unknown, string | JSXElementConstructor<any>>' but required in type 'ReactPortal'.
app/login/page.tsx(163,16): error TS2786: 'Button' cannot be used as a JSX component.
  Its type 'ForwardRefExoticComponent<ButtonProps & RefAttributes<HTMLButtonElement>>' is not a valid JSX element type.
    Type 'ForwardRefExoticComponent<ButtonProps & RefAttributes<HTMLButtonElement>>' is not assignable to type '(props: any) => ReactNode | Promise<ReactNode>'.
      Type 'ReactNode' is not assignable to type 'ReactNode | Promise<ReactNode>'.
        Type 'ReactElement<unknown, string | JSXElementConstructor<any>>' is not assignable to type 'ReactNode | Promise<ReactNode>'.
          Property 'children' is missing in type 'ReactElement<unknown, string | JSXElementConstructor<any>>' but required in type 'ReactPortal'.
app/login/page.tsx(176,22): error TS2786: 'ArrowRight' cannot be used as a JSX component.
  Its type 'ForwardRefExoticComponent<Omit<LucideProps, "ref"> & RefAttributes<SVGSVGElement>>' is not a valid JSX element type.
    Type 'ForwardRefExoticComponent<Omit<LucideProps, "ref"> & RefAttributes<SVGSVGElement>>' is not assignable to type '(props: any) => ReactNode | Promise<ReactNode>'.
      Type 'ReactNode' is not assignable to type 'ReactNode | Promise<ReactNode>'.
        Type 'ReactElement<unknown, string | JSXElementConstructor<any>>' is not assignable to type 'ReactNode | Promise<ReactNode>'.
          Property 'children' is missing in type 'ReactElement<unknown, string | JSXElementConstructor<any>>' but required in type 'ReactPortal'.
app/login/page.tsx(182,12): error TS2786: 'CardFooter' cannot be used as a JSX component.
  Its type 'ForwardRefExoticComponent<HTMLAttributes<HTMLDivElement> & RefAttributes<HTMLDivElement>>' is not a valid JSX element type.
    Type 'ForwardRefExoticComponent<HTMLAttributes<HTMLDivElement> & RefAttributes<HTMLDivElement>>' is not assignable to type '(props: any) => ReactNode | Promise<ReactNode>'.
      Type 'ReactNode' is not assignable to type 'ReactNode | Promise<ReactNode>'.
        Type 'ReactElement<unknown, string | JSXElementConstructor<any>>' is not assignable to type 'ReactNode | Promise<ReactNode>'.
          Property 'children' is missing in type 'ReactElement<unknown, string | JSXElementConstructor<any>>' but required in type 'ReactPortal'.
app/login/page.tsx(192,16): error TS2786: 'Button' cannot be used as a JSX component.
  Its type 'ForwardRefExoticComponent<ButtonProps & RefAttributes<HTMLButtonElement>>' is not a valid JSX element type.
    Type 'ForwardRefExoticComponent<ButtonProps & RefAttributes<HTMLButtonElement>>' is not assignable to type '(props: any) => ReactNode | Promise<ReactNode>'.
      Type 'ReactNode' is not assignable to type 'ReactNode | Promise<ReactNode>'.
        Type 'ReactElement<unknown, string | JSXElementConstructor<any>>' is not assignable to type 'ReactNode | Promise<ReactNode>'.
          Property 'children' is missing in type 'ReactElement<unknown, string | JSXElementConstructor<any>>' but required in type 'ReactPortal'.
app/login/page.tsx(197,18): error TS2786: 'Image' cannot be used as a JSX component.
  Its type 'ForwardRefExoticComponent<Omit<DetailedHTMLProps<ImgHTMLAttributes<HTMLImageElement>, HTMLImageElement>, "height" | ... 5 more ... | "srcSet"> & { ...; } & RefAttributes<...>>' is not a valid JSX element type.
    Type 'ForwardRefExoticComponent<Omit<DetailedHTMLProps<ImgHTMLAttributes<HTMLImageElement>, HTMLImageElement>, "height" | ... 5 more ... | "srcSet"> & { ...; } & RefAttributes<...>>' is not assignable to type '(props: any) => ReactNode | Promise<ReactNode>'.
      Type 'ReactNode' is not assignable to type 'ReactNode | Promise<ReactNode>'.
        Type 'ReactElement<unknown, string | JSXElementConstructor<any>>' is not assignable to type 'ReactNode | Promise<ReactNode>'.
          Property 'children' is missing in type 'ReactElement<unknown, string | JSXElementConstructor<any>>' but required in type 'ReactPortal'.
app/login/page.tsx(206,16): error TS2786: 'Button' cannot be used as a JSX component.
  Its type 'ForwardRefExoticComponent<ButtonProps & RefAttributes<HTMLButtonElement>>' is not a valid JSX element type.
    Type 'ForwardRefExoticComponent<ButtonProps & RefAttributes<HTMLButtonElement>>' is not assignable to type '(props: any) => ReactNode | Promise<ReactNode>'.
      Type 'ReactNode' is not assignable to type 'ReactNode | Promise<ReactNode>'.
        Type 'ReactElement<unknown, string | JSXElementConstructor<any>>' is not assignable to type 'ReactNode | Promise<ReactNode>'.
          Property 'children' is missing in type 'ReactElement<unknown, string | JSXElementConstructor<any>>' but required in type 'ReactPortal'.
app/login/page.tsx(211,18): error TS2786: 'Image' cannot be used as a JSX component.
  Its type 'ForwardRefExoticComponent<Omit<DetailedHTMLProps<ImgHTMLAttributes<HTMLImageElement>, HTMLImageElement>, "height" | ... 5 more ... | "srcSet"> & { ...; } & RefAttributes<...>>' is not a valid JSX element type.
    Type 'ForwardRefExoticComponent<Omit<DetailedHTMLProps<ImgHTMLAttributes<HTMLImageElement>, HTMLImageElement>, "height" | ... 5 more ... | "srcSet"> & { ...; } & RefAttributes<...>>' is not assignable to type '(props: any) => ReactNode | Promise<ReactNode>'.
      Type 'ReactNode' is not assignable to type 'ReactNode | Promise<ReactNode>'.
        Type 'ReactElement<unknown, string | JSXElementConstructor<any>>' is not assignable to type 'ReactNode | Promise<ReactNode>'.
          Property 'children' is missing in type 'ReactElement<unknown, string | JSXElementConstructor<any>>' but required in type 'ReactPortal'.
app/login/page.tsx(223,16): error TS2786: 'Link' cannot be used as a JSX component.
  Its type 'ForwardRefExoticComponent<Omit<AnchorHTMLAttributes<HTMLAnchorElement>, keyof InternalLinkProps> & InternalLinkProps & { ...; } & RefAttributes<...>>' is not a valid JSX element type.
    Type 'ForwardRefExoticComponent<Omit<AnchorHTMLAttributes<HTMLAnchorElement>, keyof InternalLinkProps> & InternalLinkProps & { ...; } & RefAttributes<...>>' is not assignable to type '(props: any) => ReactNode | Promise<ReactNode>'.
      Type 'ReactNode' is not assignable to type 'ReactNode | Promise<ReactNode>'.
        Type 'ReactElement<unknown, string | JSXElementConstructor<any>>' is not assignable to type 'ReactNode | Promise<ReactNode>'.
          Property 'children' is missing in type 'ReactElement<unknown, string | JSXElementConstructor<any>>' but required in type 'ReactPortal'.
app/meal-planner/page.tsx(185,18): error TS2786: 'Search' cannot be used as a JSX component.
  Its type 'ForwardRefExoticComponent<Omit<LucideProps, "ref"> & RefAttributes<SVGSVGElement>>' is not a valid JSX element type.
    Type 'ForwardRefExoticComponent<Omit<LucideProps, "ref"> & RefAttributes<SVGSVGElement>>' is not assignable to type '(props: any) => ReactNode | Promise<ReactNode>'.
      Type 'ReactNode' is not assignable to type 'ReactNode | Promise<ReactNode>'.
        Type 'ReactElement<unknown, string | JSXElementConstructor<any>>' is not assignable to type 'ReactNode | Promise<ReactNode>'.
          Property 'children' is missing in type 'ReactElement<unknown, string | JSXElementConstructor<any>>' but required in type 'ReactPortal'.
app/meal-planner/page.tsx(186,18): error TS2786: 'Input' cannot be used as a JSX component.
  Its type 'ForwardRefExoticComponent<Omit<DetailedHTMLProps<InputHTMLAttributes<HTMLInputElement>, HTMLInputElement>, "ref"> & RefAttributes<...>>' is not a valid JSX element type.
    Type 'ForwardRefExoticComponent<Omit<DetailedHTMLProps<InputHTMLAttributes<HTMLInputElement>, HTMLInputElement>, "ref"> & RefAttributes<...>>' is not assignable to type '(props: any) => ReactNode | Promise<ReactNode>'.
      Type 'ReactNode' is not assignable to type 'ReactNode | Promise<ReactNode>'.
        Type 'ReactElement<unknown, string | JSXElementConstructor<any>>' is not assignable to type 'ReactNode | Promise<ReactNode>'.
          Property 'children' is missing in type 'ReactElement<unknown, string | JSXElementConstructor<any>>' but required in type 'ReactPortal'.
app/meal-planner/page.tsx(196,18): error TS2786: 'Button' cannot be used as a JSX component.
  Its type 'ForwardRefExoticComponent<ButtonProps & RefAttributes<HTMLButtonElement>>' is not a valid JSX element type.
    Type 'ForwardRefExoticComponent<ButtonProps & RefAttributes<HTMLButtonElement>>' is not assignable to type '(props: any) => ReactNode | Promise<ReactNode>'.
      Type 'ReactNode' is not assignable to type 'ReactNode | Promise<ReactNode>'.
        Type 'ReactElement<unknown, string | JSXElementConstructor<any>>' is not assignable to type 'ReactNode | Promise<ReactNode>'.
          Property 'children' is missing in type 'ReactElement<unknown, string | JSXElementConstructor<any>>' but required in type 'ReactPortal'.
app/meal-planner/page.tsx(201,44): error TS2786: 'Check' cannot be used as a JSX component.
  Its type 'ForwardRefExoticComponent<Omit<LucideProps, "ref"> & RefAttributes<SVGSVGElement>>' is not a valid JSX element type.
    Type 'ForwardRefExoticComponent<Omit<LucideProps, "ref"> & RefAttributes<SVGSVGElement>>' is not assignable to type '(props: any) => ReactNode | Promise<ReactNode>'.
      Type 'ReactNode' is not assignable to type 'ReactNode | Promise<ReactNode>'.
        Type 'ReactElement<unknown, string | JSXElementConstructor<any>>' is not assignable to type 'ReactNode | Promise<ReactNode>'.
          Property 'children' is missing in type 'ReactElement<unknown, string | JSXElementConstructor<any>>' but required in type 'ReactPortal'.
app/meal-planner/page.tsx(205,18): error TS2786: 'Sheet' cannot be used as a JSX component.
  Its type 'FC<DialogProps>' is not a valid JSX element type.
    Type 'FunctionComponent<DialogProps>' is not assignable to type '(props: any) => ReactNode | Promise<ReactNode>'.
      Type 'import("C:/Users/KISHORE S/OneDrive/Desktop/csc/Climate-Smart-Cafeteria/node_modules/@types/react/index").ReactNode | Promise<import("C:/Users/KISHORE S/OneDrive/Desktop/csc/Climate-Smart-Cafeteria/node_modules/@types/react/index").ReactNode>' is not assignable to type 'React.ReactNode | Promise<React.ReactNode>'.
        Type 'ReactElement<unknown, string | JSXElementConstructor<any>>' is not assignable to type 'ReactNode | Promise<ReactNode>'.
          Property 'children' is missing in type 'ReactElement<unknown, string | JSXElementConstructor<any>>' but required in type 'ReactPortal'.
app/meal-planner/page.tsx(206,20): error TS2786: 'SheetTrigger' cannot be used as a JSX component.
  Its type 'ForwardRefExoticComponent<DialogTriggerProps & RefAttributes<HTMLButtonElement>>' is not a valid JSX element type.
    Type 'ForwardRefExoticComponent<DialogTriggerProps & RefAttributes<HTMLButtonElement>>' is not assignable to type '(props: any) => ReactNode | Promise<ReactNode>'.
      Type 'ReactNode' is not assignable to type 'ReactNode | Promise<ReactNode>'.
        Type 'ReactElement<unknown, string | JSXElementConstructor<any>>' is not assignable to type 'ReactNode | Promise<ReactNode>'.
          Property 'children' is missing in type 'ReactElement<unknown, string | JSXElementConstructor<any>>' but required in type 'ReactPortal'.
app/meal-planner/page.tsx(207,22): error TS2786: 'Button' cannot be used as a JSX component.
  Its type 'ForwardRefExoticComponent<ButtonProps & RefAttributes<HTMLButtonElement>>' is not a valid JSX element type.
    Type 'ForwardRefExoticComponent<ButtonProps & RefAttributes<HTMLButtonElement>>' is not assignable to type '(props: any) => ReactNode | Promise<ReactNode>'.
      Type 'ReactNode' is not assignable to type 'ReactNode | Promise<ReactNode>'.
        Type 'ReactElement<unknown, string | JSXElementConstructor<any>>' is not assignable to type 'ReactNode | Promise<ReactNode>'.
          Property 'children' is missing in type 'ReactElement<unknown, string | JSXElementConstructor<any>>' but required in type 'ReactPortal'.
app/meal-planner/page.tsx(211,24): error TS2786: 'Filter' cannot be used as a JSX component.
  Its type 'ForwardRefExoticComponent<Omit<LucideProps, "ref"> & RefAttributes<SVGSVGElement>>' is not a valid JSX element type.
    Type 'ForwardRefExoticComponent<Omit<LucideProps, "ref"> & RefAttributes<SVGSVGElement>>' is not assignable to type '(props: any) => ReactNode | Promise<ReactNode>'.
      Type 'ReactNode' is not assignable to type 'ReactNode | Promise<ReactNode>'.
        Type 'ReactElement<unknown, string | JSXElementConstructor<any>>' is not assignable to type 'ReactNode | Promise<ReactNode>'.
          Property 'children' is missing in type 'ReactElement<unknown, string | JSXElementConstructor<any>>' but required in type 'ReactPortal'.
app/meal-planner/page.tsx(215,20): error TS2786: 'SheetContent' cannot be used as a JSX component.
  Its type 'ForwardRefExoticComponent<SheetContentProps & RefAttributes<HTMLDivElement>>' is not a valid JSX element type.
    Type 'ForwardRefExoticComponent<SheetContentProps & RefAttributes<HTMLDivElement>>' is not assignable to type '(props: any) => ReactNode | Promise<ReactNode>'.
      Type 'ReactNode' is not assignable to type 'ReactNode | Promise<ReactNode>'.
        Type 'ReactElement<unknown, string | JSXElementConstructor<any>>' is not assignable to type 'ReactNode | Promise<ReactNode>'.
          Property 'children' is missing in type 'ReactElement<unknown, string | JSXElementConstructor<any>>' but required in type 'ReactPortal'.
app/meal-planner/page.tsx(217,24): error TS2786: 'SheetTitle' cannot be used as a JSX component.
  Its type 'ForwardRefExoticComponent<Omit<DialogTitleProps & RefAttributes<HTMLHeadingElement>, "ref"> & RefAttributes<HTMLHeadingElement>>' is not a valid JSX element type.
    Type 'ForwardRefExoticComponent<Omit<DialogTitleProps & RefAttributes<HTMLHeadingElement>, "ref"> & RefAttributes<HTMLHeadingElement>>' is not assignable to type '(props: any) => ReactNode | Promise<ReactNode>'.
      Type 'ReactNode' is not assignable to type 'ReactNode | Promise<ReactNode>'.
        Type 'ReactElement<unknown, string | JSXElementConstructor<any>>' is not assignable to type 'ReactNode | Promise<ReactNode>'.
          Property 'children' is missing in type 'ReactElement<unknown, string | JSXElementConstructor<any>>' but required in type 'ReactPortal'.
app/meal-planner/page.tsx(218,24): error TS2786: 'SheetDescription' cannot be used as a JSX component.
  Its type 'ForwardRefExoticComponent<Omit<DialogDescriptionProps & RefAttributes<HTMLParagraphElement>, "ref"> & RefAttributes<HTMLParagraphElement>>' is not a valid JSX element type.
    Type 'ForwardRefExoticComponent<Omit<DialogDescriptionProps & RefAttributes<HTMLParagraphElement>, "ref"> & RefAttributes<HTMLParagraphElement>>' is not assignable to type '(props: any) => ReactNode | Promise<ReactNode>'.
      Type 'ReactNode' is not assignable to type 'ReactNode | Promise<ReactNode>'.
        Type 'ReactElement<unknown, string | JSXElementConstructor<any>>' is not assignable to type 'ReactNode | Promise<ReactNode>'.
          Property 'children' is missing in type 'ReactElement<unknown, string | JSXElementConstructor<any>>' but required in type 'ReactPortal'.
app/meal-planner/page.tsx(225,28): error TS2786: 'Label' cannot be used as a JSX component.
  Its type 'ForwardRefExoticComponent<Omit<LabelProps & RefAttributes<HTMLLabelElement>, "ref"> & VariantProps<(props?: ClassProp | undefined) => string> & RefAttributes<...>>' is not a valid JSX element type.
    Type 'ForwardRefExoticComponent<Omit<LabelProps & RefAttributes<HTMLLabelElement>, "ref"> & VariantProps<(props?: ClassProp | undefined) => string> & RefAttributes<...>>' is not assignable to type '(props: any) => ReactNode | Promise<ReactNode>'.
      Type 'ReactNode' is not assignable to type 'ReactNode | Promise<ReactNode>'.
        Type 'ReactElement<unknown, string | JSXElementConstructor<any>>' is not assignable to type 'ReactNode | Promise<ReactNode>'.
          Property 'children' is missing in type 'ReactElement<unknown, string | JSXElementConstructor<any>>' but required in type 'ReactPortal'.
app/meal-planner/page.tsx(226,30): error TS2786: 'DollarSign' cannot be used as a JSX component.
  Its type 'ForwardRefExoticComponent<Omit<LucideProps, "ref"> & RefAttributes<SVGSVGElement>>' is not a valid JSX element type.
    Type 'ForwardRefExoticComponent<Omit<LucideProps, "ref"> & RefAttributes<SVGSVGElement>>' is not assignable to type '(props: any) => ReactNode | Promise<ReactNode>'.
      Type 'ReactNode' is not assignable to type 'ReactNode | Promise<ReactNode>'.
        Type 'ReactElement<unknown, string | JSXElementConstructor<any>>' is not assignable to type 'ReactNode | Promise<ReactNode>'.
          Property 'children' is missing in type 'ReactElement<unknown, string | JSXElementConstructor<any>>' but required in type 'ReactPortal'.
app/meal-planner/page.tsx(232,26): error TS2786: 'Slider' cannot be used as a JSX component.
  Its type 'ForwardRefExoticComponent<Omit<SliderProps & RefAttributes<HTMLSpanElement>, "ref"> & RefAttributes<HTMLSpanElement>>' is not a valid JSX element type.
    Type 'ForwardRefExoticComponent<Omit<SliderProps & RefAttributes<HTMLSpanElement>, "ref"> & RefAttributes<HTMLSpanElement>>' is not assignable to type '(props: any) => ReactNode | Promise<ReactNode>'.
      Type 'ReactNode' is not assignable to type 'ReactNode | Promise<ReactNode>'.
        Type 'ReactElement<unknown, string | JSXElementConstructor<any>>' is not assignable to type 'ReactNode | Promise<ReactNode>'.
          Property 'children' is missing in type 'ReactElement<unknown, string | JSXElementConstructor<any>>' but required in type 'ReactPortal'.
app/meal-planner/page.tsx(245,26): error TS2786: 'Label' cannot be used as a JSX component.
  Its type 'ForwardRefExoticComponent<Omit<LabelProps & RefAttributes<HTMLLabelElement>, "ref"> & VariantProps<(props?: ClassProp | undefined) => string> & RefAttributes<...>>' is not a valid JSX element type.
    Type 'ForwardRefExoticComponent<Omit<LabelProps & RefAttributes<HTMLLabelElement>, "ref"> & VariantProps<(props?: ClassProp | undefined) => string> & RefAttributes<...>>' is not assignable to type '(props: any) => ReactNode | Promise<ReactNode>'.
      Type 'ReactNode' is not assignable to type 'ReactNode | Promise<ReactNode>'.
        Type 'ReactElement<unknown, string | JSXElementConstructor<any>>' is not assignable to type 'ReactNode | Promise<ReactNode>'.
          Property 'children' is missing in type 'ReactElement<unknown, string | JSXElementConstructor<any>>' but required in type 'ReactPortal'.
app/meal-planner/page.tsx(246,28): error TS2786: 'Leaf' cannot be used as a JSX component.
  Its type 'ForwardRefExoticComponent<Omit<LucideProps, "ref"> & RefAttributes<SVGSVGElement>>' is not a valid JSX element type.
    Type 'ForwardRefExoticComponent<Omit<LucideProps, "ref"> & RefAttributes<SVGSVGElement>>' is not assignable to type '(props: any) => ReactNode | Promise<ReactNode>'.
      Type 'ReactNode' is not assignable to type 'ReactNode | Promise<ReactNode>'.
        Type 'ReactElement<unknown, string | JSXElementConstructor<any>>' is not assignable to type 'ReactNode | Promise<ReactNode>'.
          Property 'children' is missing in type 'ReactElement<unknown, string | JSXElementConstructor<any>>' but required in type 'ReactPortal'.
app/meal-planner/page.tsx(265,26): error TS2786: 'Label' cannot be used as a JSX component.
  Its type 'ForwardRefExoticComponent<Omit<LabelProps & RefAttributes<HTMLLabelElement>, "ref"> & VariantProps<(props?: ClassProp | undefined) => string> & RefAttributes<...>>' is not a valid JSX element type.
    Type 'ForwardRefExoticComponent<Omit<LabelProps & RefAttributes<HTMLLabelElement>, "ref"> & VariantProps<(props?: ClassProp | undefined) => string> & RefAttributes<...>>' is not assignable to type '(props: any) => ReactNode | Promise<ReactNode>'.
      Type 'ReactNode' is not assignable to type 'ReactNode | Promise<ReactNode>'.
        Type 'ReactElement<unknown, string | JSXElementConstructor<any>>' is not assignable to type 'ReactNode | Promise<ReactNode>'.
          Property 'children' is missing in type 'ReactElement<unknown, string | JSXElementConstructor<any>>' but required in type 'ReactPortal'.
app/meal-planner/page.tsx(266,28): error TS2786: 'Utensils' cannot be used as a JSX component.
  Its type 'ForwardRefExoticComponent<Omit<LucideProps, "ref"> & RefAttributes<SVGSVGElement>>' is not a valid JSX element type.
    Type 'ForwardRefExoticComponent<Omit<LucideProps, "ref"> & RefAttributes<SVGSVGElement>>' is not assignable to type '(props: any) => ReactNode | Promise<ReactNode>'.
      Type 'ReactNode' is not assignable to type 'ReactNode | Promise<ReactNode>'.
        Type 'ReactElement<unknown, string | JSXElementConstructor<any>>' is not assignable to type 'ReactNode | Promise<ReactNode>'.
          Property 'children' is missing in type 'ReactElement<unknown, string | JSXElementConstructor<any>>' but required in type 'ReactPortal'.
app/meal-planner/page.tsx(272,32): error TS2786: 'Checkbox' cannot be used as a JSX component.
  Its type 'ForwardRefExoticComponent<Omit<CheckboxProps & RefAttributes<HTMLButtonElement>, "ref"> & RefAttributes<HTMLButtonElement>>' is not a valid JSX element type.
    Type 'ForwardRefExoticComponent<Omit<CheckboxProps & RefAttributes<HTMLButtonElement>, "ref"> & RefAttributes<HTMLButtonElement>>' is not assignable to type '(props: any) => ReactNode | Promise<ReactNode>'.
      Type 'ReactNode' is not assignable to type 'ReactNode | Promise<ReactNode>'.
        Type 'ReactElement<unknown, string | JSXElementConstructor<any>>' is not assignable to type 'ReactNode | Promise<ReactNode>'.
          Property 'children' is missing in type 'ReactElement<unknown, string | JSXElementConstructor<any>>' but required in type 'ReactPortal'.
app/meal-planner/page.tsx(291,26): error TS2786: 'Label' cannot be used as a JSX component.
  Its type 'ForwardRefExoticComponent<Omit<LabelProps & RefAttributes<HTMLLabelElement>, "ref"> & VariantProps<(props?: ClassProp | undefined) => string> & RefAttributes<...>>' is not a valid JSX element type.
    Type 'ForwardRefExoticComponent<Omit<LabelProps & RefAttributes<HTMLLabelElement>, "ref"> & VariantProps<(props?: ClassProp | undefined) => string> & RefAttributes<...>>' is not assignable to type '(props: any) => ReactNode | Promise<ReactNode>'.
      Type 'ReactNode' is not assignable to type 'ReactNode | Promise<ReactNode>'.
        Type 'ReactElement<unknown, string | JSXElementConstructor<any>>' is not assignable to type 'ReactNode | Promise<ReactNode>'.
          Property 'children' is missing in type 'ReactElement<unknown, string | JSXElementConstructor<any>>' but required in type 'ReactPortal'.
app/meal-planner/page.tsx(294,30): error TS2786: 'Checkbox' cannot be used as a JSX component.
  Its type 'ForwardRefExoticComponent<Omit<CheckboxProps & RefAttributes<HTMLButtonElement>, "ref"> & RefAttributes<HTMLButtonElement>>' is not a valid JSX element type.
    Type 'ForwardRefExoticComponent<Omit<CheckboxProps & RefAttributes<HTMLButtonElement>, "ref"> & RefAttributes<HTMLButtonElement>>' is not assignable to type '(props: any) => ReactNode | Promise<ReactNode>'.
      Type 'ReactNode' is not assignable to type 'ReactNode | Promise<ReactNode>'.
        Type 'ReactElement<unknown, string | JSXElementConstructor<any>>' is not assignable to type 'ReactNode | Promise<ReactNode>'.
          Property 'children' is missing in type 'ReactElement<unknown, string | JSXElementConstructor<any>>' but required in type 'ReactPortal'.
app/meal-planner/page.tsx(308,30): error TS2786: 'Checkbox' cannot be used as a JSX component.
  Its type 'ForwardRefExoticComponent<Omit<CheckboxProps & RefAttributes<HTMLButtonElement>, "ref"> & RefAttributes<HTMLButtonElement>>' is not a valid JSX element type.
    Type 'ForwardRefExoticComponent<Omit<CheckboxProps & RefAttributes<HTMLButtonElement>, "ref"> & RefAttributes<HTMLButtonElement>>' is not assignable to type '(props: any) => ReactNode | Promise<ReactNode>'.
      Type 'ReactNode' is not assignable to type 'ReactNode | Promise<ReactNode>'.
        Type 'ReactElement<unknown, string | JSXElementConstructor<any>>' is not assignable to type 'ReactNode | Promise<ReactNode>'.
          Property 'children' is missing in type 'ReactElement<unknown, string | JSXElementConstructor<any>>' but required in type 'ReactPortal'.
app/meal-planner/page.tsx(322,30): error TS2786: 'Checkbox' cannot be used as a JSX component.
  Its type 'ForwardRefExoticComponent<Omit<CheckboxProps & RefAttributes<HTMLButtonElement>, "ref"> & RefAttributes<HTMLButtonElement>>' is not a valid JSX element type.
    Type 'ForwardRefExoticComponent<Omit<CheckboxProps & RefAttributes<HTMLButtonElement>, "ref"> & RefAttributes<HTMLButtonElement>>' is not assignable to type '(props: any) => ReactNode | Promise<ReactNode>'.
      Type 'ReactNode' is not assignable to type 'ReactNode | Promise<ReactNode>'.
        Type 'ReactElement<unknown, string | JSXElementConstructor<any>>' is not assignable to type 'ReactNode | Promise<ReactNode>'.
          Property 'children' is missing in type 'ReactElement<unknown, string | JSXElementConstructor<any>>' but required in type 'ReactPortal'.
app/meal-planner/page.tsx(347,20): error TS2786: 'Card' cannot be used as a JSX component.
  Its type 'ForwardRefExoticComponent<HTMLAttributes<HTMLDivElement> & RefAttributes<HTMLDivElement>>' is not a valid JSX element type.
    Type 'ForwardRefExoticComponent<HTMLAttributes<HTMLDivElement> & RefAttributes<HTMLDivElement>>' is not assignable to type '(props: any) => ReactNode | Promise<ReactNode>'.
      Type 'ReactNode' is not assignable to type 'ReactNode | Promise<ReactNode>'.
        Type 'ReactElement<unknown, string | JSXElementConstructor<any>>' is not assignable to type 'ReactNode | Promise<ReactNode>'.
          Property 'children' is missing in type 'ReactElement<unknown, string | JSXElementConstructor<any>>' but required in type 'ReactPortal'.
app/meal-planner/page.tsx(352,24): error TS2786: 'Image' cannot be used as a JSX component.
  Its type 'ForwardRefExoticComponent<Omit<DetailedHTMLProps<ImgHTMLAttributes<HTMLImageElement>, HTMLImageElement>, "height" | ... 5 more ... | "srcSet"> & { ...; } & RefAttributes<...>>' is not a valid JSX element type.
    Type 'ForwardRefExoticComponent<Omit<DetailedHTMLProps<ImgHTMLAttributes<HTMLImageElement>, HTMLImageElement>, "height" | ... 5 more ... | "srcSet"> & { ...; } & RefAttributes<...>>' is not assignable to type '(props: any) => ReactNode | Promise<ReactNode>'.
      Type 'ReactNode' is not assignable to type 'ReactNode | Promise<ReactNode>'.
        Type 'ReactElement<unknown, string | JSXElementConstructor<any>>' is not assignable to type 'ReactNode | Promise<ReactNode>'.
          Property 'children' is missing in type 'ReactElement<unknown, string | JSXElementConstructor<any>>' but required in type 'ReactPortal'.
app/meal-planner/page.tsx(363,22): error TS2786: 'CardHeader' cannot be used as a JSX component.
  Its type 'ForwardRefExoticComponent<HTMLAttributes<HTMLDivElement> & RefAttributes<HTMLDivElement>>' is not a valid JSX element type.
    Type 'ForwardRefExoticComponent<HTMLAttributes<HTMLDivElement> & RefAttributes<HTMLDivElement>>' is not assignable to type '(props: any) => ReactNode | Promise<ReactNode>'.
      Type 'ReactNode' is not assignable to type 'ReactNode | Promise<ReactNode>'.
        Type 'ReactElement<unknown, string | JSXElementConstructor<any>>' is not assignable to type 'ReactNode | Promise<ReactNode>'.
          Property 'children' is missing in type 'ReactElement<unknown, string | JSXElementConstructor<any>>' but required in type 'ReactPortal'.
app/meal-planner/page.tsx(365,26): error TS2786: 'CardTitle' cannot be used as a JSX component.
  Its type 'ForwardRefExoticComponent<HTMLAttributes<HTMLDivElement> & RefAttributes<HTMLDivElement>>' is not a valid JSX element type.
    Type 'ForwardRefExoticComponent<HTMLAttributes<HTMLDivElement> & RefAttributes<HTMLDivElement>>' is not assignable to type '(props: any) => ReactNode | Promise<ReactNode>'.
      Type 'ReactNode' is not assignable to type 'ReactNode | Promise<ReactNode>'.
        Type 'ReactElement<unknown, string | JSXElementConstructor<any>>' is not assignable to type 'ReactNode | Promise<ReactNode>'.
          Property 'children' is missing in type 'ReactElement<unknown, string | JSXElementConstructor<any>>' but required in type 'ReactPortal'.
app/meal-planner/page.tsx(383,22): error TS2786: 'CardContent' cannot be used as a JSX component.
  Its type 'ForwardRefExoticComponent<HTMLAttributes<HTMLDivElement> & RefAttributes<HTMLDivElement>>' is not a valid JSX element type.
    Type 'ForwardRefExoticComponent<HTMLAttributes<HTMLDivElement> & RefAttributes<HTMLDivElement>>' is not assignable to type '(props: any) => ReactNode | Promise<ReactNode>'.
      Type 'ReactNode' is not assignable to type 'ReactNode | Promise<ReactNode>'.
        Type 'ReactElement<unknown, string | JSXElementConstructor<any>>' is not assignable to type 'ReactNode | Promise<ReactNode>'.
          Property 'children' is missing in type 'ReactElement<unknown, string | JSXElementConstructor<any>>' but required in type 'ReactPortal'.
app/meal-planner/page.tsx(390,22): error TS2786: 'CardFooter' cannot be used as a JSX component.
  Its type 'ForwardRefExoticComponent<HTMLAttributes<HTMLDivElement> & RefAttributes<HTMLDivElement>>' is not a valid JSX element type.
    Type 'ForwardRefExoticComponent<HTMLAttributes<HTMLDivElement> & RefAttributes<HTMLDivElement>>' is not assignable to type '(props: any) => ReactNode | Promise<ReactNode>'.
      Type 'ReactNode' is not assignable to type 'ReactNode | Promise<ReactNode>'.
        Type 'ReactElement<unknown, string | JSXElementConstructor<any>>' is not assignable to type 'ReactNode | Promise<ReactNode>'.
          Property 'children' is missing in type 'ReactElement<unknown, string | JSXElementConstructor<any>>' but required in type 'ReactPortal'.
app/meal-planner/page.tsx(391,24): error TS2786: 'Button' cannot be used as a JSX component.
  Its type 'ForwardRefExoticComponent<ButtonProps & RefAttributes<HTMLButtonElement>>' is not a valid JSX element type.
    Type 'ForwardRefExoticComponent<ButtonProps & RefAttributes<HTMLButtonElement>>' is not assignable to type '(props: any) => ReactNode | Promise<ReactNode>'.
      Type 'ReactNode' is not assignable to type 'ReactNode | Promise<ReactNode>'.
        Type 'ReactElement<unknown, string | JSXElementConstructor<any>>' is not assignable to type 'ReactNode | Promise<ReactNode>'.
          Property 'children' is missing in type 'ReactElement<unknown, string | JSXElementConstructor<any>>' but required in type 'ReactPortal'.
app/meal-planner/page.tsx(399,24): error TS2786: 'Button' cannot be used as a JSX component.
  Its type 'ForwardRefExoticComponent<ButtonProps & RefAttributes<HTMLButtonElement>>' is not a valid JSX element type.
    Type 'ForwardRefExoticComponent<ButtonProps & RefAttributes<HTMLButtonElement>>' is not assignable to type '(props: any) => ReactNode | Promise<ReactNode>'.
      Type 'ReactNode' is not assignable to type 'ReactNode | Promise<ReactNode>'.
        Type 'ReactElement<unknown, string | JSXElementConstructor<any>>' is not assignable to type 'ReactNode | Promise<ReactNode>'.
          Property 'children' is missing in type 'ReactElement<unknown, string | JSXElementConstructor<any>>' but required in type 'ReactPortal'.
app/meal-planner/page.tsx(407,30): error TS2786: 'Check' cannot be used as a JSX component.
  Its type 'ForwardRefExoticComponent<Omit<LucideProps, "ref"> & RefAttributes<SVGSVGElement>>' is not a valid JSX element type.
    Type 'ForwardRefExoticComponent<Omit<LucideProps, "ref"> & RefAttributes<SVGSVGElement>>' is not assignable to type '(props: any) => ReactNode | Promise<ReactNode>'.
      Type 'ReactNode' is not assignable to type 'ReactNode | Promise<ReactNode>'.
        Type 'ReactElement<unknown, string | JSXElementConstructor<any>>' is not assignable to type 'ReactNode | Promise<ReactNode>'.
          Property 'children' is missing in type 'ReactElement<unknown, string | JSXElementConstructor<any>>' but required in type 'ReactPortal'.
app/meal-planner/page.tsx(429,14): error TS2786: 'Card' cannot be used as a JSX component.
  Its type 'ForwardRefExoticComponent<HTMLAttributes<HTMLDivElement> & RefAttributes<HTMLDivElement>>' is not a valid JSX element type.
    Type 'ForwardRefExoticComponent<HTMLAttributes<HTMLDivElement> & RefAttributes<HTMLDivElement>>' is not assignable to type '(props: any) => ReactNode | Promise<ReactNode>'.
      Type 'ReactNode' is not assignable to type 'ReactNode | Promise<ReactNode>'.
        Type 'ReactElement<unknown, string | JSXElementConstructor<any>>' is not assignable to type 'ReactNode | Promise<ReactNode>'.
          Property 'children' is missing in type 'ReactElement<unknown, string | JSXElementConstructor<any>>' but required in type 'ReactPortal'.
app/meal-planner/page.tsx(430,16): error TS2786: 'CardHeader' cannot be used as a JSX component.
  Its type 'ForwardRefExoticComponent<HTMLAttributes<HTMLDivElement> & RefAttributes<HTMLDivElement>>' is not a valid JSX element type.
    Type 'ForwardRefExoticComponent<HTMLAttributes<HTMLDivElement> & RefAttributes<HTMLDivElement>>' is not assignable to type '(props: any) => ReactNode | Promise<ReactNode>'.
      Type 'ReactNode' is not assignable to type 'ReactNode | Promise<ReactNode>'.
        Type 'ReactElement<unknown, string | JSXElementConstructor<any>>' is not assignable to type 'ReactNode | Promise<ReactNode>'.
          Property 'children' is missing in type 'ReactElement<unknown, string | JSXElementConstructor<any>>' but required in type 'ReactPortal'.
app/meal-planner/page.tsx(431,18): error TS2786: 'CardTitle' cannot be used as a JSX component.
  Its type 'ForwardRefExoticComponent<HTMLAttributes<HTMLDivElement> & RefAttributes<HTMLDivElement>>' is not a valid JSX element type.
    Type 'ForwardRefExoticComponent<HTMLAttributes<HTMLDivElement> & RefAttributes<HTMLDivElement>>' is not assignable to type '(props: any) => ReactNode | Promise<ReactNode>'.
      Type 'ReactNode' is not assignable to type 'ReactNode | Promise<ReactNode>'.
        Type 'ReactElement<unknown, string | JSXElementConstructor<any>>' is not assignable to type 'ReactNode | Promise<ReactNode>'.
          Property 'children' is missing in type 'ReactElement<unknown, string | JSXElementConstructor<any>>' but required in type 'ReactPortal'.
app/meal-planner/page.tsx(432,20): error TS2786: 'Leaf' cannot be used as a JSX component.
  Its type 'ForwardRefExoticComponent<Omit<LucideProps, "ref"> & RefAttributes<SVGSVGElement>>' is not a valid JSX element type.
    Type 'ForwardRefExoticComponent<Omit<LucideProps, "ref"> & RefAttributes<SVGSVGElement>>' is not assignable to type '(props: any) => ReactNode | Promise<ReactNode>'.
      Type 'ReactNode' is not assignable to type 'ReactNode | Promise<ReactNode>'.
        Type 'ReactElement<unknown, string | JSXElementConstructor<any>>' is not assignable to type 'ReactNode | Promise<ReactNode>'.
          Property 'children' is missing in type 'ReactElement<unknown, string | JSXElementConstructor<any>>' but required in type 'ReactPortal'.
app/meal-planner/page.tsx(435,18): error TS2786: 'CardDescription' cannot be used as a JSX component.
  Its type 'ForwardRefExoticComponent<HTMLAttributes<HTMLDivElement> & RefAttributes<HTMLDivElement>>' is not a valid JSX element type.
    Type 'ForwardRefExoticComponent<HTMLAttributes<HTMLDivElement> & RefAttributes<HTMLDivElement>>' is not assignable to type '(props: any) => ReactNode | Promise<ReactNode>'.
      Type 'ReactNode' is not assignable to type 'ReactNode | Promise<ReactNode>'.
        Type 'ReactElement<unknown, string | JSXElementConstructor<any>>' is not assignable to type 'ReactNode | Promise<ReactNode>'.
          Property 'children' is missing in type 'ReactElement<unknown, string | JSXElementConstructor<any>>' but required in type 'ReactPortal'.
app/meal-planner/page.tsx(437,16): error TS2786: 'CardContent' cannot be used as a JSX component.
  Its type 'ForwardRefExoticComponent<HTMLAttributes<HTMLDivElement> & RefAttributes<HTMLDivElement>>' is not a valid JSX element type.
    Type 'ForwardRefExoticComponent<HTMLAttributes<HTMLDivElement> & RefAttributes<HTMLDivElement>>' is not assignable to type '(props: any) => ReactNode | Promise<ReactNode>'.
      Type 'ReactNode' is not assignable to type 'ReactNode | Promise<ReactNode>'.
        Type 'ReactElement<unknown, string | JSXElementConstructor<any>>' is not assignable to type 'ReactNode | Promise<ReactNode>'.
          Property 'children' is missing in type 'ReactElement<unknown, string | JSXElementConstructor<any>>' but required in type 'ReactPortal'.
app/meal-planner/page.tsx(457,26): error TS2786: 'Button' cannot be used as a JSX component.
  Its type 'ForwardRefExoticComponent<ButtonProps & RefAttributes<HTMLButtonElement>>' is not a valid JSX element type.
    Type 'ForwardRefExoticComponent<ButtonProps & RefAttributes<HTMLButtonElement>>' is not assignable to type '(props: any) => ReactNode | Promise<ReactNode>'.
      Type 'ReactNode' is not assignable to type 'ReactNode | Promise<ReactNode>'.
        Type 'ReactElement<unknown, string | JSXElementConstructor<any>>' is not assignable to type 'ReactNode | Promise<ReactNode>'.
          Property 'children' is missing in type 'ReactElement<unknown, string | JSXElementConstructor<any>>' but required in type 'ReactPortal'.
app/meal-planner/page.tsx(514,28): error TS2786: 'Leaf' cannot be used as a JSX component.
  Its type 'ForwardRefExoticComponent<Omit<LucideProps, "ref"> & RefAttributes<SVGSVGElement>>' is not a valid JSX element type.
    Type 'ForwardRefExoticComponent<Omit<LucideProps, "ref"> & RefAttributes<SVGSVGElement>>' is not assignable to type '(props: any) => ReactNode | Promise<ReactNode>'.
      Type 'ReactNode' is not assignable to type 'ReactNode | Promise<ReactNode>'.
        Type 'ReactElement<unknown, string | JSXElementConstructor<any>>' is not assignable to type 'ReactNode | Promise<ReactNode>'.
          Property 'children' is missing in type 'ReactElement<unknown, string | JSXElementConstructor<any>>' but required in type 'ReactPortal'.
app/meal-planner/page.tsx(532,18): error TS2786: 'CardFooter' cannot be used as a JSX component.
  Its type 'ForwardRefExoticComponent<HTMLAttributes<HTMLDivElement> & RefAttributes<HTMLDivElement>>' is not a valid JSX element type.
    Type 'ForwardRefExoticComponent<HTMLAttributes<HTMLDivElement> & RefAttributes<HTMLDivElement>>' is not assignable to type '(props: any) => ReactNode | Promise<ReactNode>'.
      Type 'ReactNode' is not assignable to type 'ReactNode | Promise<ReactNode>'.
        Type 'ReactElement<unknown, string | JSXElementConstructor<any>>' is not assignable to type 'ReactNode | Promise<ReactNode>'.
          Property 'children' is missing in type 'ReactElement<unknown, string | JSXElementConstructor<any>>' but required in type 'ReactPortal'.
app/meal-planner/page.tsx(534,22): error TS2786: 'Button' cannot be used as a JSX component.
  Its type 'ForwardRefExoticComponent<ButtonProps & RefAttributes<HTMLButtonElement>>' is not a valid JSX element type.
    Type 'ForwardRefExoticComponent<ButtonProps & RefAttributes<HTMLButtonElement>>' is not assignable to type '(props: any) => ReactNode | Promise<ReactNode>'.
      Type 'ReactNode' is not assignable to type 'ReactNode | Promise<ReactNode>'.
        Type 'ReactElement<unknown, string | JSXElementConstructor<any>>' is not assignable to type 'ReactNode | Promise<ReactNode>'.
          Property 'children' is missing in type 'ReactElement<unknown, string | JSXElementConstructor<any>>' but required in type 'ReactPortal'.
app/meal-planner/page.tsx(541,22): error TS2786: 'Button' cannot be used as a JSX component.
  Its type 'ForwardRefExoticComponent<ButtonProps & RefAttributes<HTMLButtonElement>>' is not a valid JSX element type.
    Type 'ForwardRefExoticComponent<ButtonProps & RefAttributes<HTMLButtonElement>>' is not assignable to type '(props: any) => ReactNode | Promise<ReactNode>'.
      Type 'ReactNode' is not assignable to type 'ReactNode | Promise<ReactNode>'.
        Type 'ReactElement<unknown, string | JSXElementConstructor<any>>' is not assignable to type 'ReactNode | Promise<ReactNode>'.
          Property 'children' is missing in type 'ReactElement<unknown, string | JSXElementConstructor<any>>' but required in type 'ReactPortal'.
app/order/page.tsx(227,12): error TS2786: 'Card' cannot be used as a JSX component.
  Its type 'ForwardRefExoticComponent<HTMLAttributes<HTMLDivElement> & RefAttributes<HTMLDivElement>>' is not a valid JSX element type.
    Type 'ForwardRefExoticComponent<HTMLAttributes<HTMLDivElement> & RefAttributes<HTMLDivElement>>' is not assignable to type '(props: any) => ReactNode | Promise<ReactNode>'.
      Type 'ReactNode' is not assignable to type 'ReactNode | Promise<ReactNode>'.
        Type 'ReactElement<unknown, string | JSXElementConstructor<any>>' is not assignable to type 'ReactNode | Promise<ReactNode>'.
          Property 'children' is missing in type 'ReactElement<unknown, string | JSXElementConstructor<any>>' but required in type 'ReactPortal'.
app/order/page.tsx(228,14): error TS2786: 'CardHeader' cannot be used as a JSX component.
  Its type 'ForwardRefExoticComponent<HTMLAttributes<HTMLDivElement> & RefAttributes<HTMLDivElement>>' is not a valid JSX element type.
    Type 'ForwardRefExoticComponent<HTMLAttributes<HTMLDivElement> & RefAttributes<HTMLDivElement>>' is not assignable to type '(props: any) => ReactNode | Promise<ReactNode>'.
      Type 'ReactNode' is not assignable to type 'ReactNode | Promise<ReactNode>'.
        Type 'ReactElement<unknown, string | JSXElementConstructor<any>>' is not assignable to type 'ReactNode | Promise<ReactNode>'.
          Property 'children' is missing in type 'ReactElement<unknown, string | JSXElementConstructor<any>>' but required in type 'ReactPortal'.
app/order/page.tsx(231,20): error TS2786: 'Check' cannot be used as a JSX component.
  Its type 'ForwardRefExoticComponent<Omit<LucideProps, "ref"> & RefAttributes<SVGSVGElement>>' is not a valid JSX element type.
    Type 'ForwardRefExoticComponent<Omit<LucideProps, "ref"> & RefAttributes<SVGSVGElement>>' is not assignable to type '(props: any) => ReactNode | Promise<ReactNode>'.
      Type 'ReactNode' is not assignable to type 'ReactNode | Promise<ReactNode>'.
        Type 'ReactElement<unknown, string | JSXElementConstructor<any>>' is not assignable to type 'ReactNode | Promise<ReactNode>'.
          Property 'children' is missing in type 'ReactElement<unknown, string | JSXElementConstructor<any>>' but required in type 'ReactPortal'.
app/order/page.tsx(234,16): error TS2786: 'CardTitle' cannot be used as a JSX component.
  Its type 'ForwardRefExoticComponent<HTMLAttributes<HTMLDivElement> & RefAttributes<HTMLDivElement>>' is not a valid JSX element type.
    Type 'ForwardRefExoticComponent<HTMLAttributes<HTMLDivElement> & RefAttributes<HTMLDivElement>>' is not assignable to type '(props: any) => ReactNode | Promise<ReactNode>'.
      Type 'ReactNode' is not assignable to type 'ReactNode | Promise<ReactNode>'.
        Type 'ReactElement<unknown, string | JSXElementConstructor<any>>' is not assignable to type 'ReactNode | Promise<ReactNode>'.
          Property 'children' is missing in type 'ReactElement<unknown, string | JSXElementConstructor<any>>' but required in type 'ReactPortal'.
app/order/page.tsx(235,16): error TS2786: 'CardDescription' cannot be used as a JSX component.
  Its type 'ForwardRefExoticComponent<HTMLAttributes<HTMLDivElement> & RefAttributes<HTMLDivElement>>' is not a valid JSX element type.
    Type 'ForwardRefExoticComponent<HTMLAttributes<HTMLDivElement> & RefAttributes<HTMLDivElement>>' is not assignable to type '(props: any) => ReactNode | Promise<ReactNode>'.
      Type 'ReactNode' is not assignable to type 'ReactNode | Promise<ReactNode>'.
        Type 'ReactElement<unknown, string | JSXElementConstructor<any>>' is not assignable to type 'ReactNode | Promise<ReactNode>'.
          Property 'children' is missing in type 'ReactElement<unknown, string | JSXElementConstructor<any>>' but required in type 'ReactPortal'.
app/order/page.tsx(239,14): error TS2786: 'CardContent' cannot be used as a JSX component.
  Its type 'ForwardRefExoticComponent<HTMLAttributes<HTMLDivElement> & RefAttributes<HTMLDivElement>>' is not a valid JSX element type.
    Type 'ForwardRefExoticComponent<HTMLAttributes<HTMLDivElement> & RefAttributes<HTMLDivElement>>' is not assignable to type '(props: any) => ReactNode | Promise<ReactNode>'.
      Type 'ReactNode' is not assignable to type 'ReactNode | Promise<ReactNode>'.
        Type 'ReactElement<unknown, string | JSXElementConstructor<any>>' is not assignable to type 'ReactNode | Promise<ReactNode>'.
          Property 'children' is missing in type 'ReactElement<unknown, string | JSXElementConstructor<any>>' but required in type 'ReactPortal'.
app/order/page.tsx(329,14): error TS2786: 'CardFooter' cannot be used as a JSX component.
  Its type 'ForwardRefExoticComponent<HTMLAttributes<HTMLDivElement> & RefAttributes<HTMLDivElement>>' is not a valid JSX element type.
    Type 'ForwardRefExoticComponent<HTMLAttributes<HTMLDivElement> & RefAttributes<HTMLDivElement>>' is not assignable to type '(props: any) => ReactNode | Promise<ReactNode>'.
      Type 'ReactNode' is not assignable to type 'ReactNode | Promise<ReactNode>'.
        Type 'ReactElement<unknown, string | JSXElementConstructor<any>>' is not assignable to type 'ReactNode | Promise<ReactNode>'.
          Property 'children' is missing in type 'ReactElement<unknown, string | JSXElementConstructor<any>>' but required in type 'ReactPortal'.
app/order/page.tsx(330,16): error TS2786: 'Button' cannot be used as a JSX component.
  Its type 'ForwardRefExoticComponent<ButtonProps & RefAttributes<HTMLButtonElement>>' is not a valid JSX element type.
    Type 'ForwardRefExoticComponent<ButtonProps & RefAttributes<HTMLButtonElement>>' is not assignable to type '(props: any) => ReactNode | Promise<ReactNode>'.
      Type 'ReactNode' is not assignable to type 'ReactNode | Promise<ReactNode>'.
        Type 'ReactElement<unknown, string | JSXElementConstructor<any>>' is not assignable to type 'ReactNode | Promise<ReactNode>'.
          Property 'children' is missing in type 'ReactElement<unknown, string | JSXElementConstructor<any>>' but required in type 'ReactPortal'.
app/order/page.tsx(339,16): error TS2786: 'Tabs' cannot be used as a JSX component.
  Its type 'ForwardRefExoticComponent<TabsProps & RefAttributes<HTMLDivElement>>' is not a valid JSX element type.
    Type 'ForwardRefExoticComponent<TabsProps & RefAttributes<HTMLDivElement>>' is not assignable to type '(props: any) => ReactNode | Promise<ReactNode>'.
      Type 'ReactNode' is not assignable to type 'ReactNode | Promise<ReactNode>'.
        Type 'ReactElement<unknown, string | JSXElementConstructor<any>>' is not assignable to type 'ReactNode | Promise<ReactNode>'.
          Property 'children' is missing in type 'ReactElement<unknown, string | JSXElementConstructor<any>>' but required in type 'ReactPortal'.
app/order/page.tsx(341,20): error TS2786: 'TabsList' cannot be used as a JSX component.
  Its type 'ForwardRefExoticComponent<Omit<TabsListProps & RefAttributes<HTMLDivElement>, "ref"> & RefAttributes<HTMLDivElement>>' is not a valid JSX element type.
    Type 'ForwardRefExoticComponent<Omit<TabsListProps & RefAttributes<HTMLDivElement>, "ref"> & RefAttributes<HTMLDivElement>>' is not assignable to type '(props: any) => ReactNode | Promise<ReactNode>'.
      Type 'ReactNode' is not assignable to type 'ReactNode | Promise<ReactNode>'.
        Type 'ReactElement<unknown, string | JSXElementConstructor<any>>' is not assignable to type 'ReactNode | Promise<ReactNode>'.
          Property 'children' is missing in type 'ReactElement<unknown, string | JSXElementConstructor<any>>' but required in type 'ReactPortal'.
app/order/page.tsx(342,22): error TS2786: 'TabsTrigger' cannot be used as a JSX component.
  Its type 'ForwardRefExoticComponent<Omit<TabsTriggerProps & RefAttributes<HTMLButtonElement>, "ref"> & RefAttributes<HTMLButtonElement>>' is not a valid JSX element type.
    Type 'ForwardRefExoticComponent<Omit<TabsTriggerProps & RefAttributes<HTMLButtonElement>, "ref"> & RefAttributes<HTMLButtonElement>>' is not assignable to type '(props: any) => ReactNode | Promise<ReactNode>'.
      Type 'ReactNode' is not assignable to type 'ReactNode | Promise<ReactNode>'.
        Type 'ReactElement<unknown, string | JSXElementConstructor<any>>' is not assignable to type 'ReactNode | Promise<ReactNode>'.
          Property 'children' is missing in type 'ReactElement<unknown, string | JSXElementConstructor<any>>' but required in type 'ReactPortal'.
app/order/page.tsx(343,22): error TS2786: 'TabsTrigger' cannot be used as a JSX component.
  Its type 'ForwardRefExoticComponent<Omit<TabsTriggerProps & RefAttributes<HTMLButtonElement>, "ref"> & RefAttributes<HTMLButtonElement>>' is not a valid JSX element type.
    Type 'ForwardRefExoticComponent<Omit<TabsTriggerProps & RefAttributes<HTMLButtonElement>, "ref"> & RefAttributes<HTMLButtonElement>>' is not assignable to type '(props: any) => ReactNode | Promise<ReactNode>'.
      Type 'ReactNode' is not assignable to type 'ReactNode | Promise<ReactNode>'.
        Type 'ReactElement<unknown, string | JSXElementConstructor<any>>' is not assignable to type 'ReactNode | Promise<ReactNode>'.
          Property 'children' is missing in type 'ReactElement<unknown, string | JSXElementConstructor<any>>' but required in type 'ReactPortal'.
app/order/page.tsx(344,22): error TS2786: 'TabsTrigger' cannot be used as a JSX component.
  Its type 'ForwardRefExoticComponent<Omit<TabsTriggerProps & RefAttributes<HTMLButtonElement>, "ref"> & RefAttributes<HTMLButtonElement>>' is not a valid JSX element type.
    Type 'ForwardRefExoticComponent<Omit<TabsTriggerProps & RefAttributes<HTMLButtonElement>, "ref"> & RefAttributes<HTMLButtonElement>>' is not assignable to type '(props: any) => ReactNode | Promise<ReactNode>'.
      Type 'ReactNode' is not assignable to type 'ReactNode | Promise<ReactNode>'.
        Type 'ReactElement<unknown, string | JSXElementConstructor<any>>' is not assignable to type 'ReactNode | Promise<ReactNode>'.
          Property 'children' is missing in type 'ReactElement<unknown, string | JSXElementConstructor<any>>' but required in type 'ReactPortal'.
app/order/page.tsx(345,22): error TS2786: 'TabsTrigger' cannot be used as a JSX component.
  Its type 'ForwardRefExoticComponent<Omit<TabsTriggerProps & RefAttributes<HTMLButtonElement>, "ref"> & RefAttributes<HTMLButtonElement>>' is not a valid JSX element type.
    Type 'ForwardRefExoticComponent<Omit<TabsTriggerProps & RefAttributes<HTMLButtonElement>, "ref"> & RefAttributes<HTMLButtonElement>>' is not assignable to type '(props: any) => ReactNode | Promise<ReactNode>'.
      Type 'ReactNode' is not assignable to type 'ReactNode | Promise<ReactNode>'.
        Type 'ReactElement<unknown, string | JSXElementConstructor<any>>' is not assignable to type 'ReactNode | Promise<ReactNode>'.
          Property 'children' is missing in type 'ReactElement<unknown, string | JSXElementConstructor<any>>' but required in type 'ReactPortal'.
app/order/page.tsx(348,20): error TS2786: 'Button' cannot be used as a JSX component.
  Its type 'ForwardRefExoticComponent<ButtonProps & RefAttributes<HTMLButtonElement>>' is not a valid JSX element type.
    Type 'ForwardRefExoticComponent<ButtonProps & RefAttributes<HTMLButtonElement>>' is not assignable to type '(props: any) => ReactNode | Promise<ReactNode>'.
      Type 'ReactNode' is not assignable to type 'ReactNode | Promise<ReactNode>'.
        Type 'ReactElement<unknown, string | JSXElementConstructor<any>>' is not assignable to type 'ReactNode | Promise<ReactNode>'.
          Property 'children' is missing in type 'ReactElement<unknown, string | JSXElementConstructor<any>>' but required in type 'ReactPortal'.
app/order/page.tsx(353,46): error TS2786: 'Check' cannot be used as a JSX component.
  Its type 'ForwardRefExoticComponent<Omit<LucideProps, "ref"> & RefAttributes<SVGSVGElement>>' is not a valid JSX element type.
    Type 'ForwardRefExoticComponent<Omit<LucideProps, "ref"> & RefAttributes<SVGSVGElement>>' is not assignable to type '(props: any) => ReactNode | Promise<ReactNode>'.
      Type 'ReactNode' is not assignable to type 'ReactNode | Promise<ReactNode>'.
        Type 'ReactElement<unknown, string | JSXElementConstructor<any>>' is not assignable to type 'ReactNode | Promise<ReactNode>'.
          Property 'children' is missing in type 'ReactElement<unknown, string | JSXElementConstructor<any>>' but required in type 'ReactPortal'.
app/order/page.tsx(358,18): error TS2786: 'TabsContent' cannot be used as a JSX component.
  Its type 'ForwardRefExoticComponent<Omit<TabsContentProps & RefAttributes<HTMLDivElement>, "ref"> & RefAttributes<HTMLDivElement>>' is not a valid JSX element type.
    Type 'ForwardRefExoticComponent<Omit<TabsContentProps & RefAttributes<HTMLDivElement>, "ref"> & RefAttributes<HTMLDivElement>>' is not assignable to type '(props: any) => ReactNode | Promise<ReactNode>'.
      Type 'ReactNode' is not assignable to type 'ReactNode | Promise<ReactNode>'.
        Type 'ReactElement<unknown, string | JSXElementConstructor<any>>' is not assignable to type 'ReactNode | Promise<ReactNode>'.
          Property 'children' is missing in type 'ReactElement<unknown, string | JSXElementConstructor<any>>' but required in type 'ReactPortal'.
app/order/page.tsx(361,24): error TS2786: 'Card' cannot be used as a JSX component.
  Its type 'ForwardRefExoticComponent<HTMLAttributes<HTMLDivElement> & RefAttributes<HTMLDivElement>>' is not a valid JSX element type.
    Type 'ForwardRefExoticComponent<HTMLAttributes<HTMLDivElement> & RefAttributes<HTMLDivElement>>' is not assignable to type '(props: any) => ReactNode | Promise<ReactNode>'.
      Type 'ReactNode' is not assignable to type 'ReactNode | Promise<ReactNode>'.
        Type 'ReactElement<unknown, string | JSXElementConstructor<any>>' is not assignable to type 'ReactNode | Promise<ReactNode>'.
          Property 'children' is missing in type 'ReactElement<unknown, string | JSXElementConstructor<any>>' but required in type 'ReactPortal'.
app/order/page.tsx(366,28): error TS2786: 'Image' cannot be used as a JSX component.
  Its type 'ForwardRefExoticComponent<Omit<DetailedHTMLProps<ImgHTMLAttributes<HTMLImageElement>, HTMLImageElement>, "height" | ... 5 more ... | "srcSet"> & { ...; } & RefAttributes<...>>' is not a valid JSX element type.
    Type 'ForwardRefExoticComponent<Omit<DetailedHTMLProps<ImgHTMLAttributes<HTMLImageElement>, HTMLImageElement>, "height" | ... 5 more ... | "srcSet"> & { ...; } & RefAttributes<...>>' is not assignable to type '(props: any) => ReactNode | Promise<ReactNode>'.
      Type 'ReactNode' is not assignable to type 'ReactNode | Promise<ReactNode>'.
        Type 'ReactElement<unknown, string | JSXElementConstructor<any>>' is not assignable to type 'ReactNode | Promise<ReactNode>'.
          Property 'children' is missing in type 'ReactElement<unknown, string | JSXElementConstructor<any>>' but required in type 'ReactPortal'.
app/order/page.tsx(377,26): error TS2786: 'CardHeader' cannot be used as a JSX component.
  Its type 'ForwardRefExoticComponent<HTMLAttributes<HTMLDivElement> & RefAttributes<HTMLDivElement>>' is not a valid JSX element type.
    Type 'ForwardRefExoticComponent<HTMLAttributes<HTMLDivElement> & RefAttributes<HTMLDivElement>>' is not assignable to type '(props: any) => ReactNode | Promise<ReactNode>'.
      Type 'ReactNode' is not assignable to type 'ReactNode | Promise<ReactNode>'.
        Type 'ReactElement<unknown, string | JSXElementConstructor<any>>' is not assignable to type 'ReactNode | Promise<ReactNode>'.
          Property 'children' is missing in type 'ReactElement<unknown, string | JSXElementConstructor<any>>' but required in type 'ReactPortal'.
app/order/page.tsx(379,30): error TS2786: 'CardTitle' cannot be used as a JSX component.
  Its type 'ForwardRefExoticComponent<HTMLAttributes<HTMLDivElement> & RefAttributes<HTMLDivElement>>' is not a valid JSX element type.
    Type 'ForwardRefExoticComponent<HTMLAttributes<HTMLDivElement> & RefAttributes<HTMLDivElement>>' is not assignable to type '(props: any) => ReactNode | Promise<ReactNode>'.
      Type 'ReactNode' is not assignable to type 'ReactNode | Promise<ReactNode>'.
        Type 'ReactElement<unknown, string | JSXElementConstructor<any>>' is not assignable to type 'ReactNode | Promise<ReactNode>'.
          Property 'children' is missing in type 'ReactElement<unknown, string | JSXElementConstructor<any>>' but required in type 'ReactPortal'.
app/order/page.tsx(386,26): error TS2786: 'CardContent' cannot be used as a JSX component.
  Its type 'ForwardRefExoticComponent<HTMLAttributes<HTMLDivElement> & RefAttributes<HTMLDivElement>>' is not a valid JSX element type.
    Type 'ForwardRefExoticComponent<HTMLAttributes<HTMLDivElement> & RefAttributes<HTMLDivElement>>' is not assignable to type '(props: any) => ReactNode | Promise<ReactNode>'.
      Type 'ReactNode' is not assignable to type 'ReactNode | Promise<ReactNode>'.
        Type 'ReactElement<unknown, string | JSXElementConstructor<any>>' is not assignable to type 'ReactNode | Promise<ReactNode>'.
          Property 'children' is missing in type 'ReactElement<unknown, string | JSXElementConstructor<any>>' but required in type 'ReactPortal'.
app/order/page.tsx(405,26): error TS2786: 'CardFooter' cannot be used as a JSX component.
  Its type 'ForwardRefExoticComponent<HTMLAttributes<HTMLDivElement> & RefAttributes<HTMLDivElement>>' is not a valid JSX element type.
    Type 'ForwardRefExoticComponent<HTMLAttributes<HTMLDivElement> & RefAttributes<HTMLDivElement>>' is not assignable to type '(props: any) => ReactNode | Promise<ReactNode>'.
      Type 'ReactNode' is not assignable to type 'ReactNode | Promise<ReactNode>'.
        Type 'ReactElement<unknown, string | JSXElementConstructor<any>>' is not assignable to type 'ReactNode | Promise<ReactNode>'.
          Property 'children' is missing in type 'ReactElement<unknown, string | JSXElementConstructor<any>>' but required in type 'ReactPortal'.
app/order/page.tsx(406,28): error TS2786: 'Button' cannot be used as a JSX component.
  Its type 'ForwardRefExoticComponent<ButtonProps & RefAttributes<HTMLButtonElement>>' is not a valid JSX element type.
    Type 'ForwardRefExoticComponent<ButtonProps & RefAttributes<HTMLButtonElement>>' is not assignable to type '(props: any) => ReactNode | Promise<ReactNode>'.
      Type 'ReactNode' is not assignable to type 'ReactNode | Promise<ReactNode>'.
        Type 'ReactElement<unknown, string | JSXElementConstructor<any>>' is not assignable to type 'ReactNode | Promise<ReactNode>'.
          Property 'children' is missing in type 'ReactElement<unknown, string | JSXElementConstructor<any>>' but required in type 'ReactPortal'.
app/order/page.tsx(413,34): error TS2786: 'ShoppingCart' cannot be used as a JSX component.
  Its type 'ForwardRefExoticComponent<Omit<LucideProps, "ref"> & RefAttributes<SVGSVGElement>>' is not a valid JSX element type.
    Type 'ForwardRefExoticComponent<Omit<LucideProps, "ref"> & RefAttributes<SVGSVGElement>>' is not assignable to type '(props: any) => ReactNode | Promise<ReactNode>'.
      Type 'ReactNode' is not assignable to type 'ReactNode | Promise<ReactNode>'.
        Type 'ReactElement<unknown, string | JSXElementConstructor<any>>' is not assignable to type 'ReactNode | Promise<ReactNode>'.
          Property 'children' is missing in type 'ReactElement<unknown, string | JSXElementConstructor<any>>' but required in type 'ReactPortal'.
app/order/page.tsx(426,18): error TS2786: 'TabsContent' cannot be used as a JSX component.
  Its type 'ForwardRefExoticComponent<Omit<TabsContentProps & RefAttributes<HTMLDivElement>, "ref"> & RefAttributes<HTMLDivElement>>' is not a valid JSX element type.
    Type 'ForwardRefExoticComponent<Omit<TabsContentProps & RefAttributes<HTMLDivElement>, "ref"> & RefAttributes<HTMLDivElement>>' is not assignable to type '(props: any) => ReactNode | Promise<ReactNode>'.
      Type 'ReactNode' is not assignable to type 'ReactNode | Promise<ReactNode>'.
        Type 'ReactElement<unknown, string | JSXElementConstructor<any>>' is not assignable to type 'ReactNode | Promise<ReactNode>'.
          Property 'children' is missing in type 'ReactElement<unknown, string | JSXElementConstructor<any>>' but required in type 'ReactPortal'.
app/order/page.tsx(431,26): error TS2786: 'Card' cannot be used as a JSX component.
  Its type 'ForwardRefExoticComponent<HTMLAttributes<HTMLDivElement> & RefAttributes<HTMLDivElement>>' is not a valid JSX element type.
    Type 'ForwardRefExoticComponent<HTMLAttributes<HTMLDivElement> & RefAttributes<HTMLDivElement>>' is not assignable to type '(props: any) => ReactNode | Promise<ReactNode>'.
      Type 'ReactNode' is not assignable to type 'ReactNode | Promise<ReactNode>'.
        Type 'ReactElement<unknown, string | JSXElementConstructor<any>>' is not assignable to type 'ReactNode | Promise<ReactNode>'.
          Property 'children' is missing in type 'ReactElement<unknown, string | JSXElementConstructor<any>>' but required in type 'ReactPortal'.
app/order/page.tsx(436,30): error TS2786: 'Image' cannot be used as a JSX component.
  Its type 'ForwardRefExoticComponent<Omit<DetailedHTMLProps<ImgHTMLAttributes<HTMLImageElement>, HTMLImageElement>, "height" | ... 5 more ... | "srcSet"> & { ...; } & RefAttributes<...>>' is not a valid JSX element type.
    Type 'ForwardRefExoticComponent<Omit<DetailedHTMLProps<ImgHTMLAttributes<HTMLImageElement>, HTMLImageElement>, "height" | ... 5 more ... | "srcSet"> & { ...; } & RefAttributes<...>>' is not assignable to type '(props: any) => ReactNode | Promise<ReactNode>'.
      Type 'ReactNode' is not assignable to type 'ReactNode | Promise<ReactNode>'.
        Type 'ReactElement<unknown, string | JSXElementConstructor<any>>' is not assignable to type 'ReactNode | Promise<ReactNode>'.
          Property 'children' is missing in type 'ReactElement<unknown, string | JSXElementConstructor<any>>' but required in type 'ReactPortal'.
app/order/page.tsx(447,28): error TS2786: 'CardHeader' cannot be used as a JSX component.
  Its type 'ForwardRefExoticComponent<HTMLAttributes<HTMLDivElement> & RefAttributes<HTMLDivElement>>' is not a valid JSX element type.
    Type 'ForwardRefExoticComponent<HTMLAttributes<HTMLDivElement> & RefAttributes<HTMLDivElement>>' is not assignable to type '(props: any) => ReactNode | Promise<ReactNode>'.
      Type 'ReactNode' is not assignable to type 'ReactNode | Promise<ReactNode>'.
        Type 'ReactElement<unknown, string | JSXElementConstructor<any>>' is not assignable to type 'ReactNode | Promise<ReactNode>'.
          Property 'children' is missing in type 'ReactElement<unknown, string | JSXElementConstructor<any>>' but required in type 'ReactPortal'.
app/order/page.tsx(449,32): error TS2786: 'CardTitle' cannot be used as a JSX component.
  Its type 'ForwardRefExoticComponent<HTMLAttributes<HTMLDivElement> & RefAttributes<HTMLDivElement>>' is not a valid JSX element type.
    Type 'ForwardRefExoticComponent<HTMLAttributes<HTMLDivElement> & RefAttributes<HTMLDivElement>>' is not assignable to type '(props: any) => ReactNode | Promise<ReactNode>'.
      Type 'ReactNode' is not assignable to type 'ReactNode | Promise<ReactNode>'.
        Type 'ReactElement<unknown, string | JSXElementConstructor<any>>' is not assignable to type 'ReactNode | Promise<ReactNode>'.
          Property 'children' is missing in type 'ReactElement<unknown, string | JSXElementConstructor<any>>' but required in type 'ReactPortal'.
app/order/page.tsx(456,28): error TS2786: 'CardContent' cannot be used as a JSX component.
  Its type 'ForwardRefExoticComponent<HTMLAttributes<HTMLDivElement> & RefAttributes<HTMLDivElement>>' is not a valid JSX element type.
    Type 'ForwardRefExoticComponent<HTMLAttributes<HTMLDivElement> & RefAttributes<HTMLDivElement>>' is not assignable to type '(props: any) => ReactNode | Promise<ReactNode>'.
      Type 'ReactNode' is not assignable to type 'ReactNode | Promise<ReactNode>'.
        Type 'ReactElement<unknown, string | JSXElementConstructor<any>>' is not assignable to type 'ReactNode | Promise<ReactNode>'.
          Property 'children' is missing in type 'ReactElement<unknown, string | JSXElementConstructor<any>>' but required in type 'ReactPortal'.
app/order/page.tsx(475,28): error TS2786: 'CardFooter' cannot be used as a JSX component.
  Its type 'ForwardRefExoticComponent<HTMLAttributes<HTMLDivElement> & RefAttributes<HTMLDivElement>>' is not a valid JSX element type.
    Type 'ForwardRefExoticComponent<HTMLAttributes<HTMLDivElement> & RefAttributes<HTMLDivElement>>' is not assignable to type '(props: any) => ReactNode | Promise<ReactNode>'.
      Type 'ReactNode' is not assignable to type 'ReactNode | Promise<ReactNode>'.
        Type 'ReactElement<unknown, string | JSXElementConstructor<any>>' is not assignable to type 'ReactNode | Promise<ReactNode>'.
          Property 'children' is missing in type 'ReactElement<unknown, string | JSXElementConstructor<any>>' but required in type 'ReactPortal'.
app/order/page.tsx(476,30): error TS2786: 'Button' cannot be used as a JSX component.
  Its type 'ForwardRefExoticComponent<ButtonProps & RefAttributes<HTMLButtonElement>>' is not a valid JSX element type.
    Type 'ForwardRefExoticComponent<ButtonProps & RefAttributes<HTMLButtonElement>>' is not assignable to type '(props: any) => ReactNode | Promise<ReactNode>'.
      Type 'ReactNode' is not assignable to type 'ReactNode | Promise<ReactNode>'.
        Type 'ReactElement<unknown, string | JSXElementConstructor<any>>' is not assignable to type 'ReactNode | Promise<ReactNode>'.
          Property 'children' is missing in type 'ReactElement<unknown, string | JSXElementConstructor<any>>' but required in type 'ReactPortal'.
app/order/page.tsx(483,36): error TS2786: 'ShoppingCart' cannot be used as a JSX component.
  Its type 'ForwardRefExoticComponent<Omit<LucideProps, "ref"> & RefAttributes<SVGSVGElement>>' is not a valid JSX element type.
    Type 'ForwardRefExoticComponent<Omit<LucideProps, "ref"> & RefAttributes<SVGSVGElement>>' is not assignable to type '(props: any) => ReactNode | Promise<ReactNode>'.
      Type 'ReactNode' is not assignable to type 'ReactNode | Promise<ReactNode>'.
        Type 'ReactElement<unknown, string | JSXElementConstructor<any>>' is not assignable to type 'ReactNode | Promise<ReactNode>'.
          Property 'children' is missing in type 'ReactElement<unknown, string | JSXElementConstructor<any>>' but required in type 'ReactPortal'.
app/order/page.tsx(496,18): error TS2786: 'TabsContent' cannot be used as a JSX component.
  Its type 'ForwardRefExoticComponent<Omit<TabsContentProps & RefAttributes<HTMLDivElement>, "ref"> & RefAttributes<HTMLDivElement>>' is not a valid JSX element type.
    Type 'ForwardRefExoticComponent<Omit<TabsContentProps & RefAttributes<HTMLDivElement>, "ref"> & RefAttributes<HTMLDivElement>>' is not assignable to type '(props: any) => ReactNode | Promise<ReactNode>'.
      Type 'ReactNode' is not assignable to type 'ReactNode | Promise<ReactNode>'.
        Type 'ReactElement<unknown, string | JSXElementConstructor<any>>' is not assignable to type 'ReactNode | Promise<ReactNode>'.
          Property 'children' is missing in type 'ReactElement<unknown, string | JSXElementConstructor<any>>' but required in type 'ReactPortal'.
app/order/page.tsx(501,26): error TS2786: 'Card' cannot be used as a JSX component.
  Its type 'ForwardRefExoticComponent<HTMLAttributes<HTMLDivElement> & RefAttributes<HTMLDivElement>>' is not a valid JSX element type.
    Type 'ForwardRefExoticComponent<HTMLAttributes<HTMLDivElement> & RefAttributes<HTMLDivElement>>' is not assignable to type '(props: any) => ReactNode | Promise<ReactNode>'.
      Type 'ReactNode' is not assignable to type 'ReactNode | Promise<ReactNode>'.
        Type 'ReactElement<unknown, string | JSXElementConstructor<any>>' is not assignable to type 'ReactNode | Promise<ReactNode>'.
          Property 'children' is missing in type 'ReactElement<unknown, string | JSXElementConstructor<any>>' but required in type 'ReactPortal'.
app/order/page.tsx(506,30): error TS2786: 'Image' cannot be used as a JSX component.
  Its type 'ForwardRefExoticComponent<Omit<DetailedHTMLProps<ImgHTMLAttributes<HTMLImageElement>, HTMLImageElement>, "height" | ... 5 more ... | "srcSet"> & { ...; } & RefAttributes<...>>' is not a valid JSX element type.
    Type 'ForwardRefExoticComponent<Omit<DetailedHTMLProps<ImgHTMLAttributes<HTMLImageElement>, HTMLImageElement>, "height" | ... 5 more ... | "srcSet"> & { ...; } & RefAttributes<...>>' is not assignable to type '(props: any) => ReactNode | Promise<ReactNode>'.
      Type 'ReactNode' is not assignable to type 'ReactNode | Promise<ReactNode>'.
        Type 'ReactElement<unknown, string | JSXElementConstructor<any>>' is not assignable to type 'ReactNode | Promise<ReactNode>'.
          Property 'children' is missing in type 'ReactElement<unknown, string | JSXElementConstructor<any>>' but required in type 'ReactPortal'.
app/order/page.tsx(517,28): error TS2786: 'CardHeader' cannot be used as a JSX component.
  Its type 'ForwardRefExoticComponent<HTMLAttributes<HTMLDivElement> & RefAttributes<HTMLDivElement>>' is not a valid JSX element type.
    Type 'ForwardRefExoticComponent<HTMLAttributes<HTMLDivElement> & RefAttributes<HTMLDivElement>>' is not assignable to type '(props: any) => ReactNode | Promise<ReactNode>'.
      Type 'ReactNode' is not assignable to type 'ReactNode | Promise<ReactNode>'.
        Type 'ReactElement<unknown, string | JSXElementConstructor<any>>' is not assignable to type 'ReactNode | Promise<ReactNode>'.
          Property 'children' is missing in type 'ReactElement<unknown, string | JSXElementConstructor<any>>' but required in type 'ReactPortal'.
app/order/page.tsx(519,32): error TS2786: 'CardTitle' cannot be used as a JSX component.
  Its type 'ForwardRefExoticComponent<HTMLAttributes<HTMLDivElement> & RefAttributes<HTMLDivElement>>' is not a valid JSX element type.
    Type 'ForwardRefExoticComponent<HTMLAttributes<HTMLDivElement> & RefAttributes<HTMLDivElement>>' is not assignable to type '(props: any) => ReactNode | Promise<ReactNode>'.
      Type 'ReactNode' is not assignable to type 'ReactNode | Promise<ReactNode>'.
        Type 'ReactElement<unknown, string | JSXElementConstructor<any>>' is not assignable to type 'ReactNode | Promise<ReactNode>'.
          Property 'children' is missing in type 'ReactElement<unknown, string | JSXElementConstructor<any>>' but required in type 'ReactPortal'.
app/order/page.tsx(526,28): error TS2786: 'CardContent' cannot be used as a JSX component.
  Its type 'ForwardRefExoticComponent<HTMLAttributes<HTMLDivElement> & RefAttributes<HTMLDivElement>>' is not a valid JSX element type.
    Type 'ForwardRefExoticComponent<HTMLAttributes<HTMLDivElement> & RefAttributes<HTMLDivElement>>' is not assignable to type '(props: any) => ReactNode | Promise<ReactNode>'.
      Type 'ReactNode' is not assignable to type 'ReactNode | Promise<ReactNode>'.
        Type 'ReactElement<unknown, string | JSXElementConstructor<any>>' is not assignable to type 'ReactNode | Promise<ReactNode>'.
          Property 'children' is missing in type 'ReactElement<unknown, string | JSXElementConstructor<any>>' but required in type 'ReactPortal'.
app/order/page.tsx(543,28): error TS2786: 'CardFooter' cannot be used as a JSX component.
  Its type 'ForwardRefExoticComponent<HTMLAttributes<HTMLDivElement> & RefAttributes<HTMLDivElement>>' is not a valid JSX element type.
    Type 'ForwardRefExoticComponent<HTMLAttributes<HTMLDivElement> & RefAttributes<HTMLDivElement>>' is not assignable to type '(props: any) => ReactNode | Promise<ReactNode>'.
      Type 'ReactNode' is not assignable to type 'ReactNode | Promise<ReactNode>'.
        Type 'ReactElement<unknown, string | JSXElementConstructor<any>>' is not assignable to type 'ReactNode | Promise<ReactNode>'.
          Property 'children' is missing in type 'ReactElement<unknown, string | JSXElementConstructor<any>>' but required in type 'ReactPortal'.
app/order/page.tsx(544,30): error TS2786: 'Button' cannot be used as a JSX component.
  Its type 'ForwardRefExoticComponent<ButtonProps & RefAttributes<HTMLButtonElement>>' is not a valid JSX element type.
    Type 'ForwardRefExoticComponent<ButtonProps & RefAttributes<HTMLButtonElement>>' is not assignable to type '(props: any) => ReactNode | Promise<ReactNode>'.
      Type 'ReactNode' is not assignable to type 'ReactNode | Promise<ReactNode>'.
        Type 'ReactElement<unknown, string | JSXElementConstructor<any>>' is not assignable to type 'ReactNode | Promise<ReactNode>'.
          Property 'children' is missing in type 'ReactElement<unknown, string | JSXElementConstructor<any>>' but required in type 'ReactPortal'.
app/order/page.tsx(551,36): error TS2786: 'ShoppingCart' cannot be used as a JSX component.
  Its type 'ForwardRefExoticComponent<Omit<LucideProps, "ref"> & RefAttributes<SVGSVGElement>>' is not a valid JSX element type.
    Type 'ForwardRefExoticComponent<Omit<LucideProps, "ref"> & RefAttributes<SVGSVGElement>>' is not assignable to type '(props: any) => ReactNode | Promise<ReactNode>'.
      Type 'ReactNode' is not assignable to type 'ReactNode | Promise<ReactNode>'.
        Type 'ReactElement<unknown, string | JSXElementConstructor<any>>' is not assignable to type 'ReactNode | Promise<ReactNode>'.
          Property 'children' is missing in type 'ReactElement<unknown, string | JSXElementConstructor<any>>' but required in type 'ReactPortal'.
app/order/page.tsx(564,18): error TS2786: 'TabsContent' cannot be used as a JSX component.
  Its type 'ForwardRefExoticComponent<Omit<TabsContentProps & RefAttributes<HTMLDivElement>, "ref"> & RefAttributes<HTMLDivElement>>' is not a valid JSX element type.
    Type 'ForwardRefExoticComponent<Omit<TabsContentProps & RefAttributes<HTMLDivElement>, "ref"> & RefAttributes<HTMLDivElement>>' is not assignable to type '(props: any) => ReactNode | Promise<ReactNode>'.
      Type 'ReactNode' is not assignable to type 'ReactNode | Promise<ReactNode>'.
        Type 'ReactElement<unknown, string | JSXElementConstructor<any>>' is not assignable to type 'ReactNode | Promise<ReactNode>'.
          Property 'children' is missing in type 'ReactElement<unknown, string | JSXElementConstructor<any>>' but required in type 'ReactPortal'.
app/order/page.tsx(569,26): error TS2786: 'Card' cannot be used as a JSX component.
  Its type 'ForwardRefExoticComponent<HTMLAttributes<HTMLDivElement> & RefAttributes<HTMLDivElement>>' is not a valid JSX element type.
    Type 'ForwardRefExoticComponent<HTMLAttributes<HTMLDivElement> & RefAttributes<HTMLDivElement>>' is not assignable to type '(props: any) => ReactNode | Promise<ReactNode>'.
      Type 'ReactNode' is not assignable to type 'ReactNode | Promise<ReactNode>'.
        Type 'ReactElement<unknown, string | JSXElementConstructor<any>>' is not assignable to type 'ReactNode | Promise<ReactNode>'.
          Property 'children' is missing in type 'ReactElement<unknown, string | JSXElementConstructor<any>>' but required in type 'ReactPortal'.
app/order/page.tsx(574,30): error TS2786: 'Image' cannot be used as a JSX component.
  Its type 'ForwardRefExoticComponent<Omit<DetailedHTMLProps<ImgHTMLAttributes<HTMLImageElement>, HTMLImageElement>, "height" | ... 5 more ... | "srcSet"> & { ...; } & RefAttributes<...>>' is not a valid JSX element type.
    Type 'ForwardRefExoticComponent<Omit<DetailedHTMLProps<ImgHTMLAttributes<HTMLImageElement>, HTMLImageElement>, "height" | ... 5 more ... | "srcSet"> & { ...; } & RefAttributes<...>>' is not assignable to type '(props: any) => ReactNode | Promise<ReactNode>'.
      Type 'ReactNode' is not assignable to type 'ReactNode | Promise<ReactNode>'.
        Type 'ReactElement<unknown, string | JSXElementConstructor<any>>' is not assignable to type 'ReactNode | Promise<ReactNode>'.
          Property 'children' is missing in type 'ReactElement<unknown, string | JSXElementConstructor<any>>' but required in type 'ReactPortal'.
app/order/page.tsx(585,28): error TS2786: 'CardHeader' cannot be used as a JSX component.
  Its type 'ForwardRefExoticComponent<HTMLAttributes<HTMLDivElement> & RefAttributes<HTMLDivElement>>' is not a valid JSX element type.
    Type 'ForwardRefExoticComponent<HTMLAttributes<HTMLDivElement> & RefAttributes<HTMLDivElement>>' is not assignable to type '(props: any) => ReactNode | Promise<ReactNode>'.
      Type 'ReactNode' is not assignable to type 'ReactNode | Promise<ReactNode>'.
        Type 'ReactElement<unknown, string | JSXElementConstructor<any>>' is not assignable to type 'ReactNode | Promise<ReactNode>'.
          Property 'children' is missing in type 'ReactElement<unknown, string | JSXElementConstructor<any>>' but required in type 'ReactPortal'.
app/order/page.tsx(587,32): error TS2786: 'CardTitle' cannot be used as a JSX component.
  Its type 'ForwardRefExoticComponent<HTMLAttributes<HTMLDivElement> & RefAttributes<HTMLDivElement>>' is not a valid JSX element type.
    Type 'ForwardRefExoticComponent<HTMLAttributes<HTMLDivElement> & RefAttributes<HTMLDivElement>>' is not assignable to type '(props: any) => ReactNode | Promise<ReactNode>'.
      Type 'ReactNode' is not assignable to type 'ReactNode | Promise<ReactNode>'.
        Type 'ReactElement<unknown, string | JSXElementConstructor<any>>' is not assignable to type 'ReactNode | Promise<ReactNode>'.
          Property 'children' is missing in type 'ReactElement<unknown, string | JSXElementConstructor<any>>' but required in type 'ReactPortal'.
app/order/page.tsx(594,28): error TS2786: 'CardContent' cannot be used as a JSX component.
  Its type 'ForwardRefExoticComponent<HTMLAttributes<HTMLDivElement> & RefAttributes<HTMLDivElement>>' is not a valid JSX element type.
    Type 'ForwardRefExoticComponent<HTMLAttributes<HTMLDivElement> & RefAttributes<HTMLDivElement>>' is not assignable to type '(props: any) => ReactNode | Promise<ReactNode>'.
      Type 'ReactNode' is not assignable to type 'ReactNode | Promise<ReactNode>'.
        Type 'ReactElement<unknown, string | JSXElementConstructor<any>>' is not assignable to type 'ReactNode | Promise<ReactNode>'.
          Property 'children' is missing in type 'ReactElement<unknown, string | JSXElementConstructor<any>>' but required in type 'ReactPortal'.
app/order/page.tsx(613,28): error TS2786: 'CardFooter' cannot be used as a JSX component.
  Its type 'ForwardRefExoticComponent<HTMLAttributes<HTMLDivElement> & RefAttributes<HTMLDivElement>>' is not a valid JSX element type.
    Type 'ForwardRefExoticComponent<HTMLAttributes<HTMLDivElement> & RefAttributes<HTMLDivElement>>' is not assignable to type '(props: any) => ReactNode | Promise<ReactNode>'.
      Type 'ReactNode' is not assignable to type 'ReactNode | Promise<ReactNode>'.
        Type 'ReactElement<unknown, string | JSXElementConstructor<any>>' is not assignable to type 'ReactNode | Promise<ReactNode>'.
          Property 'children' is missing in type 'ReactElement<unknown, string | JSXElementConstructor<any>>' but required in type 'ReactPortal'.
app/order/page.tsx(614,30): error TS2786: 'Button' cannot be used as a JSX component.
  Its type 'ForwardRefExoticComponent<ButtonProps & RefAttributes<HTMLButtonElement>>' is not a valid JSX element type.
    Type 'ForwardRefExoticComponent<ButtonProps & RefAttributes<HTMLButtonElement>>' is not assignable to type '(props: any) => ReactNode | Promise<ReactNode>'.
      Type 'ReactNode' is not assignable to type 'ReactNode | Promise<ReactNode>'.
        Type 'ReactElement<unknown, string | JSXElementConstructor<any>>' is not assignable to type 'ReactNode | Promise<ReactNode>'.
          Property 'children' is missing in type 'ReactElement<unknown, string | JSXElementConstructor<any>>' but required in type 'ReactPortal'.
app/order/page.tsx(621,36): error TS2786: 'ShoppingCart' cannot be used as a JSX component.
  Its type 'ForwardRefExoticComponent<Omit<LucideProps, "ref"> & RefAttributes<SVGSVGElement>>' is not a valid JSX element type.
    Type 'ForwardRefExoticComponent<Omit<LucideProps, "ref"> & RefAttributes<SVGSVGElement>>' is not assignable to type '(props: any) => ReactNode | Promise<ReactNode>'.
      Type 'ReactNode' is not assignable to type 'ReactNode | Promise<ReactNode>'.
        Type 'ReactElement<unknown, string | JSXElementConstructor<any>>' is not assignable to type 'ReactNode | Promise<ReactNode>'.
          Property 'children' is missing in type 'ReactElement<unknown, string | JSXElementConstructor<any>>' but required in type 'ReactPortal'.
app/order/page.tsx(638,16): error TS2786: 'Card' cannot be used as a JSX component.
  Its type 'ForwardRefExoticComponent<HTMLAttributes<HTMLDivElement> & RefAttributes<HTMLDivElement>>' is not a valid JSX element type.
    Type 'ForwardRefExoticComponent<HTMLAttributes<HTMLDivElement> & RefAttributes<HTMLDivElement>>' is not assignable to type '(props: any) => ReactNode | Promise<ReactNode>'.
      Type 'ReactNode' is not assignable to type 'ReactNode | Promise<ReactNode>'.
        Type 'ReactElement<unknown, string | JSXElementConstructor<any>>' is not assignable to type 'ReactNode | Promise<ReactNode>'.
          Property 'children' is missing in type 'ReactElement<unknown, string | JSXElementConstructor<any>>' but required in type 'ReactPortal'.
app/order/page.tsx(639,18): error TS2786: 'CardHeader' cannot be used as a JSX component.
  Its type 'ForwardRefExoticComponent<HTMLAttributes<HTMLDivElement> & RefAttributes<HTMLDivElement>>' is not a valid JSX element type.
    Type 'ForwardRefExoticComponent<HTMLAttributes<HTMLDivElement> & RefAttributes<HTMLDivElement>>' is not assignable to type '(props: any) => ReactNode | Promise<ReactNode>'.
      Type 'ReactNode' is not assignable to type 'ReactNode | Promise<ReactNode>'.
        Type 'ReactElement<unknown, string | JSXElementConstructor<any>>' is not assignable to type 'ReactNode | Promise<ReactNode>'.
          Property 'children' is missing in type 'ReactElement<unknown, string | JSXElementConstructor<any>>' but required in type 'ReactPortal'.
app/order/page.tsx(641,22): error TS2786: 'ShoppingCart' cannot be used as a JSX component.
  Its type 'ForwardRefExoticComponent<Omit<LucideProps, "ref"> & RefAttributes<SVGSVGElement>>' is not a valid JSX element type.
    Type 'ForwardRefExoticComponent<Omit<LucideProps, "ref"> & RefAttributes<SVGSVGElement>>' is not assignable to type '(props: any) => ReactNode | Promise<ReactNode>'.
      Type 'ReactNode' is not assignable to type 'ReactNode | Promise<ReactNode>'.
        Type 'ReactElement<unknown, string | JSXElementConstructor<any>>' is not assignable to type 'ReactNode | Promise<ReactNode>'.
          Property 'children' is missing in type 'ReactElement<unknown, string | JSXElementConstructor<any>>' but required in type 'ReactPortal'.
app/order/page.tsx(642,22): error TS2786: 'CardTitle' cannot be used as a JSX component.
  Its type 'ForwardRefExoticComponent<HTMLAttributes<HTMLDivElement> & RefAttributes<HTMLDivElement>>' is not a valid JSX element type.
    Type 'ForwardRefExoticComponent<HTMLAttributes<HTMLDivElement> & RefAttributes<HTMLDivElement>>' is not assignable to type '(props: any) => ReactNode | Promise<ReactNode>'.
      Type 'ReactNode' is not assignable to type 'ReactNode | Promise<ReactNode>'.
        Type 'ReactElement<unknown, string | JSXElementConstructor<any>>' is not assignable to type 'ReactNode | Promise<ReactNode>'.
          Property 'children' is missing in type 'ReactElement<unknown, string | JSXElementConstructor<any>>' but required in type 'ReactPortal'.
app/order/page.tsx(644,20): error TS2786: 'CardDescription' cannot be used as a JSX component.
  Its type 'ForwardRefExoticComponent<HTMLAttributes<HTMLDivElement> & RefAttributes<HTMLDivElement>>' is not a valid JSX element type.
    Type 'ForwardRefExoticComponent<HTMLAttributes<HTMLDivElement> & RefAttributes<HTMLDivElement>>' is not assignable to type '(props: any) => ReactNode | Promise<ReactNode>'.
      Type 'ReactNode' is not assignable to type 'ReactNode | Promise<ReactNode>'.
        Type 'ReactElement<unknown, string | JSXElementConstructor<any>>' is not assignable to type 'ReactNode | Promise<ReactNode>'.
          Property 'children' is missing in type 'ReactElement<unknown, string | JSXElementConstructor<any>>' but required in type 'ReactPortal'.
app/order/page.tsx(646,18): error TS2786: 'CardContent' cannot be used as a JSX component.
  Its type 'ForwardRefExoticComponent<HTMLAttributes<HTMLDivElement> & RefAttributes<HTMLDivElement>>' is not a valid JSX element type.
    Type 'ForwardRefExoticComponent<HTMLAttributes<HTMLDivElement> & RefAttributes<HTMLDivElement>>' is not assignable to type '(props: any) => ReactNode | Promise<ReactNode>'.
      Type 'ReactNode' is not assignable to type 'ReactNode | Promise<ReactNode>'.
        Type 'ReactElement<unknown, string | JSXElementConstructor<any>>' is not assignable to type 'ReactNode | Promise<ReactNode>'.
          Property 'children' is missing in type 'ReactElement<unknown, string | JSXElementConstructor<any>>' but required in type 'ReactPortal'.
app/order/page.tsx(681,32): error TS2786: 'Button' cannot be used as a JSX component.
  Its type 'ForwardRefExoticComponent<ButtonProps & RefAttributes<HTMLButtonElement>>' is not a valid JSX element type.
    Type 'ForwardRefExoticComponent<ButtonProps & RefAttributes<HTMLButtonElement>>' is not assignable to type '(props: any) => ReactNode | Promise<ReactNode>'.
      Type 'ReactNode' is not assignable to type 'ReactNode | Promise<ReactNode>'.
        Type 'ReactElement<unknown, string | JSXElementConstructor<any>>' is not assignable to type 'ReactNode | Promise<ReactNode>'.
          Property 'children' is missing in type 'ReactElement<unknown, string | JSXElementConstructor<any>>' but required in type 'ReactPortal'.
app/order/page.tsx(690,32): error TS2786: 'Button' cannot be used as a JSX component.
  Its type 'ForwardRefExoticComponent<ButtonProps & RefAttributes<HTMLButtonElement>>' is not a valid JSX element type.
    Type 'ForwardRefExoticComponent<ButtonProps & RefAttributes<HTMLButtonElement>>' is not assignable to type '(props: any) => ReactNode | Promise<ReactNode>'.
      Type 'ReactNode' is not assignable to type 'ReactNode | Promise<ReactNode>'.
        Type 'ReactElement<unknown, string | JSXElementConstructor<any>>' is not assignable to type 'ReactNode | Promise<ReactNode>'.
          Property 'children' is missing in type 'ReactElement<unknown, string | JSXElementConstructor<any>>' but required in type 'ReactPortal'.
app/order/page.tsx(698,32): error TS2786: 'Button' cannot be used as a JSX component.
  Its type 'ForwardRefExoticComponent<ButtonProps & RefAttributes<HTMLButtonElement>>' is not a valid JSX element type.
    Type 'ForwardRefExoticComponent<ButtonProps & RefAttributes<HTMLButtonElement>>' is not assignable to type '(props: any) => ReactNode | Promise<ReactNode>'.
      Type 'ReactNode' is not assignable to type 'ReactNode | Promise<ReactNode>'.
        Type 'ReactElement<unknown, string | JSXElementConstructor<any>>' is not assignable to type 'ReactNode | Promise<ReactNode>'.
          Property 'children' is missing in type 'ReactElement<unknown, string | JSXElementConstructor<any>>' but required in type 'ReactPortal'.
app/order/page.tsx(758,28): error TS2786: 'Label' cannot be used as a JSX component.
  Its type 'ForwardRefExoticComponent<Omit<LabelProps & RefAttributes<HTMLLabelElement>, "ref"> & VariantProps<(props?: ClassProp | undefined) => string> & RefAttributes<...>>' is not a valid JSX element type.
    Type 'ForwardRefExoticComponent<Omit<LabelProps & RefAttributes<HTMLLabelElement>, "ref"> & VariantProps<(props?: ClassProp | undefined) => string> & RefAttributes<...>>' is not assignable to type '(props: any) => ReactNode | Promise<ReactNode>'.
      Type 'ReactNode' is not assignable to type 'ReactNode | Promise<ReactNode>'.
        Type 'ReactElement<unknown, string | JSXElementConstructor<any>>' is not assignable to type 'ReactNode | Promise<ReactNode>'.
          Property 'children' is missing in type 'ReactElement<unknown, string | JSXElementConstructor<any>>' but required in type 'ReactPortal'.
app/order/page.tsx(760,30): error TS2786: 'Clock' cannot be used as a JSX component.
  Its type 'ForwardRefExoticComponent<Omit<LucideProps, "ref"> & RefAttributes<SVGSVGElement>>' is not a valid JSX element type.
    Type 'ForwardRefExoticComponent<Omit<LucideProps, "ref"> & RefAttributes<SVGSVGElement>>' is not assignable to type '(props: any) => ReactNode | Promise<ReactNode>'.
      Type 'ReactNode' is not assignable to type 'ReactNode | Promise<ReactNode>'.
        Type 'ReactElement<unknown, string | JSXElementConstructor<any>>' is not assignable to type 'ReactNode | Promise<ReactNode>'.
          Property 'children' is missing in type 'ReactElement<unknown, string | JSXElementConstructor<any>>' but required in type 'ReactPortal'.
app/order/page.tsx(761,30): error TS2786: 'Input' cannot be used as a JSX component.
  Its type 'ForwardRefExoticComponent<Omit<DetailedHTMLProps<InputHTMLAttributes<HTMLInputElement>, HTMLInputElement>, "ref"> & RefAttributes<...>>' is not a valid JSX element type.
    Type 'ForwardRefExoticComponent<Omit<DetailedHTMLProps<InputHTMLAttributes<HTMLInputElement>, HTMLInputElement>, "ref"> & RefAttributes<...>>' is not assignable to type '(props: any) => ReactNode | Promise<ReactNode>'.
      Type 'ReactNode' is not assignable to type 'ReactNode | Promise<ReactNode>'.
        Type 'ReactElement<unknown, string | JSXElementConstructor<any>>' is not assignable to type 'ReactNode | Promise<ReactNode>'.
          Property 'children' is missing in type 'ReactElement<unknown, string | JSXElementConstructor<any>>' but required in type 'ReactPortal'.
app/order/page.tsx(771,26): error TS2786: 'Button' cannot be used as a JSX component.
  Its type 'ForwardRefExoticComponent<ButtonProps & RefAttributes<HTMLButtonElement>>' is not a valid JSX element type.
    Type 'ForwardRefExoticComponent<ButtonProps & RefAttributes<HTMLButtonElement>>' is not assignable to type '(props: any) => ReactNode | Promise<ReactNode>'.
      Type 'ReactNode' is not assignable to type 'ReactNode | Promise<ReactNode>'.
        Type 'ReactElement<unknown, string | JSXElementConstructor<any>>' is not assignable to type 'ReactNode | Promise<ReactNode>'.
          Property 'children' is missing in type 'ReactElement<unknown, string | JSXElementConstructor<any>>' but required in type 'ReactPortal'.
app/order/page.tsx(777,28): error TS2786: 'ArrowRight' cannot be used as a JSX component.
  Its type 'ForwardRefExoticComponent<Omit<LucideProps, "ref"> & RefAttributes<SVGSVGElement>>' is not a valid JSX element type.
    Type 'ForwardRefExoticComponent<Omit<LucideProps, "ref"> & RefAttributes<SVGSVGElement>>' is not assignable to type '(props: any) => ReactNode | Promise<ReactNode>'.
      Type 'ReactNode' is not assignable to type 'ReactNode | Promise<ReactNode>'.
        Type 'ReactElement<unknown, string | JSXElementConstructor<any>>' is not assignable to type 'ReactNode | Promise<ReactNode>'.
          Property 'children' is missing in type 'ReactElement<unknown, string | JSXElementConstructor<any>>' but required in type 'ReactPortal'.
app/page.tsx(28,18): error TS2786: 'Link' cannot be used as a JSX component.
  Its type 'ForwardRefExoticComponent<Omit<AnchorHTMLAttributes<HTMLAnchorElement>, keyof InternalLinkProps> & InternalLinkProps & { ...; } & RefAttributes<...>>' is not a valid JSX element type.
    Type 'ForwardRefExoticComponent<Omit<AnchorHTMLAttributes<HTMLAnchorElement>, keyof InternalLinkProps> & InternalLinkProps & { ...; } & RefAttributes<...>>' is not assignable to type '(props: any) => ReactNode | Promise<ReactNode>'.
      Type 'ReactNode' is not assignable to type 'ReactNode | Promise<ReactNode>'.
        Type 'ReactElement<unknown, string | JSXElementConstructor<any>>' is not assignable to type 'ReactNode | Promise<ReactNode>'.
          Property 'children' is missing in type 'ReactElement<unknown, string | JSXElementConstructor<any>>' but required in type 'ReactPortal'.
app/page.tsx(29,20): error TS2786: 'Button' cannot be used as a JSX component.
  Its type 'ForwardRefExoticComponent<ButtonProps & RefAttributes<HTMLButtonElement>>' is not a valid JSX element type.
    Type 'ForwardRefExoticComponent<ButtonProps & RefAttributes<HTMLButtonElement>>' is not assignable to type '(props: any) => ReactNode | Promise<ReactNode>'.
      Type 'ReactNode' is not assignable to type 'ReactNode | Promise<ReactNode>'.
        Type 'ReactElement<unknown, string | JSXElementConstructor<any>>' is not assignable to type 'ReactNode | Promise<ReactNode>'.
          Property 'children' is missing in type 'ReactElement<unknown, string | JSXElementConstructor<any>>' but required in type 'ReactPortal'.
app/page.tsx(31,22): error TS2786: 'ArrowRight' cannot be used as a JSX component.
  Its type 'ForwardRefExoticComponent<Omit<LucideProps, "ref"> & RefAttributes<SVGSVGElement>>' is not a valid JSX element type.
    Type 'ForwardRefExoticComponent<Omit<LucideProps, "ref"> & RefAttributes<SVGSVGElement>>' is not assignable to type '(props: any) => ReactNode | Promise<ReactNode>'.
      Type 'ReactNode' is not assignable to type 'ReactNode | Promise<ReactNode>'.
        Type 'ReactElement<unknown, string | JSXElementConstructor<any>>' is not assignable to type 'ReactNode | Promise<ReactNode>'.
          Property 'children' is missing in type 'ReactElement<unknown, string | JSXElementConstructor<any>>' but required in type 'ReactPortal'.
app/page.tsx(34,18): error TS2786: 'Link' cannot be used as a JSX component.
  Its type 'ForwardRefExoticComponent<Omit<AnchorHTMLAttributes<HTMLAnchorElement>, keyof InternalLinkProps> & InternalLinkProps & { ...; } & RefAttributes<...>>' is not a valid JSX element type.
    Type 'ForwardRefExoticComponent<Omit<AnchorHTMLAttributes<HTMLAnchorElement>, keyof InternalLinkProps> & InternalLinkProps & { ...; } & RefAttributes<...>>' is not assignable to type '(props: any) => ReactNode | Promise<ReactNode>'.
      Type 'ReactNode' is not assignable to type 'ReactNode | Promise<ReactNode>'.
        Type 'ReactElement<unknown, string | JSXElementConstructor<any>>' is not assignable to type 'ReactNode | Promise<ReactNode>'.
          Property 'children' is missing in type 'ReactElement<unknown, string | JSXElementConstructor<any>>' but required in type 'ReactPortal'.
app/page.tsx(35,20): error TS2786: 'Button' cannot be used as a JSX component.
  Its type 'ForwardRefExoticComponent<ButtonProps & RefAttributes<HTMLButtonElement>>' is not a valid JSX element type.
    Type 'ForwardRefExoticComponent<ButtonProps & RefAttributes<HTMLButtonElement>>' is not assignable to type '(props: any) => ReactNode | Promise<ReactNode>'.
      Type 'ReactNode' is not assignable to type 'ReactNode | Promise<ReactNode>'.
        Type 'ReactElement<unknown, string | JSXElementConstructor<any>>' is not assignable to type 'ReactNode | Promise<ReactNode>'.
          Property 'children' is missing in type 'ReactElement<unknown, string | JSXElementConstructor<any>>' but required in type 'ReactPortal'.
app/page.tsx(46,18): error TS2786: 'Image' cannot be used as a JSX component.
  Its type 'ForwardRefExoticComponent<Omit<DetailedHTMLProps<ImgHTMLAttributes<HTMLImageElement>, HTMLImageElement>, "height" | ... 5 more ... | "srcSet"> & { ...; } & RefAttributes<...>>' is not a valid JSX element type.
    Type 'ForwardRefExoticComponent<Omit<DetailedHTMLProps<ImgHTMLAttributes<HTMLImageElement>, HTMLImageElement>, "height" | ... 5 more ... | "srcSet"> & { ...; } & RefAttributes<...>>' is not assignable to type '(props: any) => ReactNode | Promise<ReactNode>'.
      Type 'ReactNode' is not assignable to type 'ReactNode | Promise<ReactNode>'.
        Type 'ReactElement<unknown, string | JSXElementConstructor<any>>' is not assignable to type 'ReactNode | Promise<ReactNode>'.
          Property 'children' is missing in type 'ReactElement<unknown, string | JSXElementConstructor<any>>' but required in type 'ReactPortal'.
app/page.tsx(74,14): error TS2786: 'Card' cannot be used as a JSX component.
  Its type 'ForwardRefExoticComponent<HTMLAttributes<HTMLDivElement> & RefAttributes<HTMLDivElement>>' is not a valid JSX element type.
    Type 'ForwardRefExoticComponent<HTMLAttributes<HTMLDivElement> & RefAttributes<HTMLDivElement>>' is not assignable to type '(props: any) => ReactNode | Promise<ReactNode>'.
      Type 'ReactNode' is not assignable to type 'ReactNode | Promise<ReactNode>'.
        Type 'ReactElement<unknown, string | JSXElementConstructor<any>>' is not assignable to type 'ReactNode | Promise<ReactNode>'.
          Property 'children' is missing in type 'ReactElement<unknown, string | JSXElementConstructor<any>>' but required in type 'ReactPortal'.
app/page.tsx(76,18): error TS2786: 'Image' cannot be used as a JSX component.
  Its type 'ForwardRefExoticComponent<Omit<DetailedHTMLProps<ImgHTMLAttributes<HTMLImageElement>, HTMLImageElement>, "height" | ... 5 more ... | "srcSet"> & { ...; } & RefAttributes<...>>' is not a valid JSX element type.
    Type 'ForwardRefExoticComponent<Omit<DetailedHTMLProps<ImgHTMLAttributes<HTMLImageElement>, HTMLImageElement>, "height" | ... 5 more ... | "srcSet"> & { ...; } & RefAttributes<...>>' is not assignable to type '(props: any) => ReactNode | Promise<ReactNode>'.
      Type 'ReactNode' is not assignable to type 'ReactNode | Promise<ReactNode>'.
        Type 'ReactElement<unknown, string | JSXElementConstructor<any>>' is not assignable to type 'ReactNode | Promise<ReactNode>'.
          Property 'children' is missing in type 'ReactElement<unknown, string | JSXElementConstructor<any>>' but required in type 'ReactPortal'.
app/page.tsx(83,16): error TS2786: 'CardHeader' cannot be used as a JSX component.
  Its type 'ForwardRefExoticComponent<HTMLAttributes<HTMLDivElement> & RefAttributes<HTMLDivElement>>' is not a valid JSX element type.
    Type 'ForwardRefExoticComponent<HTMLAttributes<HTMLDivElement> & RefAttributes<HTMLDivElement>>' is not assignable to type '(props: any) => ReactNode | Promise<ReactNode>'.
      Type 'ReactNode' is not assignable to type 'ReactNode | Promise<ReactNode>'.
        Type 'ReactElement<unknown, string | JSXElementConstructor<any>>' is not assignable to type 'ReactNode | Promise<ReactNode>'.
          Property 'children' is missing in type 'ReactElement<unknown, string | JSXElementConstructor<any>>' but required in type 'ReactPortal'.
app/page.tsx(85,20): error TS2786: 'Utensils' cannot be used as a JSX component.
  Its type 'ForwardRefExoticComponent<Omit<LucideProps, "ref"> & RefAttributes<SVGSVGElement>>' is not a valid JSX element type.
    Type 'ForwardRefExoticComponent<Omit<LucideProps, "ref"> & RefAttributes<SVGSVGElement>>' is not assignable to type '(props: any) => ReactNode | Promise<ReactNode>'.
      Type 'ReactNode' is not assignable to type 'ReactNode | Promise<ReactNode>'.
        Type 'ReactElement<unknown, string | JSXElementConstructor<any>>' is not assignable to type 'ReactNode | Promise<ReactNode>'.
          Property 'children' is missing in type 'ReactElement<unknown, string | JSXElementConstructor<any>>' but required in type 'ReactPortal'.
app/page.tsx(87,18): error TS2786: 'CardTitle' cannot be used as a JSX component.
  Its type 'ForwardRefExoticComponent<HTMLAttributes<HTMLDivElement> & RefAttributes<HTMLDivElement>>' is not a valid JSX element type.
    Type 'ForwardRefExoticComponent<HTMLAttributes<HTMLDivElement> & RefAttributes<HTMLDivElement>>' is not assignable to type '(props: any) => ReactNode | Promise<ReactNode>'.
      Type 'ReactNode' is not assignable to type 'ReactNode | Promise<ReactNode>'.
        Type 'ReactElement<unknown, string | JSXElementConstructor<any>>' is not assignable to type 'ReactNode | Promise<ReactNode>'.
          Property 'children' is missing in type 'ReactElement<unknown, string | JSXElementConstructor<any>>' but required in type 'ReactPortal'.
app/page.tsx(89,16): error TS2786: 'CardContent' cannot be used as a JSX component.
  Its type 'ForwardRefExoticComponent<HTMLAttributes<HTMLDivElement> & RefAttributes<HTMLDivElement>>' is not a valid JSX element type.
    Type 'ForwardRefExoticComponent<HTMLAttributes<HTMLDivElement> & RefAttributes<HTMLDivElement>>' is not assignable to type '(props: any) => ReactNode | Promise<ReactNode>'.
      Type 'ReactNode' is not assignable to type 'ReactNode | Promise<ReactNode>'.
        Type 'ReactElement<unknown, string | JSXElementConstructor<any>>' is not assignable to type 'ReactNode | Promise<ReactNode>'.
          Property 'children' is missing in type 'ReactElement<unknown, string | JSXElementConstructor<any>>' but required in type 'ReactPortal'.
app/page.tsx(94,16): error TS2786: 'CardFooter' cannot be used as a JSX component.
  Its type 'ForwardRefExoticComponent<HTMLAttributes<HTMLDivElement> & RefAttributes<HTMLDivElement>>' is not a valid JSX element type.
    Type 'ForwardRefExoticComponent<HTMLAttributes<HTMLDivElement> & RefAttributes<HTMLDivElement>>' is not assignable to type '(props: any) => ReactNode | Promise<ReactNode>'.
      Type 'ReactNode' is not assignable to type 'ReactNode | Promise<ReactNode>'.
        Type 'ReactElement<unknown, string | JSXElementConstructor<any>>' is not assignable to type 'ReactNode | Promise<ReactNode>'.
          Property 'children' is missing in type 'ReactElement<unknown, string | JSXElementConstructor<any>>' but required in type 'ReactPortal'.
app/page.tsx(95,18): error TS2786: 'Link' cannot be used as a JSX component.
  Its type 'ForwardRefExoticComponent<Omit<AnchorHTMLAttributes<HTMLAnchorElement>, keyof InternalLinkProps> & InternalLinkProps & { ...; } & RefAttributes<...>>' is not a valid JSX element type.
    Type 'ForwardRefExoticComponent<Omit<AnchorHTMLAttributes<HTMLAnchorElement>, keyof InternalLinkProps> & InternalLinkProps & { ...; } & RefAttributes<...>>' is not assignable to type '(props: any) => ReactNode | Promise<ReactNode>'.
      Type 'ReactNode' is not assignable to type 'ReactNode | Promise<ReactNode>'.
        Type 'ReactElement<unknown, string | JSXElementConstructor<any>>' is not assignable to type 'ReactNode | Promise<ReactNode>'.
          Property 'children' is missing in type 'ReactElement<unknown, string | JSXElementConstructor<any>>' but required in type 'ReactPortal'.
app/page.tsx(100,14): error TS2786: 'Card' cannot be used as a JSX component.
  Its type 'ForwardRefExoticComponent<HTMLAttributes<HTMLDivElement> & RefAttributes<HTMLDivElement>>' is not a valid JSX element type.
    Type 'ForwardRefExoticComponent<HTMLAttributes<HTMLDivElement> & RefAttributes<HTMLDivElement>>' is not assignable to type '(props: any) => ReactNode | Promise<ReactNode>'.
      Type 'ReactNode' is not assignable to type 'ReactNode | Promise<ReactNode>'.
        Type 'ReactElement<unknown, string | JSXElementConstructor<any>>' is not assignable to type 'ReactNode | Promise<ReactNode>'.
          Property 'children' is missing in type 'ReactElement<unknown, string | JSXElementConstructor<any>>' but required in type 'ReactPortal'.
app/page.tsx(102,18): error TS2786: 'Image' cannot be used as a JSX component.
  Its type 'ForwardRefExoticComponent<Omit<DetailedHTMLProps<ImgHTMLAttributes<HTMLImageElement>, HTMLImageElement>, "height" | ... 5 more ... | "srcSet"> & { ...; } & RefAttributes<...>>' is not a valid JSX element type.
    Type 'ForwardRefExoticComponent<Omit<DetailedHTMLProps<ImgHTMLAttributes<HTMLImageElement>, HTMLImageElement>, "height" | ... 5 more ... | "srcSet"> & { ...; } & RefAttributes<...>>' is not assignable to type '(props: any) => ReactNode | Promise<ReactNode>'.
      Type 'ReactNode' is not assignable to type 'ReactNode | Promise<ReactNode>'.
        Type 'ReactElement<unknown, string | JSXElementConstructor<any>>' is not assignable to type 'ReactNode | Promise<ReactNode>'.
          Property 'children' is missing in type 'ReactElement<unknown, string | JSXElementConstructor<any>>' but required in type 'ReactPortal'.
app/page.tsx(109,16): error TS2786: 'CardHeader' cannot be used as a JSX component.
  Its type 'ForwardRefExoticComponent<HTMLAttributes<HTMLDivElement> & RefAttributes<HTMLDivElement>>' is not a valid JSX element type.
    Type 'ForwardRefExoticComponent<HTMLAttributes<HTMLDivElement> & RefAttributes<HTMLDivElement>>' is not assignable to type '(props: any) => ReactNode | Promise<ReactNode>'.
      Type 'ReactNode' is not assignable to type 'ReactNode | Promise<ReactNode>'.
        Type 'ReactElement<unknown, string | JSXElementConstructor<any>>' is not assignable to type 'ReactNode | Promise<ReactNode>'.
          Property 'children' is missing in type 'ReactElement<unknown, string | JSXElementConstructor<any>>' but required in type 'ReactPortal'.
app/page.tsx(111,20): error TS2786: 'LineChart' cannot be used as a JSX component.
  Its type 'ForwardRefExoticComponent<Omit<LucideProps, "ref"> & RefAttributes<SVGSVGElement>>' is not a valid JSX element type.
    Type 'ForwardRefExoticComponent<Omit<LucideProps, "ref"> & RefAttributes<SVGSVGElement>>' is not assignable to type '(props: any) => ReactNode | Promise<ReactNode>'.
      Type 'ReactNode' is not assignable to type 'ReactNode | Promise<ReactNode>'.
        Type 'ReactElement<unknown, string | JSXElementConstructor<any>>' is not assignable to type 'ReactNode | Promise<ReactNode>'.
          Property 'children' is missing in type 'ReactElement<unknown, string | JSXElementConstructor<any>>' but required in type 'ReactPortal'.
app/page.tsx(113,18): error TS2786: 'CardTitle' cannot be used as a JSX component.
  Its type 'ForwardRefExoticComponent<HTMLAttributes<HTMLDivElement> & RefAttributes<HTMLDivElement>>' is not a valid JSX element type.
    Type 'ForwardRefExoticComponent<HTMLAttributes<HTMLDivElement> & RefAttributes<HTMLDivElement>>' is not assignable to type '(props: any) => ReactNode | Promise<ReactNode>'.
      Type 'ReactNode' is not assignable to type 'ReactNode | Promise<ReactNode>'.
        Type 'ReactElement<unknown, string | JSXElementConstructor<any>>' is not assignable to type 'ReactNode | Promise<ReactNode>'.
          Property 'children' is missing in type 'ReactElement<unknown, string | JSXElementConstructor<any>>' but required in type 'ReactPortal'.
app/page.tsx(115,16): error TS2786: 'CardContent' cannot be used as a JSX component.
  Its type 'ForwardRefExoticComponent<HTMLAttributes<HTMLDivElement> & RefAttributes<HTMLDivElement>>' is not a valid JSX element type.
    Type 'ForwardRefExoticComponent<HTMLAttributes<HTMLDivElement> & RefAttributes<HTMLDivElement>>' is not assignable to type '(props: any) => ReactNode | Promise<ReactNode>'.
      Type 'ReactNode' is not assignable to type 'ReactNode | Promise<ReactNode>'.
        Type 'ReactElement<unknown, string | JSXElementConstructor<any>>' is not assignable to type 'ReactNode | Promise<ReactNode>'.
          Property 'children' is missing in type 'ReactElement<unknown, string | JSXElementConstructor<any>>' but required in type 'ReactPortal'.
app/page.tsx(120,16): error TS2786: 'CardFooter' cannot be used as a JSX component.
  Its type 'ForwardRefExoticComponent<HTMLAttributes<HTMLDivElement> & RefAttributes<HTMLDivElement>>' is not a valid JSX element type.
    Type 'ForwardRefExoticComponent<HTMLAttributes<HTMLDivElement> & RefAttributes<HTMLDivElement>>' is not assignable to type '(props: any) => ReactNode | Promise<ReactNode>'.
      Type 'ReactNode' is not assignable to type 'ReactNode | Promise<ReactNode>'.
        Type 'ReactElement<unknown, string | JSXElementConstructor<any>>' is not assignable to type 'ReactNode | Promise<ReactNode>'.
          Property 'children' is missing in type 'ReactElement<unknown, string | JSXElementConstructor<any>>' but required in type 'ReactPortal'.
app/page.tsx(121,18): error TS2786: 'Link' cannot be used as a JSX component.
  Its type 'ForwardRefExoticComponent<Omit<AnchorHTMLAttributes<HTMLAnchorElement>, keyof InternalLinkProps> & InternalLinkProps & { ...; } & RefAttributes<...>>' is not a valid JSX element type.
    Type 'ForwardRefExoticComponent<Omit<AnchorHTMLAttributes<HTMLAnchorElement>, keyof InternalLinkProps> & InternalLinkProps & { ...; } & RefAttributes<...>>' is not assignable to type '(props: any) => ReactNode | Promise<ReactNode>'.
      Type 'ReactNode' is not assignable to type 'ReactNode | Promise<ReactNode>'.
        Type 'ReactElement<unknown, string | JSXElementConstructor<any>>' is not assignable to type 'ReactNode | Promise<ReactNode>'.
          Property 'children' is missing in type 'ReactElement<unknown, string | JSXElementConstructor<any>>' but required in type 'ReactPortal'.
app/page.tsx(126,14): error TS2786: 'Card' cannot be used as a JSX component.
  Its type 'ForwardRefExoticComponent<HTMLAttributes<HTMLDivElement> & RefAttributes<HTMLDivElement>>' is not a valid JSX element type.
    Type 'ForwardRefExoticComponent<HTMLAttributes<HTMLDivElement> & RefAttributes<HTMLDivElement>>' is not assignable to type '(props: any) => ReactNode | Promise<ReactNode>'.
      Type 'ReactNode' is not assignable to type 'ReactNode | Promise<ReactNode>'.
        Type 'ReactElement<unknown, string | JSXElementConstructor<any>>' is not assignable to type 'ReactNode | Promise<ReactNode>'.
          Property 'children' is missing in type 'ReactElement<unknown, string | JSXElementConstructor<any>>' but required in type 'ReactPortal'.
app/page.tsx(128,18): error TS2786: 'Image' cannot be used as a JSX component.
  Its type 'ForwardRefExoticComponent<Omit<DetailedHTMLProps<ImgHTMLAttributes<HTMLImageElement>, HTMLImageElement>, "height" | ... 5 more ... | "srcSet"> & { ...; } & RefAttributes<...>>' is not a valid JSX element type.
    Type 'ForwardRefExoticComponent<Omit<DetailedHTMLProps<ImgHTMLAttributes<HTMLImageElement>, HTMLImageElement>, "height" | ... 5 more ... | "srcSet"> & { ...; } & RefAttributes<...>>' is not assignable to type '(props: any) => ReactNode | Promise<ReactNode>'.
      Type 'ReactNode' is not assignable to type 'ReactNode | Promise<ReactNode>'.
        Type 'ReactElement<unknown, string | JSXElementConstructor<any>>' is not assignable to type 'ReactNode | Promise<ReactNode>'.
          Property 'children' is missing in type 'ReactElement<unknown, string | JSXElementConstructor<any>>' but required in type 'ReactPortal'.
app/page.tsx(135,16): error TS2786: 'CardHeader' cannot be used as a JSX component.
  Its type 'ForwardRefExoticComponent<HTMLAttributes<HTMLDivElement> & RefAttributes<HTMLDivElement>>' is not a valid JSX element type.
    Type 'ForwardRefExoticComponent<HTMLAttributes<HTMLDivElement> & RefAttributes<HTMLDivElement>>' is not assignable to type '(props: any) => ReactNode | Promise<ReactNode>'.
      Type 'ReactNode' is not assignable to type 'ReactNode | Promise<ReactNode>'.
        Type 'ReactElement<unknown, string | JSXElementConstructor<any>>' is not assignable to type 'ReactNode | Promise<ReactNode>'.
          Property 'children' is missing in type 'ReactElement<unknown, string | JSXElementConstructor<any>>' but required in type 'ReactPortal'.
app/page.tsx(137,20): error TS2786: 'Leaf' cannot be used as a JSX component.
  Its type 'ForwardRefExoticComponent<Omit<LucideProps, "ref"> & RefAttributes<SVGSVGElement>>' is not a valid JSX element type.
    Type 'ForwardRefExoticComponent<Omit<LucideProps, "ref"> & RefAttributes<SVGSVGElement>>' is not assignable to type '(props: any) => ReactNode | Promise<ReactNode>'.
      Type 'ReactNode' is not assignable to type 'ReactNode | Promise<ReactNode>'.
        Type 'ReactElement<unknown, string | JSXElementConstructor<any>>' is not assignable to type 'ReactNode | Promise<ReactNode>'.
          Property 'children' is missing in type 'ReactElement<unknown, string | JSXElementConstructor<any>>' but required in type 'ReactPortal'.
app/page.tsx(139,18): error TS2786: 'CardTitle' cannot be used as a JSX component.
  Its type 'ForwardRefExoticComponent<HTMLAttributes<HTMLDivElement> & RefAttributes<HTMLDivElement>>' is not a valid JSX element type.
    Type 'ForwardRefExoticComponent<HTMLAttributes<HTMLDivElement> & RefAttributes<HTMLDivElement>>' is not assignable to type '(props: any) => ReactNode | Promise<ReactNode>'.
      Type 'ReactNode' is not assignable to type 'ReactNode | Promise<ReactNode>'.
        Type 'ReactElement<unknown, string | JSXElementConstructor<any>>' is not assignable to type 'ReactNode | Promise<ReactNode>'.
          Property 'children' is missing in type 'ReactElement<unknown, string | JSXElementConstructor<any>>' but required in type 'ReactPortal'.
app/page.tsx(141,16): error TS2786: 'CardContent' cannot be used as a JSX component.
  Its type 'ForwardRefExoticComponent<HTMLAttributes<HTMLDivElement> & RefAttributes<HTMLDivElement>>' is not a valid JSX element type.
    Type 'ForwardRefExoticComponent<HTMLAttributes<HTMLDivElement> & RefAttributes<HTMLDivElement>>' is not assignable to type '(props: any) => ReactNode | Promise<ReactNode>'.
      Type 'ReactNode' is not assignable to type 'ReactNode | Promise<ReactNode>'.
        Type 'ReactElement<unknown, string | JSXElementConstructor<any>>' is not assignable to type 'ReactNode | Promise<ReactNode>'.
          Property 'children' is missing in type 'ReactElement<unknown, string | JSXElementConstructor<any>>' but required in type 'ReactPortal'.
app/page.tsx(146,16): error TS2786: 'CardFooter' cannot be used as a JSX component.
  Its type 'ForwardRefExoticComponent<HTMLAttributes<HTMLDivElement> & RefAttributes<HTMLDivElement>>' is not a valid JSX element type.
    Type 'ForwardRefExoticComponent<HTMLAttributes<HTMLDivElement> & RefAttributes<HTMLDivElement>>' is not assignable to type '(props: any) => ReactNode | Promise<ReactNode>'.
      Type 'ReactNode' is not assignable to type 'ReactNode | Promise<ReactNode>'.
        Type 'ReactElement<unknown, string | JSXElementConstructor<any>>' is not assignable to type 'ReactNode | Promise<ReactNode>'.
          Property 'children' is missing in type 'ReactElement<unknown, string | JSXElementConstructor<any>>' but required in type 'ReactPortal'.
app/page.tsx(147,18): error TS2786: 'Link' cannot be used as a JSX component.
  Its type 'ForwardRefExoticComponent<Omit<AnchorHTMLAttributes<HTMLAnchorElement>, keyof InternalLinkProps> & InternalLinkProps & { ...; } & RefAttributes<...>>' is not a valid JSX element type.
    Type 'ForwardRefExoticComponent<Omit<AnchorHTMLAttributes<HTMLAnchorElement>, keyof InternalLinkProps> & InternalLinkProps & { ...; } & RefAttributes<...>>' is not assignable to type '(props: any) => ReactNode | Promise<ReactNode>'.
      Type 'ReactNode' is not assignable to type 'ReactNode | Promise<ReactNode>'.
        Type 'ReactElement<unknown, string | JSXElementConstructor<any>>' is not assignable to type 'ReactNode | Promise<ReactNode>'.
          Property 'children' is missing in type 'ReactElement<unknown, string | JSXElementConstructor<any>>' but required in type 'ReactPortal'.
app/page.tsx(160,14): error TS2786: 'Card' cannot be used as a JSX component.
  Its type 'ForwardRefExoticComponent<HTMLAttributes<HTMLDivElement> & RefAttributes<HTMLDivElement>>' is not a valid JSX element type.
    Type 'ForwardRefExoticComponent<HTMLAttributes<HTMLDivElement> & RefAttributes<HTMLDivElement>>' is not assignable to type '(props: any) => ReactNode | Promise<ReactNode>'.
      Type 'ReactNode' is not assignable to type 'ReactNode | Promise<ReactNode>'.
        Type 'ReactElement<unknown, string | JSXElementConstructor<any>>' is not assignable to type 'ReactNode | Promise<ReactNode>'.
          Property 'children' is missing in type 'ReactElement<unknown, string | JSXElementConstructor<any>>' but required in type 'ReactPortal'.
app/page.tsx(161,16): error TS2786: 'CardContent' cannot be used as a JSX component.
  Its type 'ForwardRefExoticComponent<HTMLAttributes<HTMLDivElement> & RefAttributes<HTMLDivElement>>' is not a valid JSX element type.
    Type 'ForwardRefExoticComponent<HTMLAttributes<HTMLDivElement> & RefAttributes<HTMLDivElement>>' is not assignable to type '(props: any) => ReactNode | Promise<ReactNode>'.
      Type 'ReactNode' is not assignable to type 'ReactNode | Promise<ReactNode>'.
        Type 'ReactElement<unknown, string | JSXElementConstructor<any>>' is not assignable to type 'ReactNode | Promise<ReactNode>'.
          Property 'children' is missing in type 'ReactElement<unknown, string | JSXElementConstructor<any>>' but required in type 'ReactPortal'.
app/page.tsx(163,20): error TS2786: 'Leaf' cannot be used as a JSX component.
  Its type 'ForwardRefExoticComponent<Omit<LucideProps, "ref"> & RefAttributes<SVGSVGElement>>' is not a valid JSX element type.
    Type 'ForwardRefExoticComponent<Omit<LucideProps, "ref"> & RefAttributes<SVGSVGElement>>' is not assignable to type '(props: any) => ReactNode | Promise<ReactNode>'.
      Type 'ReactNode' is not assignable to type 'ReactNode | Promise<ReactNode>'.
        Type 'ReactElement<unknown, string | JSXElementConstructor<any>>' is not assignable to type 'ReactNode | Promise<ReactNode>'.
          Property 'children' is missing in type 'ReactElement<unknown, string | JSXElementConstructor<any>>' but required in type 'ReactPortal'.
app/page.tsx(169,14): error TS2786: 'Card' cannot be used as a JSX component.
  Its type 'ForwardRefExoticComponent<HTMLAttributes<HTMLDivElement> & RefAttributes<HTMLDivElement>>' is not a valid JSX element type.
    Type 'ForwardRefExoticComponent<HTMLAttributes<HTMLDivElement> & RefAttributes<HTMLDivElement>>' is not assignable to type '(props: any) => ReactNode | Promise<ReactNode>'.
      Type 'ReactNode' is not assignable to type 'ReactNode | Promise<ReactNode>'.
        Type 'ReactElement<unknown, string | JSXElementConstructor<any>>' is not assignable to type 'ReactNode | Promise<ReactNode>'.
          Property 'children' is missing in type 'ReactElement<unknown, string | JSXElementConstructor<any>>' but required in type 'ReactPortal'.
app/page.tsx(170,16): error TS2786: 'CardContent' cannot be used as a JSX component.
  Its type 'ForwardRefExoticComponent<HTMLAttributes<HTMLDivElement> & RefAttributes<HTMLDivElement>>' is not a valid JSX element type.
    Type 'ForwardRefExoticComponent<HTMLAttributes<HTMLDivElement> & RefAttributes<HTMLDivElement>>' is not assignable to type '(props: any) => ReactNode | Promise<ReactNode>'.
      Type 'ReactNode' is not assignable to type 'ReactNode | Promise<ReactNode>'.
        Type 'ReactElement<unknown, string | JSXElementConstructor<any>>' is not assignable to type 'ReactNode | Promise<ReactNode>'.
          Property 'children' is missing in type 'ReactElement<unknown, string | JSXElementConstructor<any>>' but required in type 'ReactPortal'.
app/page.tsx(172,20): error TS2786: 'Recycle' cannot be used as a JSX component.
  Its type 'ForwardRefExoticComponent<Omit<LucideProps, "ref"> & RefAttributes<SVGSVGElement>>' is not a valid JSX element type.
    Type 'ForwardRefExoticComponent<Omit<LucideProps, "ref"> & RefAttributes<SVGSVGElement>>' is not assignable to type '(props: any) => ReactNode | Promise<ReactNode>'.
      Type 'ReactNode' is not assignable to type 'ReactNode | Promise<ReactNode>'.
        Type 'ReactElement<unknown, string | JSXElementConstructor<any>>' is not assignable to type 'ReactNode | Promise<ReactNode>'.
          Property 'children' is missing in type 'ReactElement<unknown, string | JSXElementConstructor<any>>' but required in type 'ReactPortal'.
app/page.tsx(178,14): error TS2786: 'Card' cannot be used as a JSX component.
  Its type 'ForwardRefExoticComponent<HTMLAttributes<HTMLDivElement> & RefAttributes<HTMLDivElement>>' is not a valid JSX element type.
    Type 'ForwardRefExoticComponent<HTMLAttributes<HTMLDivElement> & RefAttributes<HTMLDivElement>>' is not assignable to type '(props: any) => ReactNode | Promise<ReactNode>'.
      Type 'ReactNode' is not assignable to type 'ReactNode | Promise<ReactNode>'.
        Type 'ReactElement<unknown, string | JSXElementConstructor<any>>' is not assignable to type 'ReactNode | Promise<ReactNode>'.
          Property 'children' is missing in type 'ReactElement<unknown, string | JSXElementConstructor<any>>' but required in type 'ReactPortal'.
app/page.tsx(179,16): error TS2786: 'CardContent' cannot be used as a JSX component.
  Its type 'ForwardRefExoticComponent<HTMLAttributes<HTMLDivElement> & RefAttributes<HTMLDivElement>>' is not a valid JSX element type.
    Type 'ForwardRefExoticComponent<HTMLAttributes<HTMLDivElement> & RefAttributes<HTMLDivElement>>' is not assignable to type '(props: any) => ReactNode | Promise<ReactNode>'.
      Type 'ReactNode' is not assignable to type 'ReactNode | Promise<ReactNode>'.
        Type 'ReactElement<unknown, string | JSXElementConstructor<any>>' is not assignable to type 'ReactNode | Promise<ReactNode>'.
          Property 'children' is missing in type 'ReactElement<unknown, string | JSXElementConstructor<any>>' but required in type 'ReactPortal'.
app/page.tsx(181,20): error TS2786: 'Utensils' cannot be used as a JSX component.
  Its type 'ForwardRefExoticComponent<Omit<LucideProps, "ref"> & RefAttributes<SVGSVGElement>>' is not a valid JSX element type.
    Type 'ForwardRefExoticComponent<Omit<LucideProps, "ref"> & RefAttributes<SVGSVGElement>>' is not assignable to type '(props: any) => ReactNode | Promise<ReactNode>'.
      Type 'ReactNode' is not assignable to type 'ReactNode | Promise<ReactNode>'.
        Type 'ReactElement<unknown, string | JSXElementConstructor<any>>' is not assignable to type 'ReactNode | Promise<ReactNode>'.
          Property 'children' is missing in type 'ReactElement<unknown, string | JSXElementConstructor<any>>' but required in type 'ReactPortal'.
app/page.tsx(187,14): error TS2786: 'Card' cannot be used as a JSX component.
  Its type 'ForwardRefExoticComponent<HTMLAttributes<HTMLDivElement> & RefAttributes<HTMLDivElement>>' is not a valid JSX element type.
    Type 'ForwardRefExoticComponent<HTMLAttributes<HTMLDivElement> & RefAttributes<HTMLDivElement>>' is not assignable to type '(props: any) => ReactNode | Promise<ReactNode>'.
      Type 'ReactNode' is not assignable to type 'ReactNode | Promise<ReactNode>'.
        Type 'ReactElement<unknown, string | JSXElementConstructor<any>>' is not assignable to type 'ReactNode | Promise<ReactNode>'.
          Property 'children' is missing in type 'ReactElement<unknown, string | JSXElementConstructor<any>>' but required in type 'ReactPortal'.
app/page.tsx(188,16): error TS2786: 'CardContent' cannot be used as a JSX component.
  Its type 'ForwardRefExoticComponent<HTMLAttributes<HTMLDivElement> & RefAttributes<HTMLDivElement>>' is not a valid JSX element type.
    Type 'ForwardRefExoticComponent<HTMLAttributes<HTMLDivElement> & RefAttributes<HTMLDivElement>>' is not assignable to type '(props: any) => ReactNode | Promise<ReactNode>'.
      Type 'ReactNode' is not assignable to type 'ReactNode | Promise<ReactNode>'.
        Type 'ReactElement<unknown, string | JSXElementConstructor<any>>' is not assignable to type 'ReactNode | Promise<ReactNode>'.
          Property 'children' is missing in type 'ReactElement<unknown, string | JSXElementConstructor<any>>' but required in type 'ReactPortal'.
app/page.tsx(190,20): error TS2786: 'Users' cannot be used as a JSX component.
  Its type 'ForwardRefExoticComponent<Omit<LucideProps, "ref"> & RefAttributes<SVGSVGElement>>' is not a valid JSX element type.
    Type 'ForwardRefExoticComponent<Omit<LucideProps, "ref"> & RefAttributes<SVGSVGElement>>' is not assignable to type '(props: any) => ReactNode | Promise<ReactNode>'.
      Type 'ReactNode' is not assignable to type 'ReactNode | Promise<ReactNode>'.
        Type 'ReactElement<unknown, string | JSXElementConstructor<any>>' is not assignable to type 'ReactNode | Promise<ReactNode>'.
          Property 'children' is missing in type 'ReactElement<unknown, string | JSXElementConstructor<any>>' but required in type 'ReactPortal'.
app/page.tsx(203,12): error TS2786: 'Image' cannot be used as a JSX component.
  Its type 'ForwardRefExoticComponent<Omit<DetailedHTMLProps<ImgHTMLAttributes<HTMLImageElement>, HTMLImageElement>, "height" | ... 5 more ... | "srcSet"> & { ...; } & RefAttributes<...>>' is not a valid JSX element type.
    Type 'ForwardRefExoticComponent<Omit<DetailedHTMLProps<ImgHTMLAttributes<HTMLImageElement>, HTMLImageElement>, "height" | ... 5 more ... | "srcSet"> & { ...; } & RefAttributes<...>>' is not assignable to type '(props: any) => ReactNode | Promise<ReactNode>'.
      Type 'ReactNode' is not assignable to type 'ReactNode | Promise<ReactNode>'.
        Type 'ReactElement<unknown, string | JSXElementConstructor<any>>' is not assignable to type 'ReactNode | Promise<ReactNode>'.
          Property 'children' is missing in type 'ReactElement<unknown, string | JSXElementConstructor<any>>' but required in type 'ReactPortal'.
app/page.tsx(222,16): error TS2786: 'Link' cannot be used as a JSX component.
  Its type 'ForwardRefExoticComponent<Omit<AnchorHTMLAttributes<HTMLAnchorElement>, keyof InternalLinkProps> & InternalLinkProps & { ...; } & RefAttributes<...>>' is not a valid JSX element type.
    Type 'ForwardRefExoticComponent<Omit<AnchorHTMLAttributes<HTMLAnchorElement>, keyof InternalLinkProps> & InternalLinkProps & { ...; } & RefAttributes<...>>' is not assignable to type '(props: any) => ReactNode | Promise<ReactNode>'.
      Type 'ReactNode' is not assignable to type 'ReactNode | Promise<ReactNode>'.
        Type 'ReactElement<unknown, string | JSXElementConstructor<any>>' is not assignable to type 'ReactNode | Promise<ReactNode>'.
          Property 'children' is missing in type 'ReactElement<unknown, string | JSXElementConstructor<any>>' but required in type 'ReactPortal'.
app/page.tsx(223,18): error TS2786: 'Button' cannot be used as a JSX component.
  Its type 'ForwardRefExoticComponent<ButtonProps & RefAttributes<HTMLButtonElement>>' is not a valid JSX element type.
    Type 'ForwardRefExoticComponent<ButtonProps & RefAttributes<HTMLButtonElement>>' is not assignable to type '(props: any) => ReactNode | Promise<ReactNode>'.
      Type 'ReactNode' is not assignable to type 'ReactNode | Promise<ReactNode>'.
        Type 'ReactElement<unknown, string | JSXElementConstructor<any>>' is not assignable to type 'ReactNode | Promise<ReactNode>'.
          Property 'children' is missing in type 'ReactElement<unknown, string | JSXElementConstructor<any>>' but required in type 'ReactPortal'.
app/page.tsx(225,16): error TS2786: 'Link' cannot be used as a JSX component.
  Its type 'ForwardRefExoticComponent<Omit<AnchorHTMLAttributes<HTMLAnchorElement>, keyof InternalLinkProps> & InternalLinkProps & { ...; } & RefAttributes<...>>' is not a valid JSX element type.
    Type 'ForwardRefExoticComponent<Omit<AnchorHTMLAttributes<HTMLAnchorElement>, keyof InternalLinkProps> & InternalLinkProps & { ...; } & RefAttributes<...>>' is not assignable to type '(props: any) => ReactNode | Promise<ReactNode>'.
      Type 'ReactNode' is not assignable to type 'ReactNode | Promise<ReactNode>'.
        Type 'ReactElement<unknown, string | JSXElementConstructor<any>>' is not assignable to type 'ReactNode | Promise<ReactNode>'.
          Property 'children' is missing in type 'ReactElement<unknown, string | JSXElementConstructor<any>>' but required in type 'ReactPortal'.
app/page.tsx(226,18): error TS2786: 'Button' cannot be used as a JSX component.
  Its type 'ForwardRefExoticComponent<ButtonProps & RefAttributes<HTMLButtonElement>>' is not a valid JSX element type.
    Type 'ForwardRefExoticComponent<ButtonProps & RefAttributes<HTMLButtonElement>>' is not assignable to type '(props: any) => ReactNode | Promise<ReactNode>'.
      Type 'ReactNode' is not assignable to type 'ReactNode | Promise<ReactNode>'.
        Type 'ReactElement<unknown, string | JSXElementConstructor<any>>' is not assignable to type 'ReactNode | Promise<ReactNode>'.
          Property 'children' is missing in type 'ReactElement<unknown, string | JSXElementConstructor<any>>' but required in type 'ReactPortal'.
app/signup/page.tsx(139,10): error TS2786: 'Card' cannot be used as a JSX component.
  Its type 'ForwardRefExoticComponent<HTMLAttributes<HTMLDivElement> & RefAttributes<HTMLDivElement>>' is not a valid JSX element type.
    Type 'ForwardRefExoticComponent<HTMLAttributes<HTMLDivElement> & RefAttributes<HTMLDivElement>>' is not assignable to type '(props: any) => ReactNode | Promise<ReactNode>'.
      Type 'ReactNode' is not assignable to type 'ReactNode | Promise<ReactNode>'.
        Type 'ReactElement<unknown, string | JSXElementConstructor<any>>' is not assignable to type 'ReactNode | Promise<ReactNode>'.
          Property 'children' is missing in type 'ReactElement<unknown, string | JSXElementConstructor<any>>' but required in type 'ReactPortal'.
app/signup/page.tsx(140,12): error TS2786: 'CardHeader' cannot be used as a JSX component.
  Its type 'ForwardRefExoticComponent<HTMLAttributes<HTMLDivElement> & RefAttributes<HTMLDivElement>>' is not a valid JSX element type.
    Type 'ForwardRefExoticComponent<HTMLAttributes<HTMLDivElement> & RefAttributes<HTMLDivElement>>' is not assignable to type '(props: any) => ReactNode | Promise<ReactNode>'.
      Type 'ReactNode' is not assignable to type 'ReactNode | Promise<ReactNode>'.
        Type 'ReactElement<unknown, string | JSXElementConstructor<any>>' is not assignable to type 'ReactNode | Promise<ReactNode>'.
          Property 'children' is missing in type 'ReactElement<unknown, string | JSXElementConstructor<any>>' but required in type 'ReactPortal'.
app/signup/page.tsx(143,18): error TS2786: 'Leaf' cannot be used as a JSX component.
  Its type 'ForwardRefExoticComponent<Omit<LucideProps, "ref"> & RefAttributes<SVGSVGElement>>' is not a valid JSX element type.
    Type 'ForwardRefExoticComponent<Omit<LucideProps, "ref"> & RefAttributes<SVGSVGElement>>' is not assignable to type '(props: any) => ReactNode | Promise<ReactNode>'.
      Type 'ReactNode' is not assignable to type 'ReactNode | Promise<ReactNode>'.
        Type 'ReactElement<unknown, string | JSXElementConstructor<any>>' is not assignable to type 'ReactNode | Promise<ReactNode>'.
          Property 'children' is missing in type 'ReactElement<unknown, string | JSXElementConstructor<any>>' but required in type 'ReactPortal'.
app/signup/page.tsx(146,14): error TS2786: 'CardTitle' cannot be used as a JSX component.
  Its type 'ForwardRefExoticComponent<HTMLAttributes<HTMLDivElement> & RefAttributes<HTMLDivElement>>' is not a valid JSX element type.
    Type 'ForwardRefExoticComponent<HTMLAttributes<HTMLDivElement> & RefAttributes<HTMLDivElement>>' is not assignable to type '(props: any) => ReactNode | Promise<ReactNode>'.
      Type 'ReactNode' is not assignable to type 'ReactNode | Promise<ReactNode>'.
        Type 'ReactElement<unknown, string | JSXElementConstructor<any>>' is not assignable to type 'ReactNode | Promise<ReactNode>'.
          Property 'children' is missing in type 'ReactElement<unknown, string | JSXElementConstructor<any>>' but required in type 'ReactPortal'.
app/signup/page.tsx(147,14): error TS2786: 'CardDescription' cannot be used as a JSX component.
  Its type 'ForwardRefExoticComponent<HTMLAttributes<HTMLDivElement> & RefAttributes<HTMLDivElement>>' is not a valid JSX element type.
    Type 'ForwardRefExoticComponent<HTMLAttributes<HTMLDivElement> & RefAttributes<HTMLDivElement>>' is not assignable to type '(props: any) => ReactNode | Promise<ReactNode>'.
      Type 'ReactNode' is not assignable to type 'ReactNode | Promise<ReactNode>'.
        Type 'ReactElement<unknown, string | JSXElementConstructor<any>>' is not assignable to type 'ReactNode | Promise<ReactNode>'.
          Property 'children' is missing in type 'ReactElement<unknown, string | JSXElementConstructor<any>>' but required in type 'ReactPortal'.
app/signup/page.tsx(151,12): error TS2786: 'CardContent' cannot be used as a JSX component.
  Its type 'ForwardRefExoticComponent<HTMLAttributes<HTMLDivElement> & RefAttributes<HTMLDivElement>>' is not a valid JSX element type.
    Type 'ForwardRefExoticComponent<HTMLAttributes<HTMLDivElement> & RefAttributes<HTMLDivElement>>' is not assignable to type '(props: any) => ReactNode | Promise<ReactNode>'.
      Type 'ReactNode' is not assignable to type 'ReactNode | Promise<ReactNode>'.
        Type 'ReactElement<unknown, string | JSXElementConstructor<any>>' is not assignable to type 'ReactNode | Promise<ReactNode>'.
          Property 'children' is missing in type 'ReactElement<unknown, string | JSXElementConstructor<any>>' but required in type 'ReactPortal'.
app/signup/page.tsx(159,18): error TS2786: 'Label' cannot be used as a JSX component.
  Its type 'ForwardRefExoticComponent<Omit<LabelProps & RefAttributes<HTMLLabelElement>, "ref"> & VariantProps<(props?: ClassProp | undefined) => string> & RefAttributes<...>>' is not a valid JSX element type.
    Type 'ForwardRefExoticComponent<Omit<LabelProps & RefAttributes<HTMLLabelElement>, "ref"> & VariantProps<(props?: ClassProp | undefined) => string> & RefAttributes<...>>' is not assignable to type '(props: any) => ReactNode | Promise<ReactNode>'.
      Type 'ReactNode' is not assignable to type 'ReactNode | Promise<ReactNode>'.
        Type 'ReactElement<unknown, string | JSXElementConstructor<any>>' is not assignable to type 'ReactNode | Promise<ReactNode>'.
          Property 'children' is missing in type 'ReactElement<unknown, string | JSXElementConstructor<any>>' but required in type 'ReactPortal'.
app/signup/page.tsx(161,20): error TS2786: 'User' cannot be used as a JSX component.
  Its type 'ForwardRefExoticComponent<Omit<LucideProps, "ref"> & RefAttributes<SVGSVGElement>>' is not a valid JSX element type.
    Type 'ForwardRefExoticComponent<Omit<LucideProps, "ref"> & RefAttributes<SVGSVGElement>>' is not assignable to type '(props: any) => ReactNode | Promise<ReactNode>'.
      Type 'ReactNode' is not assignable to type 'ReactNode | Promise<ReactNode>'.
        Type 'ReactElement<unknown, string | JSXElementConstructor<any>>' is not assignable to type 'ReactNode | Promise<ReactNode>'.
          Property 'children' is missing in type 'ReactElement<unknown, string | JSXElementConstructor<any>>' but required in type 'ReactPortal'.
app/signup/page.tsx(162,20): error TS2786: 'Input' cannot be used as a JSX component.
  Its type 'ForwardRefExoticComponent<Omit<DetailedHTMLProps<InputHTMLAttributes<HTMLInputElement>, HTMLInputElement>, "ref"> & RefAttributes<...>>' is not a valid JSX element type.
    Type 'ForwardRefExoticComponent<Omit<DetailedHTMLProps<InputHTMLAttributes<HTMLInputElement>, HTMLInputElement>, "ref"> & RefAttributes<...>>' is not assignable to type '(props: any) => ReactNode | Promise<ReactNode>'.
      Type 'ReactNode' is not assignable to type 'ReactNode | Promise<ReactNode>'.
        Type 'ReactElement<unknown, string | JSXElementConstructor<any>>' is not assignable to type 'ReactNode | Promise<ReactNode>'.
          Property 'children' is missing in type 'ReactElement<unknown, string | JSXElementConstructor<any>>' but required in type 'ReactPortal'.
app/signup/page.tsx(178,18): error TS2786: 'Label' cannot be used as a JSX component.
  Its type 'ForwardRefExoticComponent<Omit<LabelProps & RefAttributes<HTMLLabelElement>, "ref"> & VariantProps<(props?: ClassProp | undefined) => string> & RefAttributes<...>>' is not a valid JSX element type.
    Type 'ForwardRefExoticComponent<Omit<LabelProps & RefAttributes<HTMLLabelElement>, "ref"> & VariantProps<(props?: ClassProp | undefined) => string> & RefAttributes<...>>' is not assignable to type '(props: any) => ReactNode | Promise<ReactNode>'.
      Type 'ReactNode' is not assignable to type 'ReactNode | Promise<ReactNode>'.
        Type 'ReactElement<unknown, string | JSXElementConstructor<any>>' is not assignable to type 'ReactNode | Promise<ReactNode>'.
          Property 'children' is missing in type 'ReactElement<unknown, string | JSXElementConstructor<any>>' but required in type 'ReactPortal'.
app/signup/page.tsx(180,20): error TS2786: 'Mail' cannot be used as a JSX component.
  Its type 'ForwardRefExoticComponent<Omit<LucideProps, "ref"> & RefAttributes<SVGSVGElement>>' is not a valid JSX element type.
    Type 'ForwardRefExoticComponent<Omit<LucideProps, "ref"> & RefAttributes<SVGSVGElement>>' is not assignable to type '(props: any) => ReactNode | Promise<ReactNode>'.
      Type 'ReactNode' is not assignable to type 'ReactNode | Promise<ReactNode>'.
        Type 'ReactElement<unknown, string | JSXElementConstructor<any>>' is not assignable to type 'ReactNode | Promise<ReactNode>'.
          Property 'children' is missing in type 'ReactElement<unknown, string | JSXElementConstructor<any>>' but required in type 'ReactPortal'.
app/signup/page.tsx(181,20): error TS2786: 'Input' cannot be used as a JSX component.
  Its type 'ForwardRefExoticComponent<Omit<DetailedHTMLProps<InputHTMLAttributes<HTMLInputElement>, HTMLInputElement>, "ref"> & RefAttributes<...>>' is not a valid JSX element type.
    Type 'ForwardRefExoticComponent<Omit<DetailedHTMLProps<InputHTMLAttributes<HTMLInputElement>, HTMLInputElement>, "ref"> & RefAttributes<...>>' is not assignable to type '(props: any) => ReactNode | Promise<ReactNode>'.
      Type 'ReactNode' is not assignable to type 'ReactNode | Promise<ReactNode>'.
        Type 'ReactElement<unknown, string | JSXElementConstructor<any>>' is not assignable to type 'ReactNode | Promise<ReactNode>'.
          Property 'children' is missing in type 'ReactElement<unknown, string | JSXElementConstructor<any>>' but required in type 'ReactPortal'.
app/signup/page.tsx(198,18): error TS2786: 'Label' cannot be used as a JSX component.
  Its type 'ForwardRefExoticComponent<Omit<LabelProps & RefAttributes<HTMLLabelElement>, "ref"> & VariantProps<(props?: ClassProp | undefined) => string> & RefAttributes<...>>' is not a valid JSX element type.
    Type 'ForwardRefExoticComponent<Omit<LabelProps & RefAttributes<HTMLLabelElement>, "ref"> & VariantProps<(props?: ClassProp | undefined) => string> & RefAttributes<...>>' is not assignable to type '(props: any) => ReactNode | Promise<ReactNode>'.
      Type 'ReactNode' is not assignable to type 'ReactNode | Promise<ReactNode>'.
        Type 'ReactElement<unknown, string | JSXElementConstructor<any>>' is not assignable to type 'ReactNode | Promise<ReactNode>'.
          Property 'children' is missing in type 'ReactElement<unknown, string | JSXElementConstructor<any>>' but required in type 'ReactPortal'.
app/signup/page.tsx(200,20): error TS2786: 'Lock' cannot be used as a JSX component.
  Its type 'ForwardRefExoticComponent<Omit<LucideProps, "ref"> & RefAttributes<SVGSVGElement>>' is not a valid JSX element type.
    Type 'ForwardRefExoticComponent<Omit<LucideProps, "ref"> & RefAttributes<SVGSVGElement>>' is not assignable to type '(props: any) => ReactNode | Promise<ReactNode>'.
      Type 'ReactNode' is not assignable to type 'ReactNode | Promise<ReactNode>'.
        Type 'ReactElement<unknown, string | JSXElementConstructor<any>>' is not assignable to type 'ReactNode | Promise<ReactNode>'.
          Property 'children' is missing in type 'ReactElement<unknown, string | JSXElementConstructor<any>>' but required in type 'ReactPortal'.
app/signup/page.tsx(201,20): error TS2786: 'Input' cannot be used as a JSX component.
  Its type 'ForwardRefExoticComponent<Omit<DetailedHTMLProps<InputHTMLAttributes<HTMLInputElement>, HTMLInputElement>, "ref"> & RefAttributes<...>>' is not a valid JSX element type.
    Type 'ForwardRefExoticComponent<Omit<DetailedHTMLProps<InputHTMLAttributes<HTMLInputElement>, HTMLInputElement>, "ref"> & RefAttributes<...>>' is not assignable to type '(props: any) => ReactNode | Promise<ReactNode>'.
      Type 'ReactNode' is not assignable to type 'ReactNode | Promise<ReactNode>'.
        Type 'ReactElement<unknown, string | JSXElementConstructor<any>>' is not assignable to type 'ReactNode | Promise<ReactNode>'.
          Property 'children' is missing in type 'ReactElement<unknown, string | JSXElementConstructor<any>>' but required in type 'ReactPortal'.
app/signup/page.tsx(218,18): error TS2786: 'Label' cannot be used as a JSX component.
  Its type 'ForwardRefExoticComponent<Omit<LabelProps & RefAttributes<HTMLLabelElement>, "ref"> & VariantProps<(props?: ClassProp | undefined) => string> & RefAttributes<...>>' is not a valid JSX element type.
    Type 'ForwardRefExoticComponent<Omit<LabelProps & RefAttributes<HTMLLabelElement>, "ref"> & VariantProps<(props?: ClassProp | undefined) => string> & RefAttributes<...>>' is not assignable to type '(props: any) => ReactNode | Promise<ReactNode>'.
      Type 'ReactNode' is not assignable to type 'ReactNode | Promise<ReactNode>'.
        Type 'ReactElement<unknown, string | JSXElementConstructor<any>>' is not assignable to type 'ReactNode | Promise<ReactNode>'.
          Property 'children' is missing in type 'ReactElement<unknown, string | JSXElementConstructor<any>>' but required in type 'ReactPortal'.
app/signup/page.tsx(220,20): error TS2786: 'Lock' cannot be used as a JSX component.
  Its type 'ForwardRefExoticComponent<Omit<LucideProps, "ref"> & RefAttributes<SVGSVGElement>>' is not a valid JSX element type.
    Type 'ForwardRefExoticComponent<Omit<LucideProps, "ref"> & RefAttributes<SVGSVGElement>>' is not assignable to type '(props: any) => ReactNode | Promise<ReactNode>'.
      Type 'ReactNode' is not assignable to type 'ReactNode | Promise<ReactNode>'.
        Type 'ReactElement<unknown, string | JSXElementConstructor<any>>' is not assignable to type 'ReactNode | Promise<ReactNode>'.
          Property 'children' is missing in type 'ReactElement<unknown, string | JSXElementConstructor<any>>' but required in type 'ReactPortal'.
app/signup/page.tsx(221,20): error TS2786: 'Input' cannot be used as a JSX component.
  Its type 'ForwardRefExoticComponent<Omit<DetailedHTMLProps<InputHTMLAttributes<HTMLInputElement>, HTMLInputElement>, "ref"> & RefAttributes<...>>' is not a valid JSX element type.
    Type 'ForwardRefExoticComponent<Omit<DetailedHTMLProps<InputHTMLAttributes<HTMLInputElement>, HTMLInputElement>, "ref"> & RefAttributes<...>>' is not assignable to type '(props: any) => ReactNode | Promise<ReactNode>'.
      Type 'ReactNode' is not assignable to type 'ReactNode | Promise<ReactNode>'.
        Type 'ReactElement<unknown, string | JSXElementConstructor<any>>' is not assignable to type 'ReactNode | Promise<ReactNode>'.
          Property 'children' is missing in type 'ReactElement<unknown, string | JSXElementConstructor<any>>' but required in type 'ReactPortal'.
app/signup/page.tsx(237,16): error TS2786: 'Button' cannot be used as a JSX component.
  Its type 'ForwardRefExoticComponent<ButtonProps & RefAttributes<HTMLButtonElement>>' is not a valid JSX element type.
    Type 'ForwardRefExoticComponent<ButtonProps & RefAttributes<HTMLButtonElement>>' is not assignable to type '(props: any) => ReactNode | Promise<ReactNode>'.
      Type 'ReactNode' is not assignable to type 'ReactNode | Promise<ReactNode>'.
        Type 'ReactElement<unknown, string | JSXElementConstructor<any>>' is not assignable to type 'ReactNode | Promise<ReactNode>'.
          Property 'children' is missing in type 'ReactElement<unknown, string | JSXElementConstructor<any>>' but required in type 'ReactPortal'.
app/signup/page.tsx(250,22): error TS2786: 'ArrowRight' cannot be used as a JSX component.
  Its type 'ForwardRefExoticComponent<Omit<LucideProps, "ref"> & RefAttributes<SVGSVGElement>>' is not a valid JSX element type.
    Type 'ForwardRefExoticComponent<Omit<LucideProps, "ref"> & RefAttributes<SVGSVGElement>>' is not assignable to type '(props: any) => ReactNode | Promise<ReactNode>'.
      Type 'ReactNode' is not assignable to type 'ReactNode | Promise<ReactNode>'.
        Type 'ReactElement<unknown, string | JSXElementConstructor<any>>' is not assignable to type 'ReactNode | Promise<ReactNode>'.
          Property 'children' is missing in type 'ReactElement<unknown, string | JSXElementConstructor<any>>' but required in type 'ReactPortal'.
app/signup/page.tsx(256,12): error TS2786: 'CardFooter' cannot be used as a JSX component.
  Its type 'ForwardRefExoticComponent<HTMLAttributes<HTMLDivElement> & RefAttributes<HTMLDivElement>>' is not a valid JSX element type.
    Type 'ForwardRefExoticComponent<HTMLAttributes<HTMLDivElement> & RefAttributes<HTMLDivElement>>' is not assignable to type '(props: any) => ReactNode | Promise<ReactNode>'.
      Type 'ReactNode' is not assignable to type 'ReactNode | Promise<ReactNode>'.
        Type 'ReactElement<unknown, string | JSXElementConstructor<any>>' is not assignable to type 'ReactNode | Promise<ReactNode>'.
          Property 'children' is missing in type 'ReactElement<unknown, string | JSXElementConstructor<any>>' but required in type 'ReactPortal'.
app/signup/page.tsx(266,16): error TS2786: 'Button' cannot be used as a JSX component.
  Its type 'ForwardRefExoticComponent<ButtonProps & RefAttributes<HTMLButtonElement>>' is not a valid JSX element type.
    Type 'ForwardRefExoticComponent<ButtonProps & RefAttributes<HTMLButtonElement>>' is not assignable to type '(props: any) => ReactNode | Promise<ReactNode>'.
      Type 'ReactNode' is not assignable to type 'ReactNode | Promise<ReactNode>'.
        Type 'ReactElement<unknown, string | JSXElementConstructor<any>>' is not assignable to type 'ReactNode | Promise<ReactNode>'.
          Property 'children' is missing in type 'ReactElement<unknown, string | JSXElementConstructor<any>>' but required in type 'ReactPortal'.
app/signup/page.tsx(271,18): error TS2786: 'Image' cannot be used as a JSX component.
  Its type 'ForwardRefExoticComponent<Omit<DetailedHTMLProps<ImgHTMLAttributes<HTMLImageElement>, HTMLImageElement>, "height" | ... 5 more ... | "srcSet"> & { ...; } & RefAttributes<...>>' is not a valid JSX element type.
    Type 'ForwardRefExoticComponent<Omit<DetailedHTMLProps<ImgHTMLAttributes<HTMLImageElement>, HTMLImageElement>, "height" | ... 5 more ... | "srcSet"> & { ...; } & RefAttributes<...>>' is not assignable to type '(props: any) => ReactNode | Promise<ReactNode>'.
      Type 'ReactNode' is not assignable to type 'ReactNode | Promise<ReactNode>'.
        Type 'ReactElement<unknown, string | JSXElementConstructor<any>>' is not assignable to type 'ReactNode | Promise<ReactNode>'.
          Property 'children' is missing in type 'ReactElement<unknown, string | JSXElementConstructor<any>>' but required in type 'ReactPortal'.
app/signup/page.tsx(280,16): error TS2786: 'Button' cannot be used as a JSX component.
  Its type 'ForwardRefExoticComponent<ButtonProps & RefAttributes<HTMLButtonElement>>' is not a valid JSX element type.
    Type 'ForwardRefExoticComponent<ButtonProps & RefAttributes<HTMLButtonElement>>' is not assignable to type '(props: any) => ReactNode | Promise<ReactNode>'.
      Type 'ReactNode' is not assignable to type 'ReactNode | Promise<ReactNode>'.
        Type 'ReactElement<unknown, string | JSXElementConstructor<any>>' is not assignable to type 'ReactNode | Promise<ReactNode>'.
          Property 'children' is missing in type 'ReactElement<unknown, string | JSXElementConstructor<any>>' but required in type 'ReactPortal'.
app/signup/page.tsx(285,18): error TS2786: 'Image' cannot be used as a JSX component.
  Its type 'ForwardRefExoticComponent<Omit<DetailedHTMLProps<ImgHTMLAttributes<HTMLImageElement>, HTMLImageElement>, "height" | ... 5 more ... | "srcSet"> & { ...; } & RefAttributes<...>>' is not a valid JSX element type.
    Type 'ForwardRefExoticComponent<Omit<DetailedHTMLProps<ImgHTMLAttributes<HTMLImageElement>, HTMLImageElement>, "height" | ... 5 more ... | "srcSet"> & { ...; } & RefAttributes<...>>' is not assignable to type '(props: any) => ReactNode | Promise<ReactNode>'.
      Type 'ReactNode' is not assignable to type 'ReactNode | Promise<ReactNode>'.
        Type 'ReactElement<unknown, string | JSXElementConstructor<any>>' is not assignable to type 'ReactNode | Promise<ReactNode>'.
          Property 'children' is missing in type 'ReactElement<unknown, string | JSXElementConstructor<any>>' but required in type 'ReactPortal'.
app/signup/page.tsx(297,16): error TS2786: 'Link' cannot be used as a JSX component.
  Its type 'ForwardRefExoticComponent<Omit<AnchorHTMLAttributes<HTMLAnchorElement>, keyof InternalLinkProps> & InternalLinkProps & { ...; } & RefAttributes<...>>' is not a valid JSX element type.
    Type 'ForwardRefExoticComponent<Omit<AnchorHTMLAttributes<HTMLAnchorElement>, keyof InternalLinkProps> & InternalLinkProps & { ...; } & RefAttributes<...>>' is not assignable to type '(props: any) => ReactNode | Promise<ReactNode>'.
      Type 'ReactNode' is not assignable to type 'ReactNode | Promise<ReactNode>'.
        Type 'ReactElement<unknown, string | JSXElementConstructor<any>>' is not assignable to type 'ReactNode | Promise<ReactNode>'.
          Property 'children' is missing in type 'ReactElement<unknown, string | JSXElementConstructor<any>>' but required in type 'ReactPortal'.
components/dish-detail.tsx(38,6): error TS2786: 'Dialog' cannot be used as a JSX component.
  Its type 'FC<DialogProps>' is not a valid JSX element type.
    Type 'FunctionComponent<DialogProps>' is not assignable to type '(props: any) => ReactNode | Promise<ReactNode>'.
      Type 'import("C:/Users/KISHORE S/OneDrive/Desktop/csc/Climate-Smart-Cafeteria/node_modules/@types/react/index").ReactNode | Promise<import("C:/Users/KISHORE S/OneDrive/Desktop/csc/Climate-Smart-Cafeteria/node_modules/@types/react/index").ReactNode>' is not assignable to type 'React.ReactNode | Promise<React.ReactNode>'.
        Type 'ReactElement<unknown, string | JSXElementConstructor<any>>' is not assignable to type 'ReactNode | Promise<ReactNode>'.
          Property 'children' is missing in type 'ReactElement<unknown, string | JSXElementConstructor<any>>' but required in type 'ReactPortal'.
components/dish-detail.tsx(39,8): error TS2786: 'DialogContent' cannot be used as a JSX component.
  Its type 'ForwardRefExoticComponent<Omit<DialogContentProps & RefAttributes<HTMLDivElement>, "ref"> & RefAttributes<HTMLDivElement>>' is not a valid JSX element type.
    Type 'ForwardRefExoticComponent<Omit<DialogContentProps & RefAttributes<HTMLDivElement>, "ref"> & RefAttributes<HTMLDivElement>>' is not assignable to type '(props: any) => ReactNode | Promise<ReactNode>'.
      Type 'ReactNode' is not assignable to type 'ReactNode | Promise<ReactNode>'.
        Type 'ReactElement<unknown, string | JSXElementConstructor<any>>' is not assignable to type 'ReactNode | Promise<ReactNode>'.
          Property 'children' is missing in type 'ReactElement<unknown, string | JSXElementConstructor<any>>' but required in type 'ReactPortal'.
components/dish-detail.tsx(41,12): error TS2786: 'DialogTitle' cannot be used as a JSX component.
  Its type 'ForwardRefExoticComponent<Omit<DialogTitleProps & RefAttributes<HTMLHeadingElement>, "ref"> & RefAttributes<HTMLHeadingElement>>' is not a valid JSX element type.
    Type 'ForwardRefExoticComponent<Omit<DialogTitleProps & RefAttributes<HTMLHeadingElement>, "ref"> & RefAttributes<HTMLHeadingElement>>' is not assignable to type '(props: any) => ReactNode | Promise<ReactNode>'.
      Type 'ReactNode' is not assignable to type 'ReactNode | Promise<ReactNode>'.
        Type 'ReactElement<unknown, string | JSXElementConstructor<any>>' is not assignable to type 'ReactNode | Promise<ReactNode>'.
          Property 'children' is missing in type 'ReactElement<unknown, string | JSXElementConstructor<any>>' but required in type 'ReactPortal'.
components/dish-detail.tsx(45,12): error TS2786: 'DialogDescription' cannot be used as a JSX component.
  Its type 'ForwardRefExoticComponent<Omit<DialogDescriptionProps & RefAttributes<HTMLParagraphElement>, "ref"> & RefAttributes<HTMLParagraphElement>>' is not a valid JSX element type.
    Type 'ForwardRefExoticComponent<Omit<DialogDescriptionProps & RefAttributes<HTMLParagraphElement>, "ref"> & RefAttributes<HTMLParagraphElement>>' is not assignable to type '(props: any) => ReactNode | Promise<ReactNode>'.
      Type 'ReactNode' is not assignable to type 'ReactNode | Promise<ReactNode>'.
        Type 'ReactElement<unknown, string | JSXElementConstructor<any>>' is not assignable to type 'ReactNode | Promise<ReactNode>'.
          Property 'children' is missing in type 'ReactElement<unknown, string | JSXElementConstructor<any>>' but required in type 'ReactPortal'.
components/dish-detail.tsx(50,14): error TS2786: 'Image' cannot be used as a JSX component.
  Its type 'ForwardRefExoticComponent<Omit<DetailedHTMLProps<ImgHTMLAttributes<HTMLImageElement>, HTMLImageElement>, "height" | ... 5 more ... | "srcSet"> & { ...; } & RefAttributes<...>>' is not a valid JSX element type.
    Type 'ForwardRefExoticComponent<Omit<DetailedHTMLProps<ImgHTMLAttributes<HTMLImageElement>, HTMLImageElement>, "height" | ... 5 more ... | "srcSet"> & { ...; } & RefAttributes<...>>' is not assignable to type '(props: any) => ReactNode | Promise<ReactNode>'.
      Type 'ReactNode' is not assignable to type 'ReactNode | Promise<ReactNode>'.
        Type 'ReactElement<unknown, string | JSXElementConstructor<any>>' is not assignable to type 'ReactNode | Promise<ReactNode>'.
          Property 'children' is missing in type 'ReactElement<unknown, string | JSXElementConstructor<any>>' but required in type 'ReactPortal'.
components/dish-detail.tsx(63,16): error TS2786: 'Leaf' cannot be used as a JSX component.
  Its type 'ForwardRefExoticComponent<Omit<LucideProps, "ref"> & RefAttributes<SVGSVGElement>>' is not a valid JSX element type.
    Type 'ForwardRefExoticComponent<Omit<LucideProps, "ref"> & RefAttributes<SVGSVGElement>>' is not assignable to type '(props: any) => ReactNode | Promise<ReactNode>'.
      Type 'ReactNode' is not assignable to type 'ReactNode | Promise<ReactNode>'.
        Type 'ReactElement<unknown, string | JSXElementConstructor<any>>' is not assignable to type 'ReactNode | Promise<ReactNode>'.
          Property 'children' is missing in type 'ReactElement<unknown, string | JSXElementConstructor<any>>' but required in type 'ReactPortal'.
components/dish-detail.tsx(68,16): error TS2786: 'Utensils' cannot be used as a JSX component.
  Its type 'ForwardRefExoticComponent<Omit<LucideProps, "ref"> & RefAttributes<SVGSVGElement>>' is not a valid JSX element type.
    Type 'ForwardRefExoticComponent<Omit<LucideProps, "ref"> & RefAttributes<SVGSVGElement>>' is not assignable to type '(props: any) => ReactNode | Promise<ReactNode>'.
      Type 'ReactNode' is not assignable to type 'ReactNode | Promise<ReactNode>'.
        Type 'ReactElement<unknown, string | JSXElementConstructor<any>>' is not assignable to type 'ReactNode | Promise<ReactNode>'.
          Property 'children' is missing in type 'ReactElement<unknown, string | JSXElementConstructor<any>>' but required in type 'ReactPortal'.
components/dish-detail.tsx(79,16): error TS2786: 'Flame' cannot be used as a JSX component.
  Its type 'ForwardRefExoticComponent<Omit<LucideProps, "ref"> & RefAttributes<SVGSVGElement>>' is not a valid JSX element type.
    Type 'ForwardRefExoticComponent<Omit<LucideProps, "ref"> & RefAttributes<SVGSVGElement>>' is not assignable to type '(props: any) => ReactNode | Promise<ReactNode>'.
      Type 'ReactNode' is not assignable to type 'ReactNode | Promise<ReactNode>'.
        Type 'ReactElement<unknown, string | JSXElementConstructor<any>>' is not assignable to type 'ReactNode | Promise<ReactNode>'.
          Property 'children' is missing in type 'ReactElement<unknown, string | JSXElementConstructor<any>>' but required in type 'ReactPortal'.
components/dish-detail.tsx(108,16): error TS2786: 'Apple' cannot be used as a JSX component.
  Its type 'ForwardRefExoticComponent<Omit<LucideProps, "ref"> & RefAttributes<SVGSVGElement>>' is not a valid JSX element type.
    Type 'ForwardRefExoticComponent<Omit<LucideProps, "ref"> & RefAttributes<SVGSVGElement>>' is not assignable to type '(props: any) => ReactNode | Promise<ReactNode>'.
      Type 'ReactNode' is not assignable to type 'ReactNode | Promise<ReactNode>'.
        Type 'ReactElement<unknown, string | JSXElementConstructor<any>>' is not assignable to type 'ReactNode | Promise<ReactNode>'.
          Property 'children' is missing in type 'ReactElement<unknown, string | JSXElementConstructor<any>>' but required in type 'ReactPortal'.
components/dish-detail.tsx(125,20): error TS2786: 'CheckCircle2' cannot be used as a JSX component.
  Its type 'ForwardRefExoticComponent<Omit<LucideProps, "ref"> & RefAttributes<SVGSVGElement>>' is not a valid JSX element type.
    Type 'ForwardRefExoticComponent<Omit<LucideProps, "ref"> & RefAttributes<SVGSVGElement>>' is not assignable to type '(props: any) => ReactNode | Promise<ReactNode>'.
      Type 'ReactNode' is not assignable to type 'ReactNode | Promise<ReactNode>'.
        Type 'ReactElement<unknown, string | JSXElementConstructor<any>>' is not assignable to type 'ReactNode | Promise<ReactNode>'.
          Property 'children' is missing in type 'ReactElement<unknown, string | JSXElementConstructor<any>>' but required in type 'ReactPortal'.
components/dish-detail.tsx(127,20): error TS2786: 'XCircle' cannot be used as a JSX component.
  Its type 'ForwardRefExoticComponent<Omit<LucideProps, "ref"> & RefAttributes<SVGSVGElement>>' is not a valid JSX element type.
    Type 'ForwardRefExoticComponent<Omit<LucideProps, "ref"> & RefAttributes<SVGSVGElement>>' is not assignable to type '(props: any) => ReactNode | Promise<ReactNode>'.
      Type 'ReactNode' is not assignable to type 'ReactNode | Promise<ReactNode>'.
        Type 'ReactElement<unknown, string | JSXElementConstructor<any>>' is not assignable to type 'ReactNode | Promise<ReactNode>'.
          Property 'children' is missing in type 'ReactElement<unknown, string | JSXElementConstructor<any>>' but required in type 'ReactPortal'.
components/dish-detail.tsx(133,20): error TS2786: 'CheckCircle2' cannot be used as a JSX component.
  Its type 'ForwardRefExoticComponent<Omit<LucideProps, "ref"> & RefAttributes<SVGSVGElement>>' is not a valid JSX element type.
    Type 'ForwardRefExoticComponent<Omit<LucideProps, "ref"> & RefAttributes<SVGSVGElement>>' is not assignable to type '(props: any) => ReactNode | Promise<ReactNode>'.
      Type 'ReactNode' is not assignable to type 'ReactNode | Promise<ReactNode>'.
        Type 'ReactElement<unknown, string | JSXElementConstructor<any>>' is not assignable to type 'ReactNode | Promise<ReactNode>'.
          Property 'children' is missing in type 'ReactElement<unknown, string | JSXElementConstructor<any>>' but required in type 'ReactPortal'.
components/dish-detail.tsx(135,20): error TS2786: 'XCircle' cannot be used as a JSX component.
  Its type 'ForwardRefExoticComponent<Omit<LucideProps, "ref"> & RefAttributes<SVGSVGElement>>' is not a valid JSX element type.
    Type 'ForwardRefExoticComponent<Omit<LucideProps, "ref"> & RefAttributes<SVGSVGElement>>' is not assignable to type '(props: any) => ReactNode | Promise<ReactNode>'.
      Type 'ReactNode' is not assignable to type 'ReactNode | Promise<ReactNode>'.
        Type 'ReactElement<unknown, string | JSXElementConstructor<any>>' is not assignable to type 'ReactNode | Promise<ReactNode>'.
          Property 'children' is missing in type 'ReactElement<unknown, string | JSXElementConstructor<any>>' but required in type 'ReactPortal'.
components/dish-detail.tsx(141,20): error TS2786: 'CheckCircle2' cannot be used as a JSX component.
  Its type 'ForwardRefExoticComponent<Omit<LucideProps, "ref"> & RefAttributes<SVGSVGElement>>' is not a valid JSX element type.
    Type 'ForwardRefExoticComponent<Omit<LucideProps, "ref"> & RefAttributes<SVGSVGElement>>' is not assignable to type '(props: any) => ReactNode | Promise<ReactNode>'.
      Type 'ReactNode' is not assignable to type 'ReactNode | Promise<ReactNode>'.
        Type 'ReactElement<unknown, string | JSXElementConstructor<any>>' is not assignable to type 'ReactNode | Promise<ReactNode>'.
          Property 'children' is missing in type 'ReactElement<unknown, string | JSXElementConstructor<any>>' but required in type 'ReactPortal'.
components/dish-detail.tsx(143,20): error TS2786: 'XCircle' cannot be used as a JSX component.
  Its type 'ForwardRefExoticComponent<Omit<LucideProps, "ref"> & RefAttributes<SVGSVGElement>>' is not a valid JSX element type.
    Type 'ForwardRefExoticComponent<Omit<LucideProps, "ref"> & RefAttributes<SVGSVGElement>>' is not assignable to type '(props: any) => ReactNode | Promise<ReactNode>'.
      Type 'ReactNode' is not assignable to type 'ReactNode | Promise<ReactNode>'.
        Type 'ReactElement<unknown, string | JSXElementConstructor<any>>' is not assignable to type 'ReactNode | Promise<ReactNode>'.
          Property 'children' is missing in type 'ReactElement<unknown, string | JSXElementConstructor<any>>' but required in type 'ReactPortal'.
components/dish-detail.tsx(165,12): error TS2786: 'Button' cannot be used as a JSX component.
  Its type 'ForwardRefExoticComponent<ButtonProps & RefAttributes<HTMLButtonElement>>' is not a valid JSX element type.
    Type 'ForwardRefExoticComponent<ButtonProps & RefAttributes<HTMLButtonElement>>' is not assignable to type '(props: any) => ReactNode | Promise<ReactNode>'.
      Type 'ReactNode' is not assignable to type 'ReactNode | Promise<ReactNode>'.
        Type 'ReactElement<unknown, string | JSXElementConstructor<any>>' is not assignable to type 'ReactNode | Promise<ReactNode>'.
          Property 'children' is missing in type 'ReactElement<unknown, string | JSXElementConstructor<any>>' but required in type 'ReactPortal'.
components/dish-detail.tsx(168,12): error TS2786: 'Button' cannot be used as a JSX component.
  Its type 'ForwardRefExoticComponent<ButtonProps & RefAttributes<HTMLButtonElement>>' is not a valid JSX element type.
    Type 'ForwardRefExoticComponent<ButtonProps & RefAttributes<HTMLButtonElement>>' is not assignable to type '(props: any) => ReactNode | Promise<ReactNode>'.
      Type 'ReactNode' is not assignable to type 'ReactNode | Promise<ReactNode>'.
        Type 'ReactElement<unknown, string | JSXElementConstructor<any>>' is not assignable to type 'ReactNode | Promise<ReactNode>'.
          Property 'children' is missing in type 'ReactElement<unknown, string | JSXElementConstructor<any>>' but required in type 'ReactPortal'.
components/footer.tsx(9,12): error TS2786: 'Link' cannot be used as a JSX component.
  Its type 'ForwardRefExoticComponent<Omit<AnchorHTMLAttributes<HTMLAnchorElement>, keyof InternalLinkProps> & InternalLinkProps & { ...; } & RefAttributes<...>>' is not a valid JSX element type.
    Type 'ForwardRefExoticComponent<Omit<AnchorHTMLAttributes<HTMLAnchorElement>, keyof InternalLinkProps> & InternalLinkProps & { ...; } & RefAttributes<...>>' is not assignable to type '(props: any) => ReactNode | Promise<ReactNode>'.
      Type 'ReactNode' is not assignable to type 'ReactNode | Promise<ReactNode>'.
        Type 'ReactElement<unknown, string | JSXElementConstructor<any>>' is not assignable to type 'ReactNode | Promise<ReactNode>'.
          Property 'children' is missing in type 'ReactElement<unknown, string | JSXElementConstructor<any>>' but required in type 'ReactPortal'.
components/footer.tsx(10,14): error TS2786: 'Leaf' cannot be used as a JSX component.
  Its type 'ForwardRefExoticComponent<Omit<LucideProps, "ref"> & RefAttributes<SVGSVGElement>>' is not a valid JSX element type.
    Type 'ForwardRefExoticComponent<Omit<LucideProps, "ref"> & RefAttributes<SVGSVGElement>>' is not assignable to type '(props: any) => ReactNode | Promise<ReactNode>'.
      Type 'ReactNode' is not assignable to type 'ReactNode | Promise<ReactNode>'.
        Type 'ReactElement<unknown, string | JSXElementConstructor<any>>' is not assignable to type 'ReactNode | Promise<ReactNode>'.
          Property 'children' is missing in type 'ReactElement<unknown, string | JSXElementConstructor<any>>' but required in type 'ReactPortal'.
components/footer.tsx(15,12): error TS2786: 'Link' cannot be used as a JSX component.
  Its type 'ForwardRefExoticComponent<Omit<AnchorHTMLAttributes<HTMLAnchorElement>, keyof InternalLinkProps> & InternalLinkProps & { ...; } & RefAttributes<...>>' is not a valid JSX element type.
    Type 'ForwardRefExoticComponent<Omit<AnchorHTMLAttributes<HTMLAnchorElement>, keyof InternalLinkProps> & InternalLinkProps & { ...; } & RefAttributes<...>>' is not assignable to type '(props: any) => ReactNode | Promise<ReactNode>'.
      Type 'ReactNode' is not assignable to type 'ReactNode | Promise<ReactNode>'.
        Type 'ReactElement<unknown, string | JSXElementConstructor<any>>' is not assignable to type 'ReactNode | Promise<ReactNode>'.
          Property 'children' is missing in type 'ReactElement<unknown, string | JSXElementConstructor<any>>' but required in type 'ReactPortal'.
components/footer.tsx(21,12): error TS2786: 'Link' cannot be used as a JSX component.
  Its type 'ForwardRefExoticComponent<Omit<AnchorHTMLAttributes<HTMLAnchorElement>, keyof InternalLinkProps> & InternalLinkProps & { ...; } & RefAttributes<...>>' is not a valid JSX element type.
    Type 'ForwardRefExoticComponent<Omit<AnchorHTMLAttributes<HTMLAnchorElement>, keyof InternalLinkProps> & InternalLinkProps & { ...; } & RefAttributes<...>>' is not assignable to type '(props: any) => ReactNode | Promise<ReactNode>'.
      Type 'ReactNode' is not assignable to type 'ReactNode | Promise<ReactNode>'.
        Type 'ReactElement<unknown, string | JSXElementConstructor<any>>' is not assignable to type 'ReactNode | Promise<ReactNode>'.
          Property 'children' is missing in type 'ReactElement<unknown, string | JSXElementConstructor<any>>' but required in type 'ReactPortal'.
components/footer.tsx(27,12): error TS2786: 'Link' cannot be used as a JSX component.
  Its type 'ForwardRefExoticComponent<Omit<AnchorHTMLAttributes<HTMLAnchorElement>, keyof InternalLinkProps> & InternalLinkProps & { ...; } & RefAttributes<...>>' is not a valid JSX element type.
    Type 'ForwardRefExoticComponent<Omit<AnchorHTMLAttributes<HTMLAnchorElement>, keyof InternalLinkProps> & InternalLinkProps & { ...; } & RefAttributes<...>>' is not assignable to type '(props: any) => ReactNode | Promise<ReactNode>'.
      Type 'ReactNode' is not assignable to type 'ReactNode | Promise<ReactNode>'.
        Type 'ReactElement<unknown, string | JSXElementConstructor<any>>' is not assignable to type 'ReactNode | Promise<ReactNode>'.
          Property 'children' is missing in type 'ReactElement<unknown, string | JSXElementConstructor<any>>' but required in type 'ReactPortal'.
components/footer.tsx(39,14): error TS2786: 'Mail' cannot be used as a JSX component.
  Its type 'ForwardRefExoticComponent<Omit<LucideProps, "ref"> & RefAttributes<SVGSVGElement>>' is not a valid JSX element type.
    Type 'ForwardRefExoticComponent<Omit<LucideProps, "ref"> & RefAttributes<SVGSVGElement>>' is not assignable to type '(props: any) => ReactNode | Promise<ReactNode>'.
      Type 'ReactNode' is not assignable to type 'ReactNode | Promise<ReactNode>'.
        Type 'ReactElement<unknown, string | JSXElementConstructor<any>>' is not assignable to type 'ReactNode | Promise<ReactNode>'.
          Property 'children' is missing in type 'ReactElement<unknown, string | JSXElementConstructor<any>>' but required in type 'ReactPortal'.
components/footer.tsx(43,14): error TS2786: 'Phone' cannot be used as a JSX component.
  Its type 'ForwardRefExoticComponent<Omit<LucideProps, "ref"> & RefAttributes<SVGSVGElement>>' is not a valid JSX element type.
    Type 'ForwardRefExoticComponent<Omit<LucideProps, "ref"> & RefAttributes<SVGSVGElement>>' is not assignable to type '(props: any) => ReactNode | Promise<ReactNode>'.
      Type 'ReactNode' is not assignable to type 'ReactNode | Promise<ReactNode>'.
        Type 'ReactElement<unknown, string | JSXElementConstructor<any>>' is not assignable to type 'ReactNode | Promise<ReactNode>'.
          Property 'children' is missing in type 'ReactElement<unknown, string | JSXElementConstructor<any>>' but required in type 'ReactPortal'.
components/footer.tsx(50,14): error TS2786: 'MapPin' cannot be used as a JSX component.
  Its type 'ForwardRefExoticComponent<Omit<LucideProps, "ref"> & RefAttributes<SVGSVGElement>>' is not a valid JSX element type.
    Type 'ForwardRefExoticComponent<Omit<LucideProps, "ref"> & RefAttributes<SVGSVGElement>>' is not assignable to type '(props: any) => ReactNode | Promise<ReactNode>'.
      Type 'ReactNode' is not assignable to type 'ReactNode | Promise<ReactNode>'.
        Type 'ReactElement<unknown, string | JSXElementConstructor<any>>' is not assignable to type 'ReactNode | Promise<ReactNode>'.
          Property 'children' is missing in type 'ReactElement<unknown, string | JSXElementConstructor<any>>' but required in type 'ReactPortal'.
components/mode-toggle.tsx(21,8): error TS2786: 'Button' cannot be used as a JSX component.
  Its type 'ForwardRefExoticComponent<ButtonProps & RefAttributes<HTMLButtonElement>>' is not a valid JSX element type.
    Type 'ForwardRefExoticComponent<ButtonProps & RefAttributes<HTMLButtonElement>>' is not assignable to type '(props: any) => ReactNode | Promise<ReactNode>'.
      Type 'ReactNode' is not assignable to type 'ReactNode | Promise<ReactNode>'.
        Type 'ReactElement<unknown, string | JSXElementConstructor<any>>' is not assignable to type 'ReactNode | Promise<ReactNode>'.
          Property 'children' is missing in type 'ReactElement<unknown, string | JSXElementConstructor<any>>' but required in type 'ReactPortal'.
components/mode-toggle.tsx(22,10): error TS2786: 'Sun' cannot be used as a JSX component.
  Its type 'ForwardRefExoticComponent<Omit<LucideProps, "ref"> & RefAttributes<SVGSVGElement>>' is not a valid JSX element type.
    Type 'ForwardRefExoticComponent<Omit<LucideProps, "ref"> & RefAttributes<SVGSVGElement>>' is not assignable to type '(props: any) => ReactNode | Promise<ReactNode>'.
      Type 'ReactNode' is not assignable to type 'ReactNode | Promise<ReactNode>'.
        Type 'ReactElement<unknown, string | JSXElementConstructor<any>>' is not assignable to type 'ReactNode | Promise<ReactNode>'.
          Property 'children' is missing in type 'ReactElement<unknown, string | JSXElementConstructor<any>>' but required in type 'ReactPortal'.
components/mode-toggle.tsx(29,6): error TS2786: 'DropdownMenu' cannot be used as a JSX component.
  Its type 'FC<DropdownMenuProps>' is not a valid JSX element type.
    Type 'FunctionComponent<DropdownMenuProps>' is not assignable to type '(props: any) => ReactNode | Promise<ReactNode>'.
      Type 'import("C:/Users/KISHORE S/OneDrive/Desktop/csc/Climate-Smart-Cafeteria/node_modules/@types/react/index").ReactNode | Promise<import("C:/Users/KISHORE S/OneDrive/Desktop/csc/Climate-Smart-Cafeteria/node_modules/@types/react/index").ReactNode>' is not assignable to type 'React.ReactNode | Promise<React.ReactNode>'.
        Type 'ReactElement<unknown, string | JSXElementConstructor<any>>' is not assignable to type 'ReactNode | Promise<ReactNode>'.
          Property 'children' is missing in type 'ReactElement<unknown, string | JSXElementConstructor<any>>' but required in type 'ReactPortal'.
components/mode-toggle.tsx(30,8): error TS2786: 'DropdownMenuTrigger' cannot be used as a JSX component.
  Its type 'ForwardRefExoticComponent<DropdownMenuTriggerProps & RefAttributes<HTMLButtonElement>>' is not a valid JSX element type.
    Type 'ForwardRefExoticComponent<DropdownMenuTriggerProps & RefAttributes<HTMLButtonElement>>' is not assignable to type '(props: any) => ReactNode | Promise<ReactNode>'.
      Type 'ReactNode' is not assignable to type 'ReactNode | Promise<ReactNode>'.
        Type 'ReactElement<unknown, string | JSXElementConstructor<any>>' is not assignable to type 'ReactNode | Promise<ReactNode>'.
          Property 'children' is missing in type 'ReactElement<unknown, string | JSXElementConstructor<any>>' but required in type 'ReactPortal'.
components/mode-toggle.tsx(31,10): error TS2786: 'Button' cannot be used as a JSX component.
  Its type 'ForwardRefExoticComponent<ButtonProps & RefAttributes<HTMLButtonElement>>' is not a valid JSX element type.
    Type 'ForwardRefExoticComponent<ButtonProps & RefAttributes<HTMLButtonElement>>' is not assignable to type '(props: any) => ReactNode | Promise<ReactNode>'.
      Type 'ReactNode' is not assignable to type 'ReactNode | Promise<ReactNode>'.
        Type 'ReactElement<unknown, string | JSXElementConstructor<any>>' is not assignable to type 'ReactNode | Promise<ReactNode>'.
          Property 'children' is missing in type 'ReactElement<unknown, string | JSXElementConstructor<any>>' but required in type 'ReactPortal'.
components/mode-toggle.tsx(32,34): error TS2786: 'Sun' cannot be used as a JSX component.
  Its type 'ForwardRefExoticComponent<Omit<LucideProps, "ref"> & RefAttributes<SVGSVGElement>>' is not a valid JSX element type.
    Type 'ForwardRefExoticComponent<Omit<LucideProps, "ref"> & RefAttributes<SVGSVGElement>>' is not assignable to type '(props: any) => ReactNode | Promise<ReactNode>'.
      Type 'ReactNode' is not assignable to type 'ReactNode | Promise<ReactNode>'.
        Type 'ReactElement<unknown, string | JSXElementConstructor<any>>' is not assignable to type 'ReactNode | Promise<ReactNode>'.
          Property 'children' is missing in type 'ReactElement<unknown, string | JSXElementConstructor<any>>' but required in type 'ReactPortal'.
components/mode-toggle.tsx(33,33): error TS2786: 'Moon' cannot be used as a JSX component.
  Its type 'ForwardRefExoticComponent<Omit<LucideProps, "ref"> & RefAttributes<SVGSVGElement>>' is not a valid JSX element type.
    Type 'ForwardRefExoticComponent<Omit<LucideProps, "ref"> & RefAttributes<SVGSVGElement>>' is not assignable to type '(props: any) => ReactNode | Promise<ReactNode>'.
      Type 'ReactNode' is not assignable to type 'ReactNode | Promise<ReactNode>'.
        Type 'ReactElement<unknown, string | JSXElementConstructor<any>>' is not assignable to type 'ReactNode | Promise<ReactNode>'.
          Property 'children' is missing in type 'ReactElement<unknown, string | JSXElementConstructor<any>>' but required in type 'ReactPortal'.
components/mode-toggle.tsx(34,35): error TS2786: 'Monitor' cannot be used as a JSX component.
  Its type 'ForwardRefExoticComponent<Omit<LucideProps, "ref"> & RefAttributes<SVGSVGElement>>' is not a valid JSX element type.
    Type 'ForwardRefExoticComponent<Omit<LucideProps, "ref"> & RefAttributes<SVGSVGElement>>' is not assignable to type '(props: any) => ReactNode | Promise<ReactNode>'.
      Type 'ReactNode' is not assignable to type 'ReactNode | Promise<ReactNode>'.
        Type 'ReactElement<unknown, string | JSXElementConstructor<any>>' is not assignable to type 'ReactNode | Promise<ReactNode>'.
          Property 'children' is missing in type 'ReactElement<unknown, string | JSXElementConstructor<any>>' but required in type 'ReactPortal'.
components/mode-toggle.tsx(38,8): error TS2786: 'DropdownMenuContent' cannot be used as a JSX component.
  Its type 'ForwardRefExoticComponent<Omit<DropdownMenuContentProps & RefAttributes<HTMLDivElement>, "ref"> & RefAttributes<HTMLDivElement>>' is not a valid JSX element type.
    Type 'ForwardRefExoticComponent<Omit<DropdownMenuContentProps & RefAttributes<HTMLDivElement>, "ref"> & RefAttributes<HTMLDivElement>>' is not assignable to type '(props: any) => ReactNode | Promise<ReactNode>'.
      Type 'ReactNode' is not assignable to type 'ReactNode | Promise<ReactNode>'.
        Type 'ReactElement<unknown, string | JSXElementConstructor<any>>' is not assignable to type 'ReactNode | Promise<ReactNode>'.
          Property 'children' is missing in type 'ReactElement<unknown, string | JSXElementConstructor<any>>' but required in type 'ReactPortal'.
components/mode-toggle.tsx(39,10): error TS2786: 'DropdownMenuItem' cannot be used as a JSX component.
  Its type 'ForwardRefExoticComponent<Omit<DropdownMenuItemProps & RefAttributes<HTMLDivElement>, "ref"> & { inset?: boolean | undefined; } & RefAttributes<...>>' is not a valid JSX element type.
    Type 'ForwardRefExoticComponent<Omit<DropdownMenuItemProps & RefAttributes<HTMLDivElement>, "ref"> & { inset?: boolean | undefined; } & RefAttributes<...>>' is not assignable to type '(props: any) => ReactNode | Promise<ReactNode>'.
      Type 'ReactNode' is not assignable to type 'ReactNode | Promise<ReactNode>'.
        Type 'ReactElement<unknown, string | JSXElementConstructor<any>>' is not assignable to type 'ReactNode | Promise<ReactNode>'.
          Property 'children' is missing in type 'ReactElement<unknown, string | JSXElementConstructor<any>>' but required in type 'ReactPortal'.
components/mode-toggle.tsx(40,12): error TS2786: 'Sun' cannot be used as a JSX component.
  Its type 'ForwardRefExoticComponent<Omit<LucideProps, "ref"> & RefAttributes<SVGSVGElement>>' is not a valid JSX element type.
    Type 'ForwardRefExoticComponent<Omit<LucideProps, "ref"> & RefAttributes<SVGSVGElement>>' is not assignable to type '(props: any) => ReactNode | Promise<ReactNode>'.
      Type 'ReactNode' is not assignable to type 'ReactNode | Promise<ReactNode>'.
        Type 'ReactElement<unknown, string | JSXElementConstructor<any>>' is not assignable to type 'ReactNode | Promise<ReactNode>'.
          Property 'children' is missing in type 'ReactElement<unknown, string | JSXElementConstructor<any>>' but required in type 'ReactPortal'.
components/mode-toggle.tsx(44,10): error TS2786: 'DropdownMenuItem' cannot be used as a JSX component.
  Its type 'ForwardRefExoticComponent<Omit<DropdownMenuItemProps & RefAttributes<HTMLDivElement>, "ref"> & { inset?: boolean | undefined; } & RefAttributes<...>>' is not a valid JSX element type.
    Type 'ForwardRefExoticComponent<Omit<DropdownMenuItemProps & RefAttributes<HTMLDivElement>, "ref"> & { inset?: boolean | undefined; } & RefAttributes<...>>' is not assignable to type '(props: any) => ReactNode | Promise<ReactNode>'.
      Type 'ReactNode' is not assignable to type 'ReactNode | Promise<ReactNode>'.
        Type 'ReactElement<unknown, string | JSXElementConstructor<any>>' is not assignable to type 'ReactNode | Promise<ReactNode>'.
          Property 'children' is missing in type 'ReactElement<unknown, string | JSXElementConstructor<any>>' but required in type 'ReactPortal'.
components/mode-toggle.tsx(45,12): error TS2786: 'Moon' cannot be used as a JSX component.
  Its type 'ForwardRefExoticComponent<Omit<LucideProps, "ref"> & RefAttributes<SVGSVGElement>>' is not a valid JSX element type.
    Type 'ForwardRefExoticComponent<Omit<LucideProps, "ref"> & RefAttributes<SVGSVGElement>>' is not assignable to type '(props: any) => ReactNode | Promise<ReactNode>'.
      Type 'ReactNode' is not assignable to type 'ReactNode | Promise<ReactNode>'.
        Type 'ReactElement<unknown, string | JSXElementConstructor<any>>' is not assignable to type 'ReactNode | Promise<ReactNode>'.
          Property 'children' is missing in type 'ReactElement<unknown, string | JSXElementConstructor<any>>' but required in type 'ReactPortal'.
components/mode-toggle.tsx(49,10): error TS2786: 'DropdownMenuItem' cannot be used as a JSX component.
  Its type 'ForwardRefExoticComponent<Omit<DropdownMenuItemProps & RefAttributes<HTMLDivElement>, "ref"> & { inset?: boolean | undefined; } & RefAttributes<...>>' is not a valid JSX element type.
    Type 'ForwardRefExoticComponent<Omit<DropdownMenuItemProps & RefAttributes<HTMLDivElement>, "ref"> & { inset?: boolean | undefined; } & RefAttributes<...>>' is not assignable to type '(props: any) => ReactNode | Promise<ReactNode>'.
      Type 'ReactNode' is not assignable to type 'ReactNode | Promise<ReactNode>'.
        Type 'ReactElement<unknown, string | JSXElementConstructor<any>>' is not assignable to type 'ReactNode | Promise<ReactNode>'.
          Property 'children' is missing in type 'ReactElement<unknown, string | JSXElementConstructor<any>>' but required in type 'ReactPortal'.
components/mode-toggle.tsx(50,12): error TS2786: 'Monitor' cannot be used as a JSX component.
  Its type 'ForwardRefExoticComponent<Omit<LucideProps, "ref"> & RefAttributes<SVGSVGElement>>' is not a valid JSX element type.
    Type 'ForwardRefExoticComponent<Omit<LucideProps, "ref"> & RefAttributes<SVGSVGElement>>' is not assignable to type '(props: any) => ReactNode | Promise<ReactNode>'.
      Type 'ReactNode' is not assignable to type 'ReactNode | Promise<ReactNode>'.
        Type 'ReactElement<unknown, string | JSXElementConstructor<any>>' is not assignable to type 'ReactNode | Promise<ReactNode>'.
          Property 'children' is missing in type 'ReactElement<unknown, string | JSXElementConstructor<any>>' but required in type 'ReactPortal'.
components/navbar.tsx(33,12): error TS2786: 'Link' cannot be used as a JSX component.
  Its type 'ForwardRefExoticComponent<Omit<AnchorHTMLAttributes<HTMLAnchorElement>, keyof InternalLinkProps> & InternalLinkProps & { ...; } & RefAttributes<...>>' is not a valid JSX element type.
    Type 'ForwardRefExoticComponent<Omit<AnchorHTMLAttributes<HTMLAnchorElement>, keyof InternalLinkProps> & InternalLinkProps & { ...; } & RefAttributes<...>>' is not assignable to type '(props: any) => ReactNode | Promise<ReactNode>'.
      Type 'ReactNode' is not assignable to type 'ReactNode | Promise<ReactNode>'.
        Type 'ReactElement<unknown, string | JSXElementConstructor<any>>' is not assignable to type 'ReactNode | Promise<ReactNode>'.
          Property 'children' is missing in type 'ReactElement<unknown, string | JSXElementConstructor<any>>' but required in type 'ReactPortal'.
components/navbar.tsx(34,14): error TS2786: 'Leaf' cannot be used as a JSX component.
  Its type 'ForwardRefExoticComponent<Omit<LucideProps, "ref"> & RefAttributes<SVGSVGElement>>' is not a valid JSX element type.
    Type 'ForwardRefExoticComponent<Omit<LucideProps, "ref"> & RefAttributes<SVGSVGElement>>' is not assignable to type '(props: any) => ReactNode | Promise<ReactNode>'.
      Type 'ReactNode' is not assignable to type 'ReactNode | Promise<ReactNode>'.
        Type 'ReactElement<unknown, string | JSXElementConstructor<any>>' is not assignable to type 'ReactNode | Promise<ReactNode>'.
          Property 'children' is missing in type 'ReactElement<unknown, string | JSXElementConstructor<any>>' but required in type 'ReactPortal'.
components/navbar.tsx(40,14): error TS2786: 'Link' cannot be used as a JSX component.
  Its type 'ForwardRefExoticComponent<Omit<AnchorHTMLAttributes<HTMLAnchorElement>, keyof InternalLinkProps> & InternalLinkProps & { ...; } & RefAttributes<...>>' is not a valid JSX element type.
    Type 'ForwardRefExoticComponent<Omit<AnchorHTMLAttributes<HTMLAnchorElement>, keyof InternalLinkProps> & InternalLinkProps & { ...; } & RefAttributes<...>>' is not assignable to type '(props: any) => ReactNode | Promise<ReactNode>'.
      Type 'ReactNode' is not assignable to type 'ReactNode | Promise<ReactNode>'.
        Type 'ReactElement<unknown, string | JSXElementConstructor<any>>' is not assignable to type 'ReactNode | Promise<ReactNode>'.
          Property 'children' is missing in type 'ReactElement<unknown, string | JSXElementConstructor<any>>' but required in type 'ReactPortal'.
components/navbar.tsx(53,14): error TS2786: 'DropdownMenu' cannot be used as a JSX component.
  Its type 'FC<DropdownMenuProps>' is not a valid JSX element type.
    Type 'FunctionComponent<DropdownMenuProps>' is not assignable to type '(props: any) => ReactNode | Promise<ReactNode>'.
      Type 'import("C:/Users/KISHORE S/OneDrive/Desktop/csc/Climate-Smart-Cafeteria/node_modules/@types/react/index").ReactNode | Promise<import("C:/Users/KISHORE S/OneDrive/Desktop/csc/Climate-Smart-Cafeteria/node_modules/@types/react/index").ReactNode>' is not assignable to type 'React.ReactNode | Promise<React.ReactNode>'.
        Type 'ReactElement<unknown, string | JSXElementConstructor<any>>' is not assignable to type 'ReactNode | Promise<ReactNode>'.
          Property 'children' is missing in type 'ReactElement<unknown, string | JSXElementConstructor<any>>' but required in type 'ReactPortal'.
components/navbar.tsx(54,16): error TS2786: 'DropdownMenuTrigger' cannot be used as a JSX component.
  Its type 'ForwardRefExoticComponent<DropdownMenuTriggerProps & RefAttributes<HTMLButtonElement>>' is not a valid JSX element type.
    Type 'ForwardRefExoticComponent<DropdownMenuTriggerProps & RefAttributes<HTMLButtonElement>>' is not assignable to type '(props: any) => ReactNode | Promise<ReactNode>'.
      Type 'ReactNode' is not assignable to type 'ReactNode | Promise<ReactNode>'.
        Type 'ReactElement<unknown, string | JSXElementConstructor<any>>' is not assignable to type 'ReactNode | Promise<ReactNode>'.
          Property 'children' is missing in type 'ReactElement<unknown, string | JSXElementConstructor<any>>' but required in type 'ReactPortal'.
components/navbar.tsx(55,18): error TS2786: 'Button' cannot be used as a JSX component.
  Its type 'ForwardRefExoticComponent<ButtonProps & RefAttributes<HTMLButtonElement>>' is not a valid JSX element type.
    Type 'ForwardRefExoticComponent<ButtonProps & RefAttributes<HTMLButtonElement>>' is not assignable to type '(props: any) => ReactNode | Promise<ReactNode>'.
      Type 'ReactNode' is not assignable to type 'ReactNode | Promise<ReactNode>'.
        Type 'ReactElement<unknown, string | JSXElementConstructor<any>>' is not assignable to type 'ReactNode | Promise<ReactNode>'.
          Property 'children' is missing in type 'ReactElement<unknown, string | JSXElementConstructor<any>>' but required in type 'ReactPortal'.
components/navbar.tsx(56,20): error TS2786: 'User' cannot be used as a JSX component.
  Its type 'ForwardRefExoticComponent<Omit<LucideProps, "ref"> & RefAttributes<SVGSVGElement>>' is not a valid JSX element type.
    Type 'ForwardRefExoticComponent<Omit<LucideProps, "ref"> & RefAttributes<SVGSVGElement>>' is not assignable to type '(props: any) => ReactNode | Promise<ReactNode>'.
      Type 'ReactNode' is not assignable to type 'ReactNode | Promise<ReactNode>'.
        Type 'ReactElement<unknown, string | JSXElementConstructor<any>>' is not assignable to type 'ReactNode | Promise<ReactNode>'.
          Property 'children' is missing in type 'ReactElement<unknown, string | JSXElementConstructor<any>>' but required in type 'ReactPortal'.
components/navbar.tsx(60,16): error TS2786: 'DropdownMenuContent' cannot be used as a JSX component.
  Its type 'ForwardRefExoticComponent<Omit<DropdownMenuContentProps & RefAttributes<HTMLDivElement>, "ref"> & RefAttributes<HTMLDivElement>>' is not a valid JSX element type.
    Type 'ForwardRefExoticComponent<Omit<DropdownMenuContentProps & RefAttributes<HTMLDivElement>, "ref"> & RefAttributes<HTMLDivElement>>' is not assignable to type '(props: any) => ReactNode | Promise<ReactNode>'.
      Type 'ReactNode' is not assignable to type 'ReactNode | Promise<ReactNode>'.
        Type 'ReactElement<unknown, string | JSXElementConstructor<any>>' is not assignable to type 'ReactNode | Promise<ReactNode>'.
          Property 'children' is missing in type 'ReactElement<unknown, string | JSXElementConstructor<any>>' but required in type 'ReactPortal'.
components/navbar.tsx(61,18): error TS2786: 'DropdownMenuItem' cannot be used as a JSX component.
  Its type 'ForwardRefExoticComponent<Omit<DropdownMenuItemProps & RefAttributes<HTMLDivElement>, "ref"> & { inset?: boolean | undefined; } & RefAttributes<...>>' is not a valid JSX element type.
    Type 'ForwardRefExoticComponent<Omit<DropdownMenuItemProps & RefAttributes<HTMLDivElement>, "ref"> & { inset?: boolean | undefined; } & RefAttributes<...>>' is not assignable to type '(props: any) => ReactNode | Promise<ReactNode>'.
      Type 'ReactNode' is not assignable to type 'ReactNode | Promise<ReactNode>'.
        Type 'ReactElement<unknown, string | JSXElementConstructor<any>>' is not assignable to type 'ReactNode | Promise<ReactNode>'.
          Property 'children' is missing in type 'ReactElement<unknown, string | JSXElementConstructor<any>>' but required in type 'ReactPortal'.
components/navbar.tsx(62,20): error TS2786: 'LogOut' cannot be used as a JSX component.
  Its type 'ForwardRefExoticComponent<Omit<LucideProps, "ref"> & RefAttributes<SVGSVGElement>>' is not a valid JSX element type.
    Type 'ForwardRefExoticComponent<Omit<LucideProps, "ref"> & RefAttributes<SVGSVGElement>>' is not assignable to type '(props: any) => ReactNode | Promise<ReactNode>'.
      Type 'ReactNode' is not assignable to type 'ReactNode | Promise<ReactNode>'.
        Type 'ReactElement<unknown, string | JSXElementConstructor<any>>' is not assignable to type 'ReactNode | Promise<ReactNode>'.
          Property 'children' is missing in type 'ReactElement<unknown, string | JSXElementConstructor<any>>' but required in type 'ReactPortal'.
components/navbar.tsx(68,14): error TS2786: 'Link' cannot be used as a JSX component.
  Its type 'ForwardRefExoticComponent<Omit<AnchorHTMLAttributes<HTMLAnchorElement>, keyof InternalLinkProps> & InternalLinkProps & { ...; } & RefAttributes<...>>' is not a valid JSX element type.
    Type 'ForwardRefExoticComponent<Omit<AnchorHTMLAttributes<HTMLAnchorElement>, keyof InternalLinkProps> & InternalLinkProps & { ...; } & RefAttributes<...>>' is not assignable to type '(props: any) => ReactNode | Promise<ReactNode>'.
      Type 'ReactNode' is not assignable to type 'ReactNode | Promise<ReactNode>'.
        Type 'ReactElement<unknown, string | JSXElementConstructor<any>>' is not assignable to type 'ReactNode | Promise<ReactNode>'.
          Property 'children' is missing in type 'ReactElement<unknown, string | JSXElementConstructor<any>>' but required in type 'ReactPortal'.
components/navbar.tsx(69,16): error TS2786: 'Button' cannot be used as a JSX component.
  Its type 'ForwardRefExoticComponent<ButtonProps & RefAttributes<HTMLButtonElement>>' is not a valid JSX element type.
    Type 'ForwardRefExoticComponent<ButtonProps & RefAttributes<HTMLButtonElement>>' is not assignable to type '(props: any) => ReactNode | Promise<ReactNode>'.
      Type 'ReactNode' is not assignable to type 'ReactNode | Promise<ReactNode>'.
        Type 'ReactElement<unknown, string | JSXElementConstructor<any>>' is not assignable to type 'ReactNode | Promise<ReactNode>'.
          Property 'children' is missing in type 'ReactElement<unknown, string | JSXElementConstructor<any>>' but required in type 'ReactPortal'.
components/navbar.tsx(72,12): error TS2786: 'Sheet' cannot be used as a JSX component.
  Its type 'FC<DialogProps>' is not a valid JSX element type.
    Type 'FunctionComponent<DialogProps>' is not assignable to type '(props: any) => ReactNode | Promise<ReactNode>'.
      Type 'import("C:/Users/KISHORE S/OneDrive/Desktop/csc/Climate-Smart-Cafeteria/node_modules/@types/react/index").ReactNode | Promise<import("C:/Users/KISHORE S/OneDrive/Desktop/csc/Climate-Smart-Cafeteria/node_modules/@types/react/index").ReactNode>' is not assignable to type 'React.ReactNode | Promise<React.ReactNode>'.
        Type 'ReactElement<unknown, string | JSXElementConstructor<any>>' is not assignable to type 'ReactNode | Promise<ReactNode>'.
          Property 'children' is missing in type 'ReactElement<unknown, string | JSXElementConstructor<any>>' but required in type 'ReactPortal'.
components/navbar.tsx(73,14): error TS2786: 'SheetTrigger' cannot be used as a JSX component.
  Its type 'ForwardRefExoticComponent<DialogTriggerProps & RefAttributes<HTMLButtonElement>>' is not a valid JSX element type.
    Type 'ForwardRefExoticComponent<DialogTriggerProps & RefAttributes<HTMLButtonElement>>' is not assignable to type '(props: any) => ReactNode | Promise<ReactNode>'.
      Type 'ReactNode' is not assignable to type 'ReactNode | Promise<ReactNode>'.
        Type 'ReactElement<unknown, string | JSXElementConstructor<any>>' is not assignable to type 'ReactNode | Promise<ReactNode>'.
          Property 'children' is missing in type 'ReactElement<unknown, string | JSXElementConstructor<any>>' but required in type 'ReactPortal'.
components/navbar.tsx(74,16): error TS2786: 'Button' cannot be used as a JSX component.
  Its type 'ForwardRefExoticComponent<ButtonProps & RefAttributes<HTMLButtonElement>>' is not a valid JSX element type.
    Type 'ForwardRefExoticComponent<ButtonProps & RefAttributes<HTMLButtonElement>>' is not assignable to type '(props: any) => ReactNode | Promise<ReactNode>'.
      Type 'ReactNode' is not assignable to type 'ReactNode | Promise<ReactNode>'.
        Type 'ReactElement<unknown, string | JSXElementConstructor<any>>' is not assignable to type 'ReactNode | Promise<ReactNode>'.
          Property 'children' is missing in type 'ReactElement<unknown, string | JSXElementConstructor<any>>' but required in type 'ReactPortal'.
components/navbar.tsx(75,18): error TS2786: 'Menu' cannot be used as a JSX component.
  Its type 'ForwardRefExoticComponent<Omit<LucideProps, "ref"> & RefAttributes<SVGSVGElement>>' is not a valid JSX element type.
    Type 'ForwardRefExoticComponent<Omit<LucideProps, "ref"> & RefAttributes<SVGSVGElement>>' is not assignable to type '(props: any) => ReactNode | Promise<ReactNode>'.
      Type 'ReactNode' is not assignable to type 'ReactNode | Promise<ReactNode>'.
        Type 'ReactElement<unknown, string | JSXElementConstructor<any>>' is not assignable to type 'ReactNode | Promise<ReactNode>'.
          Property 'children' is missing in type 'ReactElement<unknown, string | JSXElementConstructor<any>>' but required in type 'ReactPortal'.
components/navbar.tsx(79,14): error TS2786: 'SheetContent' cannot be used as a JSX component.
  Its type 'ForwardRefExoticComponent<SheetContentProps & RefAttributes<HTMLDivElement>>' is not a valid JSX element type.
    Type 'ForwardRefExoticComponent<SheetContentProps & RefAttributes<HTMLDivElement>>' is not assignable to type '(props: any) => ReactNode | Promise<ReactNode>'.
      Type 'ReactNode' is not assignable to type 'ReactNode | Promise<ReactNode>'.
        Type 'ReactElement<unknown, string | JSXElementConstructor<any>>' is not assignable to type 'ReactNode | Promise<ReactNode>'.
          Property 'children' is missing in type 'ReactElement<unknown, string | JSXElementConstructor<any>>' but required in type 'ReactPortal'.
components/navbar.tsx(82,20): error TS2786: 'Link' cannot be used as a JSX component.
  Its type 'ForwardRefExoticComponent<Omit<AnchorHTMLAttributes<HTMLAnchorElement>, keyof InternalLinkProps> & InternalLinkProps & { ...; } & RefAttributes<...>>' is not a valid JSX element type.
    Type 'ForwardRefExoticComponent<Omit<AnchorHTMLAttributes<HTMLAnchorElement>, keyof InternalLinkProps> & InternalLinkProps & { ...; } & RefAttributes<...>>' is not assignable to type '(props: any) => ReactNode | Promise<ReactNode>'.
      Type 'ReactNode' is not assignable to type 'ReactNode | Promise<ReactNode>'.
        Type 'ReactElement<unknown, string | JSXElementConstructor<any>>' is not assignable to type 'ReactNode | Promise<ReactNode>'.
          Property 'children' is missing in type 'ReactElement<unknown, string | JSXElementConstructor<any>>' but required in type 'ReactPortal'.
components/ui/resizable.tsx(9,3): error TS2339: Property 'className' does not exist on type '{}'.
components/ui/resizable.tsx(11,25): error TS2344: Type 'ForwardRefExoticComponent<Omit<HTMLAttributes<keyof HTMLElementTagNameMap>, "id"> & { autoSaveId?: string | null | undefined; className?: string | undefined; ... 7 more ...; dir?: "auto" | ... 2 more ... | undefined; } & { ...; } & RefAttributes<...>>' does not satisfy the constraint 'JSXElementConstructor<any> | keyof IntrinsicElements'.
  Type 'ForwardRefExoticComponent<Omit<HTMLAttributes<keyof HTMLElementTagNameMap>, "id"> & { autoSaveId?: string | null | undefined; className?: string | undefined; ... 7 more ...; dir?: "auto" | ... 2 more ... | undefined; } & { ...; } & RefAttributes<...>>' is not assignable to type '(props: any) => ReactNode | Promise<ReactNode>'.
    Type 'ReactNode' is not assignable to type 'ReactNode | Promise<ReactNode>'.
      Type 'ReactElement<unknown, string | JSXElementConstructor<any>>' is not assignable to type 'ReactNode | Promise<ReactNode>'.
        Property 'children' is missing in type 'ReactElement<unknown, string | JSXElementConstructor<any>>' but required in type 'ReactPortal'.
components/ui/resizable.tsx(12,4): error TS2741: Property 'direction' is missing in type '{ className: string; }' but required in type '{ autoSaveId?: string | null | undefined; className?: string | undefined; direction: Direction; id?: string | null | undefined; keyboardResizeBy?: number | null | undefined; ... 4 more ...; dir?: "auto" | ... 2 more ... | undefined; }'.
components/ui/resizable.tsx(12,4): error TS2786: 'ResizablePrimitive.PanelGroup' cannot be used as a JSX component.
  Its type 'ForwardRefExoticComponent<Omit<HTMLAttributes<keyof HTMLElementTagNameMap>, "id"> & { autoSaveId?: string | null | undefined; className?: string | undefined; ... 7 more ...; dir?: "auto" | ... 2 more ... | undefined; } & { ...; } & RefAttributes<...>>' is not a valid JSX element type.
    Type 'ForwardRefExoticComponent<Omit<HTMLAttributes<keyof HTMLElementTagNameMap>, "id"> & { autoSaveId?: string | null | undefined; className?: string | undefined; ... 7 more ...; dir?: "auto" | ... 2 more ... | undefined; } & { ...; } & RefAttributes<...>>' is not assignable to type '(props: any) => ReactNode | Promise<ReactNode>'.
      Type 'ReactNode' is not assignable to type 'ReactNode | Promise<ReactNode>'.
        Type 'ReactElement<unknown, string | JSXElementConstructor<any>>' is not assignable to type 'ReactNode | Promise<ReactNode>'.
          Property 'children' is missing in type 'ReactElement<unknown, string | JSXElementConstructor<any>>' but required in type 'ReactPortal'.
components/ui/resizable.tsx(25,3): error TS2339: Property 'className' does not exist on type '{ withHandle?: boolean | undefined; }'.
components/ui/resizable.tsx(27,25): error TS2344: Type 'typeof PanelResizeHandle' does not satisfy the constraint 'JSXElementConstructor<any> | keyof IntrinsicElements'.
  Type 'typeof PanelResizeHandle' is not assignable to type '(props: any) => ReactNode | Promise<ReactNode>'.
    Type 'ReactElement<unknown, string | JSXElementConstructor<any>>' is not assignable to type 'ReactNode | Promise<ReactNode>'.
      Property 'children' is missing in type 'ReactElement<unknown, string | JSXElementConstructor<any>>' but required in type 'ReactPortal'.
components/ui/resizable.tsx(30,4): error TS2786: 'ResizablePrimitive.PanelResizeHandle' cannot be used as a JSX component.
  Its type 'typeof PanelResizeHandle' is not a valid JSX element type.
    Type 'typeof PanelResizeHandle' is not assignable to type '(props: any) => ReactNode | Promise<ReactNode>'.
      Type 'ReactElement<unknown, string | JSXElementConstructor<any>>' is not assignable to type 'ReactNode | Promise<ReactNode>'.
        Property 'children' is missing in type 'ReactElement<unknown, string | JSXElementConstructor<any>>' but required in type 'ReactPortal'.
components/ui/resizable.tsx(39,10): error TS2786: 'GripVertical' cannot be used as a JSX component.
  Its type 'ForwardRefExoticComponent<Omit<LucideProps, "ref"> & RefAttributes<SVGSVGElement>>' is not a valid JSX element type.
    Type 'ForwardRefExoticComponent<Omit<LucideProps, "ref"> & RefAttributes<SVGSVGElement>>' is not assignable to type '(props: any) => ReactNode | Promise<ReactNode>'.
      Type 'ReactNode' is not assignable to type 'ReactNode | Promise<ReactNode>'.
        Type 'ReactElement<unknown, string | JSXElementConstructor<any>>' is not assignable to type 'ReactNode | Promise<ReactNode>'.
          Property 'children' is missing in type 'ReactElement<unknown, string | JSXElementConstructor<any>>' but required in type 'ReactPortal'.
components/ui/sidebar.tsx(674,9): error TS2322: Type 'CSSProperties' is not assignable to type 'Properties<string | number, string & {}>'.
  Types of property 'borderBlockStyle' are incompatible.
    Type 'import("C:/Users/KISHORE S/OneDrive/Desktop/csc/Climate-Smart-Cafeteria/node_modules/csstype/index").Property.BorderBlockStyle | undefined' is not assignable to type 'import("C:/Users/KISHORE S/node_modules/csstype/index").Property.BorderBlockStyle | undefined'.
      Type 'string & {}' is not assignable to type 'BorderBlockStyle | undefined'.
components/ui/sonner.tsx(6,42): error TS2344: Type 'ForwardRefExoticComponent<ToasterProps & RefAttributes<HTMLElement>>' does not satisfy the constraint 'JSXElementConstructor<any> | keyof IntrinsicElements'.
  Type 'ForwardRefExoticComponent<ToasterProps & RefAttributes<HTMLElement>>' is not assignable to type '(props: any) => ReactNode | Promise<ReactNode>'.
    Type 'ReactNode' is not assignable to type 'ReactNode | Promise<ReactNode>'.
      Type 'ReactElement<unknown, string | JSXElementConstructor<any>>' is not assignable to type 'ReactNode | Promise<ReactNode>'.
        Property 'children' is missing in type 'ReactElement<unknown, string | JSXElementConstructor<any>>' but required in type 'ReactPortal'.
components/ui/sonner.tsx(12,6): error TS2786: 'Sonner' cannot be used as a JSX component.
  Its type 'ForwardRefExoticComponent<ToasterProps & RefAttributes<HTMLElement>>' is not a valid JSX element type.
    Type 'ForwardRefExoticComponent<ToasterProps & RefAttributes<HTMLElement>>' is not assignable to type '(props: any) => ReactNode | Promise<ReactNode>'.
      Type 'ReactNode' is not assignable to type 'ReactNode | Promise<ReactNode>'.
        Type 'ReactElement<unknown, string | JSXElementConstructor<any>>' is not assignable to type 'ReactNode | Promise<ReactNode>'.
          Property 'children' is missing in type 'ReactElement<unknown, string | JSXElementConstructor<any>>' but required in type 'ReactPortal'.
components/ui/sonner.tsx(13,36): error TS2339: Property 'theme' does not exist on type '{}'.
components/ui/toaster.tsx(10,6): error TS2786: 'ToastProvider' cannot be used as a JSX component.
  Its type 'FC<ToastProviderProps>' is not a valid JSX element type.
    Type 'FunctionComponent<ToastProviderProps>' is not assignable to type '(props: any) => ReactNode | Promise<ReactNode>'.
      Type 'import("C:/Users/KISHORE S/OneDrive/Desktop/csc/Climate-Smart-Cafeteria/node_modules/@types/react/index").ReactNode | Promise<import("C:/Users/KISHORE S/OneDrive/Desktop/csc/Climate-Smart-Cafeteria/node_modules/@types/react/index").ReactNode>' is not assignable to type 'React.ReactNode | Promise<React.ReactNode>'.
        Type 'ReactElement<unknown, string | JSXElementConstructor<any>>' is not assignable to type 'ReactNode | Promise<ReactNode>'.
          Property 'children' is missing in type 'ReactElement<unknown, string | JSXElementConstructor<any>>' but required in type 'ReactPortal'.
components/ui/toaster.tsx(12,10): error TS2786: 'Toast' cannot be used as a JSX component.
  Its type 'ForwardRefExoticComponent<Omit<ToastProps & RefAttributes<HTMLLIElement>, "ref"> & VariantProps<(props?: (ConfigVariants<{ variant: { default: string; destructive: string; }; }> & ClassProp) | undefined) => string> & RefAttributes<...>>' is not a valid JSX element type.
    Type 'ForwardRefExoticComponent<Omit<ToastProps & RefAttributes<HTMLLIElement>, "ref"> & VariantProps<(props?: (ConfigVariants<{ variant: { default: string; destructive: string; }; }> & ClassProp) | undefined) => string> & RefAttributes<...>>' is not assignable to type '(props: any) => ReactNode | Promise<ReactNode>'.
      Type 'ReactNode' is not assignable to type 'ReactNode | Promise<ReactNode>'.
        Type 'ReactElement<unknown, string | JSXElementConstructor<any>>' is not assignable to type 'ReactNode | Promise<ReactNode>'.
          Property 'children' is missing in type 'ReactElement<unknown, string | JSXElementConstructor<any>>' but required in type 'ReactPortal'.
components/ui/toaster.tsx(12,16): error TS2322: Type 'Key | null' is not assignable to type 'string | number | bigint | null | undefined'.
  Type 'unique symbol' is not assignable to type 'string | number | bigint | null | undefined'.
components/ui/toaster.tsx(14,24): error TS2786: 'ToastTitle' cannot be used as a JSX component.
  Its type 'ForwardRefExoticComponent<Omit<ToastTitleProps & RefAttributes<HTMLDivElement>, "ref"> & RefAttributes<HTMLDivElement>>' is not a valid JSX element type.
    Type 'ForwardRefExoticComponent<Omit<ToastTitleProps & RefAttributes<HTMLDivElement>, "ref"> & RefAttributes<HTMLDivElement>>' is not assignable to type '(props: any) => ReactNode | Promise<ReactNode>'.
      Type 'ReactNode' is not assignable to type 'ReactNode | Promise<ReactNode>'.
        Type 'ReactElement<unknown, string | JSXElementConstructor<any>>' is not assignable to type 'ReactNode | Promise<ReactNode>'.
          Property 'children' is missing in type 'ReactElement<unknown, string | JSXElementConstructor<any>>' but required in type 'ReactPortal'.
components/ui/toaster.tsx(15,30): error TS2786: 'ToastDescription' cannot be used as a JSX component.
  Its type 'ForwardRefExoticComponent<Omit<ToastDescriptionProps & RefAttributes<HTMLDivElement>, "ref"> & RefAttributes<HTMLDivElement>>' is not a valid JSX element type.
    Type 'ForwardRefExoticComponent<Omit<ToastDescriptionProps & RefAttributes<HTMLDivElement>, "ref"> & RefAttributes<HTMLDivElement>>' is not assignable to type '(props: any) => ReactNode | Promise<ReactNode>'.
      Type 'ReactNode' is not assignable to type 'ReactNode | Promise<ReactNode>'.
        Type 'ReactElement<unknown, string | JSXElementConstructor<any>>' is not assignable to type 'ReactNode | Promise<ReactNode>'.
          Property 'children' is missing in type 'ReactElement<unknown, string | JSXElementConstructor<any>>' but required in type 'ReactPortal'.
components/ui/toaster.tsx(18,12): error TS2786: 'ToastClose' cannot be used as a JSX component.
  Its type 'ForwardRefExoticComponent<Omit<ToastCloseProps & RefAttributes<HTMLButtonElement>, "ref"> & RefAttributes<HTMLButtonElement>>' is not a valid JSX element type.
    Type 'ForwardRefExoticComponent<Omit<ToastCloseProps & RefAttributes<HTMLButtonElement>, "ref"> & RefAttributes<HTMLButtonElement>>' is not assignable to type '(props: any) => ReactNode | Promise<ReactNode>'.
      Type 'ReactNode' is not assignable to type 'ReactNode | Promise<ReactNode>'.
        Type 'ReactElement<unknown, string | JSXElementConstructor<any>>' is not assignable to type 'ReactNode | Promise<ReactNode>'.
          Property 'children' is missing in type 'ReactElement<unknown, string | JSXElementConstructor<any>>' but required in type 'ReactPortal'.
components/ui/toaster.tsx(21,8): error TS2786: 'ToastViewport' cannot be used as a JSX component.
  Its type 'ForwardRefExoticComponent<Omit<ToastViewportProps & RefAttributes<HTMLOListElement>, "ref"> & RefAttributes<HTMLOListElement>>' is not a valid JSX element type.
    Type 'ForwardRefExoticComponent<Omit<ToastViewportProps & RefAttributes<HTMLOListElement>, "ref"> & RefAttributes<HTMLOListElement>>' is not assignable to type '(props: any) => ReactNode | Promise<ReactNode>'.
      Type 'ReactNode' is not assignable to type 'ReactNode | Promise<ReactNode>'.
        Type 'ReactElement<unknown, string | JSXElementConstructor<any>>' is not assignable to type 'ReactNode | Promise<ReactNode>'.
          Property 'children' is missing in type 'ReactElement<unknown, string | JSXElementConstructor<any>>' but required in type 'ReactPortal'.
components/waste-analytics-dashboard.tsx(407,10): error TS2786: 'Card' cannot be used as a JSX component.
  Its type 'ForwardRefExoticComponent<HTMLAttributes<HTMLDivElement> & RefAttributes<HTMLDivElement>>' is not a valid JSX element type.
    Type 'ForwardRefExoticComponent<HTMLAttributes<HTMLDivElement> & RefAttributes<HTMLDivElement>>' is not assignable to type '(props: any) => ReactNode | Promise<ReactNode>'.
      Type 'ReactNode' is not assignable to type 'ReactNode | Promise<ReactNode>'.
        Type 'ReactElement<unknown, string | JSXElementConstructor<any>>' is not assignable to type 'ReactNode | Promise<ReactNode>'.
          Property 'children' is missing in type 'ReactElement<unknown, string | JSXElementConstructor<any>>' but required in type 'ReactPortal'.
components/waste-analytics-dashboard.tsx(408,12): error TS2786: 'CardHeader' cannot be used as a JSX component.
  Its type 'ForwardRefExoticComponent<HTMLAttributes<HTMLDivElement> & RefAttributes<HTMLDivElement>>' is not a valid JSX element type.
    Type 'ForwardRefExoticComponent<HTMLAttributes<HTMLDivElement> & RefAttributes<HTMLDivElement>>' is not assignable to type '(props: any) => ReactNode | Promise<ReactNode>'.
      Type 'ReactNode' is not assignable to type 'ReactNode | Promise<ReactNode>'.
        Type 'ReactElement<unknown, string | JSXElementConstructor<any>>' is not assignable to type 'ReactNode | Promise<ReactNode>'.
          Property 'children' is missing in type 'ReactElement<unknown, string | JSXElementConstructor<any>>' but required in type 'ReactPortal'.
components/waste-analytics-dashboard.tsx(409,14): error TS2786: 'CardTitle' cannot be used as a JSX component.
  Its type 'ForwardRefExoticComponent<HTMLAttributes<HTMLDivElement> & RefAttributes<HTMLDivElement>>' is not a valid JSX element type.
    Type 'ForwardRefExoticComponent<HTMLAttributes<HTMLDivElement> & RefAttributes<HTMLDivElement>>' is not assignable to type '(props: any) => ReactNode | Promise<ReactNode>'.
      Type 'ReactNode' is not assignable to type 'ReactNode | Promise<ReactNode>'.
        Type 'ReactElement<unknown, string | JSXElementConstructor<any>>' is not assignable to type 'ReactNode | Promise<ReactNode>'.
          Property 'children' is missing in type 'ReactElement<unknown, string | JSXElementConstructor<any>>' but required in type 'ReactPortal'.
components/waste-analytics-dashboard.tsx(410,16): error TS2786: 'LineChart' cannot be used as a JSX component.
  Its type 'ForwardRefExoticComponent<Omit<LucideProps, "ref"> & RefAttributes<SVGSVGElement>>' is not a valid JSX element type.
    Type 'ForwardRefExoticComponent<Omit<LucideProps, "ref"> & RefAttributes<SVGSVGElement>>' is not assignable to type '(props: any) => ReactNode | Promise<ReactNode>'.
      Type 'ReactNode' is not assignable to type 'ReactNode | Promise<ReactNode>'.
        Type 'ReactElement<unknown, string | JSXElementConstructor<any>>' is not assignable to type 'ReactNode | Promise<ReactNode>'.
          Property 'children' is missing in type 'ReactElement<unknown, string | JSXElementConstructor<any>>' but required in type 'ReactPortal'.
components/waste-analytics-dashboard.tsx(414,12): error TS2786: 'CardContent' cannot be used as a JSX component.
  Its type 'ForwardRefExoticComponent<HTMLAttributes<HTMLDivElement> & RefAttributes<HTMLDivElement>>' is not a valid JSX element type.
    Type 'ForwardRefExoticComponent<HTMLAttributes<HTMLDivElement> & RefAttributes<HTMLDivElement>>' is not assignable to type '(props: any) => ReactNode | Promise<ReactNode>'.
      Type 'ReactNode' is not assignable to type 'ReactNode | Promise<ReactNode>'.
        Type 'ReactElement<unknown, string | JSXElementConstructor<any>>' is not assignable to type 'ReactNode | Promise<ReactNode>'.
          Property 'children' is missing in type 'ReactElement<unknown, string | JSXElementConstructor<any>>' but required in type 'ReactPortal'.
components/waste-analytics-dashboard.tsx(419,20): error TS2786: 'ArrowDown' cannot be used as a JSX component.
  Its type 'ForwardRefExoticComponent<Omit<LucideProps, "ref"> & RefAttributes<SVGSVGElement>>' is not a valid JSX element type.
    Type 'ForwardRefExoticComponent<Omit<LucideProps, "ref"> & RefAttributes<SVGSVGElement>>' is not assignable to type '(props: any) => ReactNode | Promise<ReactNode>'.
      Type 'ReactNode' is not assignable to type 'ReactNode | Promise<ReactNode>'.
        Type 'ReactElement<unknown, string | JSXElementConstructor<any>>' is not assignable to type 'ReactNode | Promise<ReactNode>'.
          Property 'children' is missing in type 'ReactElement<unknown, string | JSXElementConstructor<any>>' but required in type 'ReactPortal'.
components/waste-analytics-dashboard.tsx(424,20): error TS2786: 'ArrowUp' cannot be used as a JSX component.
  Its type 'ForwardRefExoticComponent<Omit<LucideProps, "ref"> & RefAttributes<SVGSVGElement>>' is not a valid JSX element type.
    Type 'ForwardRefExoticComponent<Omit<LucideProps, "ref"> & RefAttributes<SVGSVGElement>>' is not assignable to type '(props: any) => ReactNode | Promise<ReactNode>'.
      Type 'ReactNode' is not assignable to type 'ReactNode | Promise<ReactNode>'.
        Type 'ReactElement<unknown, string | JSXElementConstructor<any>>' is not assignable to type 'ReactNode | Promise<ReactNode>'.
          Property 'children' is missing in type 'ReactElement<unknown, string | JSXElementConstructor<any>>' but required in type 'ReactPortal'.
components/waste-analytics-dashboard.tsx(433,10): error TS2786: 'Card' cannot be used as a JSX component.
  Its type 'ForwardRefExoticComponent<HTMLAttributes<HTMLDivElement> & RefAttributes<HTMLDivElement>>' is not a valid JSX element type.
    Type 'ForwardRefExoticComponent<HTMLAttributes<HTMLDivElement> & RefAttributes<HTMLDivElement>>' is not assignable to type '(props: any) => ReactNode | Promise<ReactNode>'.
      Type 'ReactNode' is not assignable to type 'ReactNode | Promise<ReactNode>'.
        Type 'ReactElement<unknown, string | JSXElementConstructor<any>>' is not assignable to type 'ReactNode | Promise<ReactNode>'.
          Property 'children' is missing in type 'ReactElement<unknown, string | JSXElementConstructor<any>>' but required in type 'ReactPortal'.
components/waste-analytics-dashboard.tsx(434,12): error TS2786: 'CardHeader' cannot be used as a JSX component.
  Its type 'ForwardRefExoticComponent<HTMLAttributes<HTMLDivElement> & RefAttributes<HTMLDivElement>>' is not a valid JSX element type.
    Type 'ForwardRefExoticComponent<HTMLAttributes<HTMLDivElement> & RefAttributes<HTMLDivElement>>' is not assignable to type '(props: any) => ReactNode | Promise<ReactNode>'.
      Type 'ReactNode' is not assignable to type 'ReactNode | Promise<ReactNode>'.
        Type 'ReactElement<unknown, string | JSXElementConstructor<any>>' is not assignable to type 'ReactNode | Promise<ReactNode>'.
          Property 'children' is missing in type 'ReactElement<unknown, string | JSXElementConstructor<any>>' but required in type 'ReactPortal'.
components/waste-analytics-dashboard.tsx(435,14): error TS2786: 'CardTitle' cannot be used as a JSX component.
  Its type 'ForwardRefExoticComponent<HTMLAttributes<HTMLDivElement> & RefAttributes<HTMLDivElement>>' is not a valid JSX element type.
    Type 'ForwardRefExoticComponent<HTMLAttributes<HTMLDivElement> & RefAttributes<HTMLDivElement>>' is not assignable to type '(props: any) => ReactNode | Promise<ReactNode>'.
      Type 'ReactNode' is not assignable to type 'ReactNode | Promise<ReactNode>'.
        Type 'ReactElement<unknown, string | JSXElementConstructor<any>>' is not assignable to type 'ReactNode | Promise<ReactNode>'.
          Property 'children' is missing in type 'ReactElement<unknown, string | JSXElementConstructor<any>>' but required in type 'ReactPortal'.
components/waste-analytics-dashboard.tsx(436,16): error TS2786: 'Recycle' cannot be used as a JSX component.
  Its type 'ForwardRefExoticComponent<Omit<LucideProps, "ref"> & RefAttributes<SVGSVGElement>>' is not a valid JSX element type.
    Type 'ForwardRefExoticComponent<Omit<LucideProps, "ref"> & RefAttributes<SVGSVGElement>>' is not assignable to type '(props: any) => ReactNode | Promise<ReactNode>'.
      Type 'ReactNode' is not assignable to type 'ReactNode | Promise<ReactNode>'.
        Type 'ReactElement<unknown, string | JSXElementConstructor<any>>' is not assignable to type 'ReactNode | Promise<ReactNode>'.
          Property 'children' is missing in type 'ReactElement<unknown, string | JSXElementConstructor<any>>' but required in type 'ReactPortal'.
components/waste-analytics-dashboard.tsx(440,12): error TS2786: 'CardContent' cannot be used as a JSX component.
  Its type 'ForwardRefExoticComponent<HTMLAttributes<HTMLDivElement> & RefAttributes<HTMLDivElement>>' is not a valid JSX element type.
    Type 'ForwardRefExoticComponent<HTMLAttributes<HTMLDivElement> & RefAttributes<HTMLDivElement>>' is not assignable to type '(props: any) => ReactNode | Promise<ReactNode>'.
      Type 'ReactNode' is not assignable to type 'ReactNode | Promise<ReactNode>'.
        Type 'ReactElement<unknown, string | JSXElementConstructor<any>>' is not assignable to type 'ReactNode | Promise<ReactNode>'.
          Property 'children' is missing in type 'ReactElement<unknown, string | JSXElementConstructor<any>>' but required in type 'ReactPortal'.
components/waste-analytics-dashboard.tsx(443,16): error TS2786: 'Recycle' cannot be used as a JSX component.
  Its type 'ForwardRefExoticComponent<Omit<LucideProps, "ref"> & RefAttributes<SVGSVGElement>>' is not a valid JSX element type.
    Type 'ForwardRefExoticComponent<Omit<LucideProps, "ref"> & RefAttributes<SVGSVGElement>>' is not assignable to type '(props: any) => ReactNode | Promise<ReactNode>'.
      Type 'ReactNode' is not assignable to type 'ReactNode | Promise<ReactNode>'.
        Type 'ReactElement<unknown, string | JSXElementConstructor<any>>' is not assignable to type 'ReactNode | Promise<ReactNode>'.
          Property 'children' is missing in type 'ReactElement<unknown, string | JSXElementConstructor<any>>' but required in type 'ReactPortal'.
components/waste-analytics-dashboard.tsx(449,10): error TS2786: 'Card' cannot be used as a JSX component.
  Its type 'ForwardRefExoticComponent<HTMLAttributes<HTMLDivElement> & RefAttributes<HTMLDivElement>>' is not a valid JSX element type.
    Type 'ForwardRefExoticComponent<HTMLAttributes<HTMLDivElement> & RefAttributes<HTMLDivElement>>' is not assignable to type '(props: any) => ReactNode | Promise<ReactNode>'.
      Type 'ReactNode' is not assignable to type 'ReactNode | Promise<ReactNode>'.
        Type 'ReactElement<unknown, string | JSXElementConstructor<any>>' is not assignable to type 'ReactNode | Promise<ReactNode>'.
          Property 'children' is missing in type 'ReactElement<unknown, string | JSXElementConstructor<any>>' but required in type 'ReactPortal'.
components/waste-analytics-dashboard.tsx(450,12): error TS2786: 'CardHeader' cannot be used as a JSX component.
  Its type 'ForwardRefExoticComponent<HTMLAttributes<HTMLDivElement> & RefAttributes<HTMLDivElement>>' is not a valid JSX element type.
    Type 'ForwardRefExoticComponent<HTMLAttributes<HTMLDivElement> & RefAttributes<HTMLDivElement>>' is not assignable to type '(props: any) => ReactNode | Promise<ReactNode>'.
      Type 'ReactNode' is not assignable to type 'ReactNode | Promise<ReactNode>'.
        Type 'ReactElement<unknown, string | JSXElementConstructor<any>>' is not assignable to type 'ReactNode | Promise<ReactNode>'.
          Property 'children' is missing in type 'ReactElement<unknown, string | JSXElementConstructor<any>>' but required in type 'ReactPortal'.
components/waste-analytics-dashboard.tsx(451,14): error TS2786: 'CardTitle' cannot be used as a JSX component.
  Its type 'ForwardRefExoticComponent<HTMLAttributes<HTMLDivElement> & RefAttributes<HTMLDivElement>>' is not a valid JSX element type.
    Type 'ForwardRefExoticComponent<HTMLAttributes<HTMLDivElement> & RefAttributes<HTMLDivElement>>' is not assignable to type '(props: any) => ReactNode | Promise<ReactNode>'.
      Type 'ReactNode' is not assignable to type 'ReactNode | Promise<ReactNode>'.
        Type 'ReactElement<unknown, string | JSXElementConstructor<any>>' is not assignable to type 'ReactNode | Promise<ReactNode>'.
          Property 'children' is missing in type 'ReactElement<unknown, string | JSXElementConstructor<any>>' but required in type 'ReactPortal'.
components/waste-analytics-dashboard.tsx(452,16): error TS2786: 'Trash2' cannot be used as a JSX component.
  Its type 'ForwardRefExoticComponent<Omit<LucideProps, "ref"> & RefAttributes<SVGSVGElement>>' is not a valid JSX element type.
    Type 'ForwardRefExoticComponent<Omit<LucideProps, "ref"> & RefAttributes<SVGSVGElement>>' is not assignable to type '(props: any) => ReactNode | Promise<ReactNode>'.
      Type 'ReactNode' is not assignable to type 'ReactNode | Promise<ReactNode>'.
        Type 'ReactElement<unknown, string | JSXElementConstructor<any>>' is not assignable to type 'ReactNode | Promise<ReactNode>'.
          Property 'children' is missing in type 'ReactElement<unknown, string | JSXElementConstructor<any>>' but required in type 'ReactPortal'.
components/waste-analytics-dashboard.tsx(456,12): error TS2786: 'CardContent' cannot be used as a JSX component.
  Its type 'ForwardRefExoticComponent<HTMLAttributes<HTMLDivElement> & RefAttributes<HTMLDivElement>>' is not a valid JSX element type.
    Type 'ForwardRefExoticComponent<HTMLAttributes<HTMLDivElement> & RefAttributes<HTMLDivElement>>' is not assignable to type '(props: any) => ReactNode | Promise<ReactNode>'.
      Type 'ReactNode' is not assignable to type 'ReactNode | Promise<ReactNode>'.
        Type 'ReactElement<unknown, string | JSXElementConstructor<any>>' is not assignable to type 'ReactNode | Promise<ReactNode>'.
          Property 'children' is missing in type 'ReactElement<unknown, string | JSXElementConstructor<any>>' but required in type 'ReactPortal'.
components/waste-analytics-dashboard.tsx(459,16): error TS2786: 'Trash2' cannot be used as a JSX component.
  Its type 'ForwardRefExoticComponent<Omit<LucideProps, "ref"> & RefAttributes<SVGSVGElement>>' is not a valid JSX element type.
    Type 'ForwardRefExoticComponent<Omit<LucideProps, "ref"> & RefAttributes<SVGSVGElement>>' is not assignable to type '(props: any) => ReactNode | Promise<ReactNode>'.
      Type 'ReactNode' is not assignable to type 'ReactNode | Promise<ReactNode>'.
        Type 'ReactElement<unknown, string | JSXElementConstructor<any>>' is not assignable to type 'ReactNode | Promise<ReactNode>'.
          Property 'children' is missing in type 'ReactElement<unknown, string | JSXElementConstructor<any>>' but required in type 'ReactPortal'.
components/waste-analytics-dashboard.tsx(465,10): error TS2786: 'Card' cannot be used as a JSX component.
  Its type 'ForwardRefExoticComponent<HTMLAttributes<HTMLDivElement> & RefAttributes<HTMLDivElement>>' is not a valid JSX element type.
    Type 'ForwardRefExoticComponent<HTMLAttributes<HTMLDivElement> & RefAttributes<HTMLDivElement>>' is not assignable to type '(props: any) => ReactNode | Promise<ReactNode>'.
      Type 'ReactNode' is not assignable to type 'ReactNode | Promise<ReactNode>'.
        Type 'ReactElement<unknown, string | JSXElementConstructor<any>>' is not assignable to type 'ReactNode | Promise<ReactNode>'.
          Property 'children' is missing in type 'ReactElement<unknown, string | JSXElementConstructor<any>>' but required in type 'ReactPortal'.
components/waste-analytics-dashboard.tsx(466,12): error TS2786: 'CardHeader' cannot be used as a JSX component.
  Its type 'ForwardRefExoticComponent<HTMLAttributes<HTMLDivElement> & RefAttributes<HTMLDivElement>>' is not a valid JSX element type.
    Type 'ForwardRefExoticComponent<HTMLAttributes<HTMLDivElement> & RefAttributes<HTMLDivElement>>' is not assignable to type '(props: any) => ReactNode | Promise<ReactNode>'.
      Type 'ReactNode' is not assignable to type 'ReactNode | Promise<ReactNode>'.
        Type 'ReactElement<unknown, string | JSXElementConstructor<any>>' is not assignable to type 'ReactNode | Promise<ReactNode>'.
          Property 'children' is missing in type 'ReactElement<unknown, string | JSXElementConstructor<any>>' but required in type 'ReactPortal'.
components/waste-analytics-dashboard.tsx(467,14): error TS2786: 'CardTitle' cannot be used as a JSX component.
  Its type 'ForwardRefExoticComponent<HTMLAttributes<HTMLDivElement> & RefAttributes<HTMLDivElement>>' is not a valid JSX element type.
    Type 'ForwardRefExoticComponent<HTMLAttributes<HTMLDivElement> & RefAttributes<HTMLDivElement>>' is not assignable to type '(props: any) => ReactNode | Promise<ReactNode>'.
      Type 'ReactNode' is not assignable to type 'ReactNode | Promise<ReactNode>'.
        Type 'ReactElement<unknown, string | JSXElementConstructor<any>>' is not assignable to type 'ReactNode | Promise<ReactNode>'.
          Property 'children' is missing in type 'ReactElement<unknown, string | JSXElementConstructor<any>>' but required in type 'ReactPortal'.
components/waste-analytics-dashboard.tsx(468,16): error TS2786: 'Gift' cannot be used as a JSX component.
  Its type 'ForwardRefExoticComponent<Omit<LucideProps, "ref"> & RefAttributes<SVGSVGElement>>' is not a valid JSX element type.
    Type 'ForwardRefExoticComponent<Omit<LucideProps, "ref"> & RefAttributes<SVGSVGElement>>' is not assignable to type '(props: any) => ReactNode | Promise<ReactNode>'.
      Type 'ReactNode' is not assignable to type 'ReactNode | Promise<ReactNode>'.
        Type 'ReactElement<unknown, string | JSXElementConstructor<any>>' is not assignable to type 'ReactNode | Promise<ReactNode>'.
          Property 'children' is missing in type 'ReactElement<unknown, string | JSXElementConstructor<any>>' but required in type 'ReactPortal'.
components/waste-analytics-dashboard.tsx(472,12): error TS2786: 'CardContent' cannot be used as a JSX component.
  Its type 'ForwardRefExoticComponent<HTMLAttributes<HTMLDivElement> & RefAttributes<HTMLDivElement>>' is not a valid JSX element type.
    Type 'ForwardRefExoticComponent<HTMLAttributes<HTMLDivElement> & RefAttributes<HTMLDivElement>>' is not assignable to type '(props: any) => ReactNode | Promise<ReactNode>'.
      Type 'ReactNode' is not assignable to type 'ReactNode | Promise<ReactNode>'.
        Type 'ReactElement<unknown, string | JSXElementConstructor<any>>' is not assignable to type 'ReactNode | Promise<ReactNode>'.
          Property 'children' is missing in type 'ReactElement<unknown, string | JSXElementConstructor<any>>' but required in type 'ReactPortal'.
components/waste-analytics-dashboard.tsx(475,16): error TS2786: 'Gift' cannot be used as a JSX component.
  Its type 'ForwardRefExoticComponent<Omit<LucideProps, "ref"> & RefAttributes<SVGSVGElement>>' is not a valid JSX element type.
    Type 'ForwardRefExoticComponent<Omit<LucideProps, "ref"> & RefAttributes<SVGSVGElement>>' is not assignable to type '(props: any) => ReactNode | Promise<ReactNode>'.
      Type 'ReactNode' is not assignable to type 'ReactNode | Promise<ReactNode>'.
        Type 'ReactElement<unknown, string | JSXElementConstructor<any>>' is not assignable to type 'ReactNode | Promise<ReactNode>'.
          Property 'children' is missing in type 'ReactElement<unknown, string | JSXElementConstructor<any>>' but required in type 'ReactPortal'.
components/waste-analytics-dashboard.tsx(484,10): error TS2786: 'Card' cannot be used as a JSX component.
  Its type 'ForwardRefExoticComponent<HTMLAttributes<HTMLDivElement> & RefAttributes<HTMLDivElement>>' is not a valid JSX element type.
    Type 'ForwardRefExoticComponent<HTMLAttributes<HTMLDivElement> & RefAttributes<HTMLDivElement>>' is not assignable to type '(props: any) => ReactNode | Promise<ReactNode>'.
      Type 'ReactNode' is not assignable to type 'ReactNode | Promise<ReactNode>'.
        Type 'ReactElement<unknown, string | JSXElementConstructor<any>>' is not assignable to type 'ReactNode | Promise<ReactNode>'.
          Property 'children' is missing in type 'ReactElement<unknown, string | JSXElementConstructor<any>>' but required in type 'ReactPortal'.
components/waste-analytics-dashboard.tsx(485,12): error TS2786: 'CardHeader' cannot be used as a JSX component.
  Its type 'ForwardRefExoticComponent<HTMLAttributes<HTMLDivElement> & RefAttributes<HTMLDivElement>>' is not a valid JSX element type.
    Type 'ForwardRefExoticComponent<HTMLAttributes<HTMLDivElement> & RefAttributes<HTMLDivElement>>' is not assignable to type '(props: any) => ReactNode | Promise<ReactNode>'.
      Type 'ReactNode' is not assignable to type 'ReactNode | Promise<ReactNode>'.
        Type 'ReactElement<unknown, string | JSXElementConstructor<any>>' is not assignable to type 'ReactNode | Promise<ReactNode>'.
          Property 'children' is missing in type 'ReactElement<unknown, string | JSXElementConstructor<any>>' but required in type 'ReactPortal'.
components/waste-analytics-dashboard.tsx(487,16): error TS2786: 'LineChart' cannot be used as a JSX component.
  Its type 'ForwardRefExoticComponent<Omit<LucideProps, "ref"> & RefAttributes<SVGSVGElement>>' is not a valid JSX element type.
    Type 'ForwardRefExoticComponent<Omit<LucideProps, "ref"> & RefAttributes<SVGSVGElement>>' is not assignable to type '(props: any) => ReactNode | Promise<ReactNode>'.
      Type 'ReactNode' is not assignable to type 'ReactNode | Promise<ReactNode>'.
        Type 'ReactElement<unknown, string | JSXElementConstructor<any>>' is not assignable to type 'ReactNode | Promise<ReactNode>'.
          Property 'children' is missing in type 'ReactElement<unknown, string | JSXElementConstructor<any>>' but required in type 'ReactPortal'.
components/waste-analytics-dashboard.tsx(488,16): error TS2786: 'CardTitle' cannot be used as a JSX component.
  Its type 'ForwardRefExoticComponent<HTMLAttributes<HTMLDivElement> & RefAttributes<HTMLDivElement>>' is not a valid JSX element type.
    Type 'ForwardRefExoticComponent<HTMLAttributes<HTMLDivElement> & RefAttributes<HTMLDivElement>>' is not assignable to type '(props: any) => ReactNode | Promise<ReactNode>'.
      Type 'ReactNode' is not assignable to type 'ReactNode | Promise<ReactNode>'.
        Type 'ReactElement<unknown, string | JSXElementConstructor<any>>' is not assignable to type 'ReactNode | Promise<ReactNode>'.
          Property 'children' is missing in type 'ReactElement<unknown, string | JSXElementConstructor<any>>' but required in type 'ReactPortal'.
components/waste-analytics-dashboard.tsx(490,14): error TS2786: 'CardDescription' cannot be used as a JSX component.
  Its type 'ForwardRefExoticComponent<HTMLAttributes<HTMLDivElement> & RefAttributes<HTMLDivElement>>' is not a valid JSX element type.
    Type 'ForwardRefExoticComponent<HTMLAttributes<HTMLDivElement> & RefAttributes<HTMLDivElement>>' is not assignable to type '(props: any) => ReactNode | Promise<ReactNode>'.
      Type 'ReactNode' is not assignable to type 'ReactNode | Promise<ReactNode>'.
        Type 'ReactElement<unknown, string | JSXElementConstructor<any>>' is not assignable to type 'ReactNode | Promise<ReactNode>'.
          Property 'children' is missing in type 'ReactElement<unknown, string | JSXElementConstructor<any>>' but required in type 'ReactPortal'.
components/waste-analytics-dashboard.tsx(492,12): error TS2786: 'CardContent' cannot be used as a JSX component.
  Its type 'ForwardRefExoticComponent<HTMLAttributes<HTMLDivElement> & RefAttributes<HTMLDivElement>>' is not a valid JSX element type.
    Type 'ForwardRefExoticComponent<HTMLAttributes<HTMLDivElement> & RefAttributes<HTMLDivElement>>' is not assignable to type '(props: any) => ReactNode | Promise<ReactNode>'.
      Type 'ReactNode' is not assignable to type 'ReactNode | Promise<ReactNode>'.
        Type 'ReactElement<unknown, string | JSXElementConstructor<any>>' is not assignable to type 'ReactNode | Promise<ReactNode>'.
          Property 'children' is missing in type 'ReactElement<unknown, string | JSXElementConstructor<any>>' but required in type 'ReactPortal'.
components/waste-analytics-dashboard.tsx(499,10): error TS2786: 'Card' cannot be used as a JSX component.
  Its type 'ForwardRefExoticComponent<HTMLAttributes<HTMLDivElement> & RefAttributes<HTMLDivElement>>' is not a valid JSX element type.
    Type 'ForwardRefExoticComponent<HTMLAttributes<HTMLDivElement> & RefAttributes<HTMLDivElement>>' is not assignable to type '(props: any) => ReactNode | Promise<ReactNode>'.
      Type 'ReactNode' is not assignable to type 'ReactNode | Promise<ReactNode>'.
        Type 'ReactElement<unknown, string | JSXElementConstructor<any>>' is not assignable to type 'ReactNode | Promise<ReactNode>'.
          Property 'children' is missing in type 'ReactElement<unknown, string | JSXElementConstructor<any>>' but required in type 'ReactPortal'.
components/waste-analytics-dashboard.tsx(500,12): error TS2786: 'CardHeader' cannot be used as a JSX component.
  Its type 'ForwardRefExoticComponent<HTMLAttributes<HTMLDivElement> & RefAttributes<HTMLDivElement>>' is not a valid JSX element type.
    Type 'ForwardRefExoticComponent<HTMLAttributes<HTMLDivElement> & RefAttributes<HTMLDivElement>>' is not assignable to type '(props: any) => ReactNode | Promise<ReactNode>'.
      Type 'ReactNode' is not assignable to type 'ReactNode | Promise<ReactNode>'.
        Type 'ReactElement<unknown, string | JSXElementConstructor<any>>' is not assignable to type 'ReactNode | Promise<ReactNode>'.
          Property 'children' is missing in type 'ReactElement<unknown, string | JSXElementConstructor<any>>' but required in type 'ReactPortal'.
components/waste-analytics-dashboard.tsx(502,16): error TS2786: 'PieChart' cannot be used as a JSX component.
  Its type 'ForwardRefExoticComponent<Omit<LucideProps, "ref"> & RefAttributes<SVGSVGElement>>' is not a valid JSX element type.
    Type 'ForwardRefExoticComponent<Omit<LucideProps, "ref"> & RefAttributes<SVGSVGElement>>' is not assignable to type '(props: any) => ReactNode | Promise<ReactNode>'.
      Type 'ReactNode' is not assignable to type 'ReactNode | Promise<ReactNode>'.
        Type 'ReactElement<unknown, string | JSXElementConstructor<any>>' is not assignable to type 'ReactNode | Promise<ReactNode>'.
          Property 'children' is missing in type 'ReactElement<unknown, string | JSXElementConstructor<any>>' but required in type 'ReactPortal'.
components/waste-analytics-dashboard.tsx(503,16): error TS2786: 'CardTitle' cannot be used as a JSX component.
  Its type 'ForwardRefExoticComponent<HTMLAttributes<HTMLDivElement> & RefAttributes<HTMLDivElement>>' is not a valid JSX element type.
    Type 'ForwardRefExoticComponent<HTMLAttributes<HTMLDivElement> & RefAttributes<HTMLDivElement>>' is not assignable to type '(props: any) => ReactNode | Promise<ReactNode>'.
      Type 'ReactNode' is not assignable to type 'ReactNode | Promise<ReactNode>'.
        Type 'ReactElement<unknown, string | JSXElementConstructor<any>>' is not assignable to type 'ReactNode | Promise<ReactNode>'.
          Property 'children' is missing in type 'ReactElement<unknown, string | JSXElementConstructor<any>>' but required in type 'ReactPortal'.
components/waste-analytics-dashboard.tsx(505,14): error TS2786: 'CardDescription' cannot be used as a JSX component.
  Its type 'ForwardRefExoticComponent<HTMLAttributes<HTMLDivElement> & RefAttributes<HTMLDivElement>>' is not a valid JSX element type.
    Type 'ForwardRefExoticComponent<HTMLAttributes<HTMLDivElement> & RefAttributes<HTMLDivElement>>' is not assignable to type '(props: any) => ReactNode | Promise<ReactNode>'.
      Type 'ReactNode' is not assignable to type 'ReactNode | Promise<ReactNode>'.
        Type 'ReactElement<unknown, string | JSXElementConstructor<any>>' is not assignable to type 'ReactNode | Promise<ReactNode>'.
          Property 'children' is missing in type 'ReactElement<unknown, string | JSXElementConstructor<any>>' but required in type 'ReactPortal'.
components/waste-analytics-dashboard.tsx(507,12): error TS2786: 'CardContent' cannot be used as a JSX component.
  Its type 'ForwardRefExoticComponent<HTMLAttributes<HTMLDivElement> & RefAttributes<HTMLDivElement>>' is not a valid JSX element type.
    Type 'ForwardRefExoticComponent<HTMLAttributes<HTMLDivElement> & RefAttributes<HTMLDivElement>>' is not assignable to type '(props: any) => ReactNode | Promise<ReactNode>'.
      Type 'ReactNode' is not assignable to type 'ReactNode | Promise<ReactNode>'.
        Type 'ReactElement<unknown, string | JSXElementConstructor<any>>' is not assignable to type 'ReactNode | Promise<ReactNode>'.
          Property 'children' is missing in type 'ReactElement<unknown, string | JSXElementConstructor<any>>' but required in type 'ReactPortal'.
components/waste-analytics-dashboard.tsx(514,10): error TS2786: 'Card' cannot be used as a JSX component.
  Its type 'ForwardRefExoticComponent<HTMLAttributes<HTMLDivElement> & RefAttributes<HTMLDivElement>>' is not a valid JSX element type.
    Type 'ForwardRefExoticComponent<HTMLAttributes<HTMLDivElement> & RefAttributes<HTMLDivElement>>' is not assignable to type '(props: any) => ReactNode | Promise<ReactNode>'.
      Type 'ReactNode' is not assignable to type 'ReactNode | Promise<ReactNode>'.
        Type 'ReactElement<unknown, string | JSXElementConstructor<any>>' is not assignable to type 'ReactNode | Promise<ReactNode>'.
          Property 'children' is missing in type 'ReactElement<unknown, string | JSXElementConstructor<any>>' but required in type 'ReactPortal'.
components/waste-analytics-dashboard.tsx(515,12): error TS2786: 'CardHeader' cannot be used as a JSX component.
  Its type 'ForwardRefExoticComponent<HTMLAttributes<HTMLDivElement> & RefAttributes<HTMLDivElement>>' is not a valid JSX element type.
    Type 'ForwardRefExoticComponent<HTMLAttributes<HTMLDivElement> & RefAttributes<HTMLDivElement>>' is not assignable to type '(props: any) => ReactNode | Promise<ReactNode>'.
      Type 'ReactNode' is not assignable to type 'ReactNode | Promise<ReactNode>'.
        Type 'ReactElement<unknown, string | JSXElementConstructor<any>>' is not assignable to type 'ReactNode | Promise<ReactNode>'.
          Property 'children' is missing in type 'ReactElement<unknown, string | JSXElementConstructor<any>>' but required in type 'ReactPortal'.
components/waste-analytics-dashboard.tsx(517,16): error TS2786: 'BarChart3' cannot be used as a JSX component.
  Its type 'ForwardRefExoticComponent<Omit<LucideProps, "ref"> & RefAttributes<SVGSVGElement>>' is not a valid JSX element type.
    Type 'ForwardRefExoticComponent<Omit<LucideProps, "ref"> & RefAttributes<SVGSVGElement>>' is not assignable to type '(props: any) => ReactNode | Promise<ReactNode>'.
      Type 'ReactNode' is not assignable to type 'ReactNode | Promise<ReactNode>'.
        Type 'ReactElement<unknown, string | JSXElementConstructor<any>>' is not assignable to type 'ReactNode | Promise<ReactNode>'.
          Property 'children' is missing in type 'ReactElement<unknown, string | JSXElementConstructor<any>>' but required in type 'ReactPortal'.
components/waste-analytics-dashboard.tsx(518,16): error TS2786: 'CardTitle' cannot be used as a JSX component.
  Its type 'ForwardRefExoticComponent<HTMLAttributes<HTMLDivElement> & RefAttributes<HTMLDivElement>>' is not a valid JSX element type.
    Type 'ForwardRefExoticComponent<HTMLAttributes<HTMLDivElement> & RefAttributes<HTMLDivElement>>' is not assignable to type '(props: any) => ReactNode | Promise<ReactNode>'.
      Type 'ReactNode' is not assignable to type 'ReactNode | Promise<ReactNode>'.
        Type 'ReactElement<unknown, string | JSXElementConstructor<any>>' is not assignable to type 'ReactNode | Promise<ReactNode>'.
          Property 'children' is missing in type 'ReactElement<unknown, string | JSXElementConstructor<any>>' but required in type 'ReactPortal'.
components/waste-analytics-dashboard.tsx(520,14): error TS2786: 'CardDescription' cannot be used as a JSX component.
  Its type 'ForwardRefExoticComponent<HTMLAttributes<HTMLDivElement> & RefAttributes<HTMLDivElement>>' is not a valid JSX element type.
    Type 'ForwardRefExoticComponent<HTMLAttributes<HTMLDivElement> & RefAttributes<HTMLDivElement>>' is not assignable to type '(props: any) => ReactNode | Promise<ReactNode>'.
      Type 'ReactNode' is not assignable to type 'ReactNode | Promise<ReactNode>'.
        Type 'ReactElement<unknown, string | JSXElementConstructor<any>>' is not assignable to type 'ReactNode | Promise<ReactNode>'.
          Property 'children' is missing in type 'ReactElement<unknown, string | JSXElementConstructor<any>>' but required in type 'ReactPortal'.
components/waste-analytics-dashboard.tsx(522,12): error TS2786: 'CardContent' cannot be used as a JSX component.
  Its type 'ForwardRefExoticComponent<HTMLAttributes<HTMLDivElement> & RefAttributes<HTMLDivElement>>' is not a valid JSX element type.
    Type 'ForwardRefExoticComponent<HTMLAttributes<HTMLDivElement> & RefAttributes<HTMLDivElement>>' is not assignable to type '(props: any) => ReactNode | Promise<ReactNode>'.
      Type 'ReactNode' is not assignable to type 'ReactNode | Promise<ReactNode>'.
        Type 'ReactElement<unknown, string | JSXElementConstructor<any>>' is not assignable to type 'ReactNode | Promise<ReactNode>'.
          Property 'children' is missing in type 'ReactElement<unknown, string | JSXElementConstructor<any>>' but required in type 'ReactPortal'.
components/waste-analytics-dashboard.tsx(529,10): error TS2786: 'Card' cannot be used as a JSX component.
  Its type 'ForwardRefExoticComponent<HTMLAttributes<HTMLDivElement> & RefAttributes<HTMLDivElement>>' is not a valid JSX element type.
    Type 'ForwardRefExoticComponent<HTMLAttributes<HTMLDivElement> & RefAttributes<HTMLDivElement>>' is not assignable to type '(props: any) => ReactNode | Promise<ReactNode>'.
      Type 'ReactNode' is not assignable to type 'ReactNode | Promise<ReactNode>'.
        Type 'ReactElement<unknown, string | JSXElementConstructor<any>>' is not assignable to type 'ReactNode | Promise<ReactNode>'.
          Property 'children' is missing in type 'ReactElement<unknown, string | JSXElementConstructor<any>>' but required in type 'ReactPortal'.
components/waste-analytics-dashboard.tsx(530,12): error TS2786: 'CardHeader' cannot be used as a JSX component.
  Its type 'ForwardRefExoticComponent<HTMLAttributes<HTMLDivElement> & RefAttributes<HTMLDivElement>>' is not a valid JSX element type.
    Type 'ForwardRefExoticComponent<HTMLAttributes<HTMLDivElement> & RefAttributes<HTMLDivElement>>' is not assignable to type '(props: any) => ReactNode | Promise<ReactNode>'.
      Type 'ReactNode' is not assignable to type 'ReactNode | Promise<ReactNode>'.
        Type 'ReactElement<unknown, string | JSXElementConstructor<any>>' is not assignable to type 'ReactNode | Promise<ReactNode>'.
          Property 'children' is missing in type 'ReactElement<unknown, string | JSXElementConstructor<any>>' but required in type 'ReactPortal'.
components/waste-analytics-dashboard.tsx(532,16): error TS2786: 'DoughnutChart' cannot be used as a JSX component.
  Its type 'ForwardRefExoticComponent<Omit<LucideProps, "ref"> & RefAttributes<SVGSVGElement>>' is not a valid JSX element type.
    Type 'ForwardRefExoticComponent<Omit<LucideProps, "ref"> & RefAttributes<SVGSVGElement>>' is not assignable to type '(props: any) => ReactNode | Promise<ReactNode>'.
      Type 'ReactNode' is not assignable to type 'ReactNode | Promise<ReactNode>'.
        Type 'ReactElement<unknown, string | JSXElementConstructor<any>>' is not assignable to type 'ReactNode | Promise<ReactNode>'.
          Property 'children' is missing in type 'ReactElement<unknown, string | JSXElementConstructor<any>>' but required in type 'ReactPortal'.
components/waste-analytics-dashboard.tsx(533,16): error TS2786: 'CardTitle' cannot be used as a JSX component.
  Its type 'ForwardRefExoticComponent<HTMLAttributes<HTMLDivElement> & RefAttributes<HTMLDivElement>>' is not a valid JSX element type.
    Type 'ForwardRefExoticComponent<HTMLAttributes<HTMLDivElement> & RefAttributes<HTMLDivElement>>' is not assignable to type '(props: any) => ReactNode | Promise<ReactNode>'.
      Type 'ReactNode' is not assignable to type 'ReactNode | Promise<ReactNode>'.
        Type 'ReactElement<unknown, string | JSXElementConstructor<any>>' is not assignable to type 'ReactNode | Promise<ReactNode>'.
          Property 'children' is missing in type 'ReactElement<unknown, string | JSXElementConstructor<any>>' but required in type 'ReactPortal'.
components/waste-analytics-dashboard.tsx(535,14): error TS2786: 'CardDescription' cannot be used as a JSX component.
  Its type 'ForwardRefExoticComponent<HTMLAttributes<HTMLDivElement> & RefAttributes<HTMLDivElement>>' is not a valid JSX element type.
    Type 'ForwardRefExoticComponent<HTMLAttributes<HTMLDivElement> & RefAttributes<HTMLDivElement>>' is not assignable to type '(props: any) => ReactNode | Promise<ReactNode>'.
      Type 'ReactNode' is not assignable to type 'ReactNode | Promise<ReactNode>'.
        Type 'ReactElement<unknown, string | JSXElementConstructor<any>>' is not assignable to type 'ReactNode | Promise<ReactNode>'.
          Property 'children' is missing in type 'ReactElement<unknown, string | JSXElementConstructor<any>>' but required in type 'ReactPortal'.
components/waste-analytics-dashboard.tsx(537,12): error TS2786: 'CardContent' cannot be used as a JSX component.
  Its type 'ForwardRefExoticComponent<HTMLAttributes<HTMLDivElement> & RefAttributes<HTMLDivElement>>' is not a valid JSX element type.
    Type 'ForwardRefExoticComponent<HTMLAttributes<HTMLDivElement> & RefAttributes<HTMLDivElement>>' is not assignable to type '(props: any) => ReactNode | Promise<ReactNode>'.
      Type 'ReactNode' is not assignable to type 'ReactNode | Promise<ReactNode>'.
        Type 'ReactElement<unknown, string | JSXElementConstructor<any>>' is not assignable to type 'ReactNode | Promise<ReactNode>'.
          Property 'children' is missing in type 'ReactElement<unknown, string | JSXElementConstructor<any>>' but required in type 'ReactPortal'.
components/waste-suggestions.tsx(91,8): error TS2786: 'Card' cannot be used as a JSX component.
  Its type 'ForwardRefExoticComponent<HTMLAttributes<HTMLDivElement> & RefAttributes<HTMLDivElement>>' is not a valid JSX element type.
    Type 'ForwardRefExoticComponent<HTMLAttributes<HTMLDivElement> & RefAttributes<HTMLDivElement>>' is not assignable to type '(props: any) => ReactNode | Promise<ReactNode>'.
      Type 'ReactNode' is not assignable to type 'ReactNode | Promise<ReactNode>'.
        Type 'ReactElement<unknown, string | JSXElementConstructor<any>>' is not assignable to type 'ReactNode | Promise<ReactNode>'.
          Property 'children' is missing in type 'ReactElement<unknown, string | JSXElementConstructor<any>>' but required in type 'ReactPortal'.
components/waste-suggestions.tsx(92,10): error TS2786: 'CardHeader' cannot be used as a JSX component.
  Its type 'ForwardRefExoticComponent<HTMLAttributes<HTMLDivElement> & RefAttributes<HTMLDivElement>>' is not a valid JSX element type.
    Type 'ForwardRefExoticComponent<HTMLAttributes<HTMLDivElement> & RefAttributes<HTMLDivElement>>' is not assignable to type '(props: any) => ReactNode | Promise<ReactNode>'.
      Type 'ReactNode' is not assignable to type 'ReactNode | Promise<ReactNode>'.
        Type 'ReactElement<unknown, string | JSXElementConstructor<any>>' is not assignable to type 'ReactNode | Promise<ReactNode>'.
          Property 'children' is missing in type 'ReactElement<unknown, string | JSXElementConstructor<any>>' but required in type 'ReactPortal'.
components/waste-suggestions.tsx(94,14): error TS2786: 'AlertTriangle' cannot be used as a JSX component.
  Its type 'ForwardRefExoticComponent<Omit<LucideProps, "ref"> & RefAttributes<SVGSVGElement>>' is not a valid JSX element type.
    Type 'ForwardRefExoticComponent<Omit<LucideProps, "ref"> & RefAttributes<SVGSVGElement>>' is not assignable to type '(props: any) => ReactNode | Promise<ReactNode>'.
      Type 'ReactNode' is not assignable to type 'ReactNode | Promise<ReactNode>'.
        Type 'ReactElement<unknown, string | JSXElementConstructor<any>>' is not assignable to type 'ReactNode | Promise<ReactNode>'.
          Property 'children' is missing in type 'ReactElement<unknown, string | JSXElementConstructor<any>>' but required in type 'ReactPortal'.
components/waste-suggestions.tsx(95,14): error TS2786: 'CardTitle' cannot be used as a JSX component.
  Its type 'ForwardRefExoticComponent<HTMLAttributes<HTMLDivElement> & RefAttributes<HTMLDivElement>>' is not a valid JSX element type.
    Type 'ForwardRefExoticComponent<HTMLAttributes<HTMLDivElement> & RefAttributes<HTMLDivElement>>' is not assignable to type '(props: any) => ReactNode | Promise<ReactNode>'.
      Type 'ReactNode' is not assignable to type 'ReactNode | Promise<ReactNode>'.
        Type 'ReactElement<unknown, string | JSXElementConstructor<any>>' is not assignable to type 'ReactNode | Promise<ReactNode>'.
          Property 'children' is missing in type 'ReactElement<unknown, string | JSXElementConstructor<any>>' but required in type 'ReactPortal'.
components/waste-suggestions.tsx(97,12): error TS2786: 'CardDescription' cannot be used as a JSX component.
  Its type 'ForwardRefExoticComponent<HTMLAttributes<HTMLDivElement> & RefAttributes<HTMLDivElement>>' is not a valid JSX element type.
    Type 'ForwardRefExoticComponent<HTMLAttributes<HTMLDivElement> & RefAttributes<HTMLDivElement>>' is not assignable to type '(props: any) => ReactNode | Promise<ReactNode>'.
      Type 'ReactNode' is not assignable to type 'ReactNode | Promise<ReactNode>'.
        Type 'ReactElement<unknown, string | JSXElementConstructor<any>>' is not assignable to type 'ReactNode | Promise<ReactNode>'.
          Property 'children' is missing in type 'ReactElement<unknown, string | JSXElementConstructor<any>>' but required in type 'ReactPortal'.
components/waste-suggestions.tsx(99,10): error TS2786: 'CardContent' cannot be used as a JSX component.
  Its type 'ForwardRefExoticComponent<HTMLAttributes<HTMLDivElement> & RefAttributes<HTMLDivElement>>' is not a valid JSX element type.
    Type 'ForwardRefExoticComponent<HTMLAttributes<HTMLDivElement> & RefAttributes<HTMLDivElement>>' is not assignable to type '(props: any) => ReactNode | Promise<ReactNode>'.
      Type 'ReactNode' is not assignable to type 'ReactNode | Promise<ReactNode>'.
        Type 'ReactElement<unknown, string | JSXElementConstructor<any>>' is not assignable to type 'ReactNode | Promise<ReactNode>'.
          Property 'children' is missing in type 'ReactElement<unknown, string | JSXElementConstructor<any>>' but required in type 'ReactPortal'.
components/waste-suggestions.tsx(103,18): error TS2786: 'Utensils' cannot be used as a JSX component.
  Its type 'ForwardRefExoticComponent<Omit<LucideProps, "ref"> & RefAttributes<SVGSVGElement>>' is not a valid JSX element type.
    Type 'ForwardRefExoticComponent<Omit<LucideProps, "ref"> & RefAttributes<SVGSVGElement>>' is not assignable to type '(props: any) => ReactNode | Promise<ReactNode>'.
      Type 'ReactNode' is not assignable to type 'ReactNode | Promise<ReactNode>'.
        Type 'ReactElement<unknown, string | JSXElementConstructor<any>>' is not assignable to type 'ReactNode | Promise<ReactNode>'.
          Property 'children' is missing in type 'ReactElement<unknown, string | JSXElementConstructor<any>>' but required in type 'ReactPortal'.
components/waste-suggestions.tsx(117,18): error TS2786: 'AlertTriangle' cannot be used as a JSX component.
  Its type 'ForwardRefExoticComponent<Omit<LucideProps, "ref"> & RefAttributes<SVGSVGElement>>' is not a valid JSX element type.
    Type 'ForwardRefExoticComponent<Omit<LucideProps, "ref"> & RefAttributes<SVGSVGElement>>' is not assignable to type '(props: any) => ReactNode | Promise<ReactNode>'.
      Type 'ReactNode' is not assignable to type 'ReactNode | Promise<ReactNode>'.
        Type 'ReactElement<unknown, string | JSXElementConstructor<any>>' is not assignable to type 'ReactNode | Promise<ReactNode>'.
          Property 'children' is missing in type 'ReactElement<unknown, string | JSXElementConstructor<any>>' but required in type 'ReactPortal'.
components/waste-suggestions.tsx(133,16): error TS2786: 'Recycle' cannot be used as a JSX component.
  Its type 'ForwardRefExoticComponent<Omit<LucideProps, "ref"> & RefAttributes<SVGSVGElement>>' is not a valid JSX element type.
    Type 'ForwardRefExoticComponent<Omit<LucideProps, "ref"> & RefAttributes<SVGSVGElement>>' is not assignable to type '(props: any) => ReactNode | Promise<ReactNode>'.
      Type 'ReactNode' is not assignable to type 'ReactNode | Promise<ReactNode>'.
        Type 'ReactElement<unknown, string | JSXElementConstructor<any>>' is not assignable to type 'ReactNode | Promise<ReactNode>'.
          Property 'children' is missing in type 'ReactElement<unknown, string | JSXElementConstructor<any>>' but required in type 'ReactPortal'.
components/waste-suggestions.tsx(155,10): error TS2786: 'Card' cannot be used as a JSX component.
  Its type 'ForwardRefExoticComponent<HTMLAttributes<HTMLDivElement> & RefAttributes<HTMLDivElement>>' is not a valid JSX element type.
    Type 'ForwardRefExoticComponent<HTMLAttributes<HTMLDivElement> & RefAttributes<HTMLDivElement>>' is not assignable to type '(props: any) => ReactNode | Promise<ReactNode>'.
      Type 'ReactNode' is not assignable to type 'ReactNode | Promise<ReactNode>'.
        Type 'ReactElement<unknown, string | JSXElementConstructor<any>>' is not assignable to type 'ReactNode | Promise<ReactNode>'.
          Property 'children' is missing in type 'ReactElement<unknown, string | JSXElementConstructor<any>>' but required in type 'ReactPortal'.
components/waste-suggestions.tsx(156,12): error TS2786: 'CardHeader' cannot be used as a JSX component.
  Its type 'ForwardRefExoticComponent<HTMLAttributes<HTMLDivElement> & RefAttributes<HTMLDivElement>>' is not a valid JSX element type.
    Type 'ForwardRefExoticComponent<HTMLAttributes<HTMLDivElement> & RefAttributes<HTMLDivElement>>' is not assignable to type '(props: any) => ReactNode | Promise<ReactNode>'.
      Type 'ReactNode' is not assignable to type 'ReactNode | Promise<ReactNode>'.
        Type 'ReactElement<unknown, string | JSXElementConstructor<any>>' is not assignable to type 'ReactNode | Promise<ReactNode>'.
          Property 'children' is missing in type 'ReactElement<unknown, string | JSXElementConstructor<any>>' but required in type 'ReactPortal'.
components/waste-suggestions.tsx(158,16): error TS2786: 'Utensils' cannot be used as a JSX component.
  Its type 'ForwardRefExoticComponent<Omit<LucideProps, "ref"> & RefAttributes<SVGSVGElement>>' is not a valid JSX element type.
    Type 'ForwardRefExoticComponent<Omit<LucideProps, "ref"> & RefAttributes<SVGSVGElement>>' is not assignable to type '(props: any) => ReactNode | Promise<ReactNode>'.
      Type 'ReactNode' is not assignable to type 'ReactNode | Promise<ReactNode>'.
        Type 'ReactElement<unknown, string | JSXElementConstructor<any>>' is not assignable to type 'ReactNode | Promise<ReactNode>'.
          Property 'children' is missing in type 'ReactElement<unknown, string | JSXElementConstructor<any>>' but required in type 'ReactPortal'.
components/waste-suggestions.tsx(159,16): error TS2786: 'CardTitle' cannot be used as a JSX component.
  Its type 'ForwardRefExoticComponent<HTMLAttributes<HTMLDivElement> & RefAttributes<HTMLDivElement>>' is not a valid JSX element type.
    Type 'ForwardRefExoticComponent<HTMLAttributes<HTMLDivElement> & RefAttributes<HTMLDivElement>>' is not assignable to type '(props: any) => ReactNode | Promise<ReactNode>'.
      Type 'ReactNode' is not assignable to type 'ReactNode | Promise<ReactNode>'.
        Type 'ReactElement<unknown, string | JSXElementConstructor<any>>' is not assignable to type 'ReactNode | Promise<ReactNode>'.
          Property 'children' is missing in type 'ReactElement<unknown, string | JSXElementConstructor<any>>' but required in type 'ReactPortal'.
components/waste-suggestions.tsx(161,14): error TS2786: 'CardDescription' cannot be used as a JSX component.
  Its type 'ForwardRefExoticComponent<HTMLAttributes<HTMLDivElement> & RefAttributes<HTMLDivElement>>' is not a valid JSX element type.
    Type 'ForwardRefExoticComponent<HTMLAttributes<HTMLDivElement> & RefAttributes<HTMLDivElement>>' is not assignable to type '(props: any) => ReactNode | Promise<ReactNode>'.
      Type 'ReactNode' is not assignable to type 'ReactNode | Promise<ReactNode>'.
        Type 'ReactElement<unknown, string | JSXElementConstructor<any>>' is not assignable to type 'ReactNode | Promise<ReactNode>'.
          Property 'children' is missing in type 'ReactElement<unknown, string | JSXElementConstructor<any>>' but required in type 'ReactPortal'.
components/waste-suggestions.tsx(163,12): error TS2786: 'CardContent' cannot be used as a JSX component.
  Its type 'ForwardRefExoticComponent<HTMLAttributes<HTMLDivElement> & RefAttributes<HTMLDivElement>>' is not a valid JSX element type.
    Type 'ForwardRefExoticComponent<HTMLAttributes<HTMLDivElement> & RefAttributes<HTMLDivElement>>' is not assignable to type '(props: any) => ReactNode | Promise<ReactNode>'.
      Type 'ReactNode' is not assignable to type 'ReactNode | Promise<ReactNode>'.
        Type 'ReactElement<unknown, string | JSXElementConstructor<any>>' is not assignable to type 'ReactNode | Promise<ReactNode>'.
          Property 'children' is missing in type 'ReactElement<unknown, string | JSXElementConstructor<any>>' but required in type 'ReactPortal'.
components/waste-suggestions.tsx(167,20): error TS2786: 'Lightbulb' cannot be used as a JSX component.
  Its type 'ForwardRefExoticComponent<Omit<LucideProps, "ref"> & RefAttributes<SVGSVGElement>>' is not a valid JSX element type.
    Type 'ForwardRefExoticComponent<Omit<LucideProps, "ref"> & RefAttributes<SVGSVGElement>>' is not assignable to type '(props: any) => ReactNode | Promise<ReactNode>'.
      Type 'ReactNode' is not assignable to type 'ReactNode | Promise<ReactNode>'.
        Type 'ReactElement<unknown, string | JSXElementConstructor<any>>' is not assignable to type 'ReactNode | Promise<ReactNode>'.
          Property 'children' is missing in type 'ReactElement<unknown, string | JSXElementConstructor<any>>' but required in type 'ReactPortal'.
components/waste-suggestions.tsx(175,10): error TS2786: 'Card' cannot be used as a JSX component.
  Its type 'ForwardRefExoticComponent<HTMLAttributes<HTMLDivElement> & RefAttributes<HTMLDivElement>>' is not a valid JSX element type.
    Type 'ForwardRefExoticComponent<HTMLAttributes<HTMLDivElement> & RefAttributes<HTMLDivElement>>' is not assignable to type '(props: any) => ReactNode | Promise<ReactNode>'.
      Type 'ReactNode' is not assignable to type 'ReactNode | Promise<ReactNode>'.
        Type 'ReactElement<unknown, string | JSXElementConstructor<any>>' is not assignable to type 'ReactNode | Promise<ReactNode>'.
          Property 'children' is missing in type 'ReactElement<unknown, string | JSXElementConstructor<any>>' but required in type 'ReactPortal'.
components/waste-suggestions.tsx(176,12): error TS2786: 'CardHeader' cannot be used as a JSX component.
  Its type 'ForwardRefExoticComponent<HTMLAttributes<HTMLDivElement> & RefAttributes<HTMLDivElement>>' is not a valid JSX element type.
    Type 'ForwardRefExoticComponent<HTMLAttributes<HTMLDivElement> & RefAttributes<HTMLDivElement>>' is not assignable to type '(props: any) => ReactNode | Promise<ReactNode>'.
      Type 'ReactNode' is not assignable to type 'ReactNode | Promise<ReactNode>'.
        Type 'ReactElement<unknown, string | JSXElementConstructor<any>>' is not assignable to type 'ReactNode | Promise<ReactNode>'.
          Property 'children' is missing in type 'ReactElement<unknown, string | JSXElementConstructor<any>>' but required in type 'ReactPortal'.
components/waste-suggestions.tsx(178,16): error TS2786: 'Scale' cannot be used as a JSX component.
  Its type 'ForwardRefExoticComponent<Omit<LucideProps, "ref"> & RefAttributes<SVGSVGElement>>' is not a valid JSX element type.
    Type 'ForwardRefExoticComponent<Omit<LucideProps, "ref"> & RefAttributes<SVGSVGElement>>' is not assignable to type '(props: any) => ReactNode | Promise<ReactNode>'.
      Type 'ReactNode' is not assignable to type 'ReactNode | Promise<ReactNode>'.
        Type 'ReactElement<unknown, string | JSXElementConstructor<any>>' is not assignable to type 'ReactNode | Promise<ReactNode>'.
          Property 'children' is missing in type 'ReactElement<unknown, string | JSXElementConstructor<any>>' but required in type 'ReactPortal'.
components/waste-suggestions.tsx(179,16): error TS2786: 'CardTitle' cannot be used as a JSX component.
  Its type 'ForwardRefExoticComponent<HTMLAttributes<HTMLDivElement> & RefAttributes<HTMLDivElement>>' is not a valid JSX element type.
    Type 'ForwardRefExoticComponent<HTMLAttributes<HTMLDivElement> & RefAttributes<HTMLDivElement>>' is not assignable to type '(props: any) => ReactNode | Promise<ReactNode>'.
      Type 'ReactNode' is not assignable to type 'ReactNode | Promise<ReactNode>'.
        Type 'ReactElement<unknown, string | JSXElementConstructor<any>>' is not assignable to type 'ReactNode | Promise<ReactNode>'.
          Property 'children' is missing in type 'ReactElement<unknown, string | JSXElementConstructor<any>>' but required in type 'ReactPortal'.
components/waste-suggestions.tsx(181,14): error TS2786: 'CardDescription' cannot be used as a JSX component.
  Its type 'ForwardRefExoticComponent<HTMLAttributes<HTMLDivElement> & RefAttributes<HTMLDivElement>>' is not a valid JSX element type.
    Type 'ForwardRefExoticComponent<HTMLAttributes<HTMLDivElement> & RefAttributes<HTMLDivElement>>' is not assignable to type '(props: any) => ReactNode | Promise<ReactNode>'.
      Type 'ReactNode' is not assignable to type 'ReactNode | Promise<ReactNode>'.
        Type 'ReactElement<unknown, string | JSXElementConstructor<any>>' is not assignable to type 'ReactNode | Promise<ReactNode>'.
          Property 'children' is missing in type 'ReactElement<unknown, string | JSXElementConstructor<any>>' but required in type 'ReactPortal'.
components/waste-suggestions.tsx(183,12): error TS2786: 'CardContent' cannot be used as a JSX component.
  Its type 'ForwardRefExoticComponent<HTMLAttributes<HTMLDivElement> & RefAttributes<HTMLDivElement>>' is not a valid JSX element type.
    Type 'ForwardRefExoticComponent<HTMLAttributes<HTMLDivElement> & RefAttributes<HTMLDivElement>>' is not assignable to type '(props: any) => ReactNode | Promise<ReactNode>'.
      Type 'ReactNode' is not assignable to type 'ReactNode | Promise<ReactNode>'.
        Type 'ReactElement<unknown, string | JSXElementConstructor<any>>' is not assignable to type 'ReactNode | Promise<ReactNode>'.
          Property 'children' is missing in type 'ReactElement<unknown, string | JSXElementConstructor<any>>' but required in type 'ReactPortal'.
components/waste-suggestions.tsx(187,20): error TS2786: 'Lightbulb' cannot be used as a JSX component.
  Its type 'ForwardRefExoticComponent<Omit<LucideProps, "ref"> & RefAttributes<SVGSVGElement>>' is not a valid JSX element type.
    Type 'ForwardRefExoticComponent<Omit<LucideProps, "ref"> & RefAttributes<SVGSVGElement>>' is not assignable to type '(props: any) => ReactNode | Promise<ReactNode>'.
      Type 'ReactNode' is not assignable to type 'ReactNode | Promise<ReactNode>'.
        Type 'ReactElement<unknown, string | JSXElementConstructor<any>>' is not assignable to type 'ReactNode | Promise<ReactNode>'.
          Property 'children' is missing in type 'ReactElement<unknown, string | JSXElementConstructor<any>>' but required in type 'ReactPortal'.
components/waste-suggestions.tsx(195,10): error TS2786: 'Card' cannot be used as a JSX component.
  Its type 'ForwardRefExoticComponent<HTMLAttributes<HTMLDivElement> & RefAttributes<HTMLDivElement>>' is not a valid JSX element type.
    Type 'ForwardRefExoticComponent<HTMLAttributes<HTMLDivElement> & RefAttributes<HTMLDivElement>>' is not assignable to type '(props: any) => ReactNode | Promise<ReactNode>'.
      Type 'ReactNode' is not assignable to type 'ReactNode | Promise<ReactNode>'.
        Type 'ReactElement<unknown, string | JSXElementConstructor<any>>' is not assignable to type 'ReactNode | Promise<ReactNode>'.
          Property 'children' is missing in type 'ReactElement<unknown, string | JSXElementConstructor<any>>' but required in type 'ReactPortal'.
components/waste-suggestions.tsx(196,12): error TS2786: 'CardHeader' cannot be used as a JSX component.
  Its type 'ForwardRefExoticComponent<HTMLAttributes<HTMLDivElement> & RefAttributes<HTMLDivElement>>' is not a valid JSX element type.
    Type 'ForwardRefExoticComponent<HTMLAttributes<HTMLDivElement> & RefAttributes<HTMLDivElement>>' is not assignable to type '(props: any) => ReactNode | Promise<ReactNode>'.
      Type 'ReactNode' is not assignable to type 'ReactNode | Promise<ReactNode>'.
        Type 'ReactElement<unknown, string | JSXElementConstructor<any>>' is not assignable to type 'ReactNode | Promise<ReactNode>'.
          Property 'children' is missing in type 'ReactElement<unknown, string | JSXElementConstructor<any>>' but required in type 'ReactPortal'.
components/waste-suggestions.tsx(198,16): error TS2786: 'Recycle' cannot be used as a JSX component.
  Its type 'ForwardRefExoticComponent<Omit<LucideProps, "ref"> & RefAttributes<SVGSVGElement>>' is not a valid JSX element type.
    Type 'ForwardRefExoticComponent<Omit<LucideProps, "ref"> & RefAttributes<SVGSVGElement>>' is not assignable to type '(props: any) => ReactNode | Promise<ReactNode>'.
      Type 'ReactNode' is not assignable to type 'ReactNode | Promise<ReactNode>'.
        Type 'ReactElement<unknown, string | JSXElementConstructor<any>>' is not assignable to type 'ReactNode | Promise<ReactNode>'.
          Property 'children' is missing in type 'ReactElement<unknown, string | JSXElementConstructor<any>>' but required in type 'ReactPortal'.
components/waste-suggestions.tsx(199,16): error TS2786: 'CardTitle' cannot be used as a JSX component.
  Its type 'ForwardRefExoticComponent<HTMLAttributes<HTMLDivElement> & RefAttributes<HTMLDivElement>>' is not a valid JSX element type.
    Type 'ForwardRefExoticComponent<HTMLAttributes<HTMLDivElement> & RefAttributes<HTMLDivElement>>' is not assignable to type '(props: any) => ReactNode | Promise<ReactNode>'.
      Type 'ReactNode' is not assignable to type 'ReactNode | Promise<ReactNode>'.
        Type 'ReactElement<unknown, string | JSXElementConstructor<any>>' is not assignable to type 'ReactNode | Promise<ReactNode>'.
          Property 'children' is missing in type 'ReactElement<unknown, string | JSXElementConstructor<any>>' but required in type 'ReactPortal'.
components/waste-suggestions.tsx(201,14): error TS2786: 'CardDescription' cannot be used as a JSX component.
  Its type 'ForwardRefExoticComponent<HTMLAttributes<HTMLDivElement> & RefAttributes<HTMLDivElement>>' is not a valid JSX element type.
    Type 'ForwardRefExoticComponent<HTMLAttributes<HTMLDivElement> & RefAttributes<HTMLDivElement>>' is not assignable to type '(props: any) => ReactNode | Promise<ReactNode>'.
      Type 'ReactNode' is not assignable to type 'ReactNode | Promise<ReactNode>'.
        Type 'ReactElement<unknown, string | JSXElementConstructor<any>>' is not assignable to type 'ReactNode | Promise<ReactNode>'.
          Property 'children' is missing in type 'ReactElement<unknown, string | JSXElementConstructor<any>>' but required in type 'ReactPortal'.
components/waste-suggestions.tsx(203,12): error TS2786: 'CardContent' cannot be used as a JSX component.
  Its type 'ForwardRefExoticComponent<HTMLAttributes<HTMLDivElement> & RefAttributes<HTMLDivElement>>' is not a valid JSX element type.
    Type 'ForwardRefExoticComponent<HTMLAttributes<HTMLDivElement> & RefAttributes<HTMLDivElement>>' is not assignable to type '(props: any) => ReactNode | Promise<ReactNode>'.
      Type 'ReactNode' is not assignable to type 'ReactNode | Promise<ReactNode>'.
        Type 'ReactElement<unknown, string | JSXElementConstructor<any>>' is not assignable to type 'ReactNode | Promise<ReactNode>'.
          Property 'children' is missing in type 'ReactElement<unknown, string | JSXElementConstructor<any>>' but required in type 'ReactPortal'.
components/waste-suggestions.tsx(207,20): error TS2786: 'Lightbulb' cannot be used as a JSX component.
  Its type 'ForwardRefExoticComponent<Omit<LucideProps, "ref"> & RefAttributes<SVGSVGElement>>' is not a valid JSX element type.
    Type 'ForwardRefExoticComponent<Omit<LucideProps, "ref"> & RefAttributes<SVGSVGElement>>' is not assignable to type '(props: any) => ReactNode | Promise<ReactNode>'.
      Type 'ReactNode' is not assignable to type 'ReactNode | Promise<ReactNode>'.
        Type 'ReactElement<unknown, string | JSXElementConstructor<any>>' is not assignable to type 'ReactNode | Promise<ReactNode>'.
          Property 'children' is missing in type 'ReactElement<unknown, string | JSXElementConstructor<any>>' but required in type 'ReactPortal'.
components/waste-suggestions.tsx(215,10): error TS2786: 'Card' cannot be used as a JSX component.
  Its type 'ForwardRefExoticComponent<HTMLAttributes<HTMLDivElement> & RefAttributes<HTMLDivElement>>' is not a valid JSX element type.
    Type 'ForwardRefExoticComponent<HTMLAttributes<HTMLDivElement> & RefAttributes<HTMLDivElement>>' is not assignable to type '(props: any) => ReactNode | Promise<ReactNode>'.
      Type 'ReactNode' is not assignable to type 'ReactNode | Promise<ReactNode>'.
        Type 'ReactElement<unknown, string | JSXElementConstructor<any>>' is not assignable to type 'ReactNode | Promise<ReactNode>'.
          Property 'children' is missing in type 'ReactElement<unknown, string | JSXElementConstructor<any>>' but required in type 'ReactPortal'.
components/waste-suggestions.tsx(216,12): error TS2786: 'CardHeader' cannot be used as a JSX component.
  Its type 'ForwardRefExoticComponent<HTMLAttributes<HTMLDivElement> & RefAttributes<HTMLDivElement>>' is not a valid JSX element type.
    Type 'ForwardRefExoticComponent<HTMLAttributes<HTMLDivElement> & RefAttributes<HTMLDivElement>>' is not assignable to type '(props: any) => ReactNode | Promise<ReactNode>'.
      Type 'ReactNode' is not assignable to type 'ReactNode | Promise<ReactNode>'.
        Type 'ReactElement<unknown, string | JSXElementConstructor<any>>' is not assignable to type 'ReactNode | Promise<ReactNode>'.
          Property 'children' is missing in type 'ReactElement<unknown, string | JSXElementConstructor<any>>' but required in type 'ReactPortal'.
components/waste-suggestions.tsx(218,16): error TS2786: 'Users' cannot be used as a JSX component.
  Its type 'ForwardRefExoticComponent<Omit<LucideProps, "ref"> & RefAttributes<SVGSVGElement>>' is not a valid JSX element type.
    Type 'ForwardRefExoticComponent<Omit<LucideProps, "ref"> & RefAttributes<SVGSVGElement>>' is not assignable to type '(props: any) => ReactNode | Promise<ReactNode>'.
      Type 'ReactNode' is not assignable to type 'ReactNode | Promise<ReactNode>'.
        Type 'ReactElement<unknown, string | JSXElementConstructor<any>>' is not assignable to type 'ReactNode | Promise<ReactNode>'.
          Property 'children' is missing in type 'ReactElement<unknown, string | JSXElementConstructor<any>>' but required in type 'ReactPortal'.
components/waste-suggestions.tsx(219,16): error TS2786: 'CardTitle' cannot be used as a JSX component.
  Its type 'ForwardRefExoticComponent<HTMLAttributes<HTMLDivElement> & RefAttributes<HTMLDivElement>>' is not a valid JSX element type.
    Type 'ForwardRefExoticComponent<HTMLAttributes<HTMLDivElement> & RefAttributes<HTMLDivElement>>' is not assignable to type '(props: any) => ReactNode | Promise<ReactNode>'.
      Type 'ReactNode' is not assignable to type 'ReactNode | Promise<ReactNode>'.
        Type 'ReactElement<unknown, string | JSXElementConstructor<any>>' is not assignable to type 'ReactNode | Promise<ReactNode>'.
          Property 'children' is missing in type 'ReactElement<unknown, string | JSXElementConstructor<any>>' but required in type 'ReactPortal'.
components/waste-suggestions.tsx(221,14): error TS2786: 'CardDescription' cannot be used as a JSX component.
  Its type 'ForwardRefExoticComponent<HTMLAttributes<HTMLDivElement> & RefAttributes<HTMLDivElement>>' is not a valid JSX element type.
    Type 'ForwardRefExoticComponent<HTMLAttributes<HTMLDivElement> & RefAttributes<HTMLDivElement>>' is not assignable to type '(props: any) => ReactNode | Promise<ReactNode>'.
      Type 'ReactNode' is not assignable to type 'ReactNode | Promise<ReactNode>'.
        Type 'ReactElement<unknown, string | JSXElementConstructor<any>>' is not assignable to type 'ReactNode | Promise<ReactNode>'.
          Property 'children' is missing in type 'ReactElement<unknown, string | JSXElementConstructor<any>>' but required in type 'ReactPortal'.
components/waste-suggestions.tsx(223,12): error TS2786: 'CardContent' cannot be used as a JSX component.
  Its type 'ForwardRefExoticComponent<HTMLAttributes<HTMLDivElement> & RefAttributes<HTMLDivElement>>' is not a valid JSX element type.
    Type 'ForwardRefExoticComponent<HTMLAttributes<HTMLDivElement> & RefAttributes<HTMLDivElement>>' is not assignable to type '(props: any) => ReactNode | Promise<ReactNode>'.
      Type 'ReactNode' is not assignable to type 'ReactNode | Promise<ReactNode>'.
        Type 'ReactElement<unknown, string | JSXElementConstructor<any>>' is not assignable to type 'ReactNode | Promise<ReactNode>'.
          Property 'children' is missing in type 'ReactElement<unknown, string | JSXElementConstructor<any>>' but required in type 'ReactPortal'.
components/waste-suggestions.tsx(227,20): error TS2786: 'Lightbulb' cannot be used as a JSX component.
  Its type 'ForwardRefExoticComponent<Omit<LucideProps, "ref"> & RefAttributes<SVGSVGElement>>' is not a valid JSX element type.
    Type 'ForwardRefExoticComponent<Omit<LucideProps, "ref"> & RefAttributes<SVGSVGElement>>' is not assignable to type '(props: any) => ReactNode | Promise<ReactNode>'.
      Type 'ReactNode' is not assignable to type 'ReactNode | Promise<ReactNode>'.
        Type 'ReactElement<unknown, string | JSXElementConstructor<any>>' is not assignable to type 'ReactNode | Promise<ReactNode>'.
          Property 'children' is missing in type 'ReactElement<unknown, string | JSXElementConstructor<any>>' but required in type 'ReactPortal'.
context/auth-context.tsx(77,6): error TS2786: 'AuthContext.Provider' cannot be used as a JSX component.
  Its type 'Provider<AuthContextType | undefined>' is not a valid JSX element type.
    Type 'ProviderExoticComponent<ProviderProps<AuthContextType | undefined>>' is not assignable to type '(props: any) => ReactNode | Promise<ReactNode>'.
      Type 'ReactNode' is not assignable to type 'ReactNode | Promise<ReactNode>'.
        Type 'ReactElement<unknown, string | JSXElementConstructor<any>>' is not assignable to type 'ReactNode | Promise<ReactNode>'.
          Property 'children' is missing in type 'ReactElement<unknown, string | JSXElementConstructor<any>>' but required in type 'ReactPortal'.
lib/db.ts(18,15): error TS7006: Parameter 'error' implicitly has an 'any' type.
